Component: ARM Compiler 5.06 update 7 (build 960) Tool: armlink [4d3601]

==============================================================================

Section Cross References

    main.o(i.check_rc) refers to nrf_log_frontend.o(i.nrf_log_frontend_std_1) for nrf_log_frontend_std_1
    main.o(i.check_rc) refers to nrf_log_frontend.o(i.nrf_log_frontend_dequeue) for nrf_log_frontend_dequeue
    main.o(i.check_rc) refers to nrf_log_frontend.o(log_const_data) for m_nrf_log_app_logs_data_const
    main.o(i.in_pin_handler) refers to main.o(.data) for interrupt
    main.o(i.main) refers to nrf_log_frontend.o(i.nrf_log_init) for nrf_log_init
    main.o(i.main) refers to app_error.o(i.app_error_handler_bare) for app_error_handler_bare
    main.o(i.main) refers to nrf_log_default_backends.o(i.nrf_log_default_backends_init) for nrf_log_default_backends_init
    main.o(i.main) refers to nrf_log_frontend.o(i.nrf_log_frontend_std_0) for nrf_log_frontend_std_0
    main.o(i.main) refers to nrf_log_frontend.o(i.nrf_log_frontend_dequeue) for nrf_log_frontend_dequeue
    main.o(i.main) refers to message.o(i.inv_msg_setup) for inv_msg_setup
    main.o(i.main) refers to message.o(i.inv_msg) for inv_msg
    main.o(i.main) refers to usr_gpio.o(i.gpio_init) for gpio_init
    main.o(i.main) refers to usr_tmr.o(i.timer_init) for timer_init
    main.o(i.main) refers to usr_twi.o(i.twi_init) for twi_init
    main.o(i.main) refers to deviceicm20948.o(i.inv_device_icm20948_init2) for inv_device_icm20948_init2
    main.o(i.main) refers to main.o(i.check_rc) for check_rc
    main.o(i.main) refers to nrf_log_frontend.o(i.nrf_log_frontend_std_1) for nrf_log_frontend_std_1
    main.o(i.main) refers to main.o(i.nrf_delay_ms) for nrf_delay_ms
    main.o(i.main) refers to main.o(i.inv_device_ping_sensor) for inv_device_ping_sensor
    main.o(i.main) refers to main.o(i.inv_device_start_sensor) for inv_device_start_sensor
    main.o(i.main) refers to nrf_log_frontend.o(log_const_data) for m_nrf_log_app_logs_data_const
    main.o(i.main) refers to imu.o(i.msg_printer) for msg_printer
    main.o(i.main) refers to main.o(.data) for dmp3_image
    main.o(i.main) refers to imu.o(.data) for sensor_listener
    main.o(i.main) refers to imu.o(.constdata) for my_serif_instance
    main.o(i.main) refers to main.o(.bss) for device_icm20948
    main.o(i.nrf_delay_ms) refers to main.o(.constdata) for delay_machine_code
    boards.o(i.bsp_board_button_idx_to_pin) refers to boards.o(.constdata) for m_board_btn_list
    boards.o(i.bsp_board_button_state_get) refers to boards.o(.constdata) for m_board_btn_list
    boards.o(i.bsp_board_buttons_init) refers to boards.o(i.nrf_gpio_cfg) for nrf_gpio_cfg
    boards.o(i.bsp_board_buttons_init) refers to boards.o(.constdata) for m_board_btn_list
    boards.o(i.bsp_board_init) refers to boards.o(i.bsp_board_leds_init) for bsp_board_leds_init
    boards.o(i.bsp_board_init) refers to boards.o(i.bsp_board_buttons_init) for bsp_board_buttons_init
    boards.o(i.bsp_board_led_idx_to_pin) refers to boards.o(.constdata) for m_board_led_list
    boards.o(i.bsp_board_led_invert) refers to boards.o(.constdata) for m_board_led_list
    boards.o(i.bsp_board_led_off) refers to boards.o(i.nrf_gpio_pin_write) for nrf_gpio_pin_write
    boards.o(i.bsp_board_led_off) refers to boards.o(.constdata) for m_board_led_list
    boards.o(i.bsp_board_led_on) refers to boards.o(i.nrf_gpio_pin_write) for nrf_gpio_pin_write
    boards.o(i.bsp_board_led_on) refers to boards.o(.constdata) for m_board_led_list
    boards.o(i.bsp_board_led_state_get) refers to boards.o(.constdata) for m_board_led_list
    boards.o(i.bsp_board_leds_init) refers to boards.o(i.nrf_gpio_cfg) for nrf_gpio_cfg
    boards.o(i.bsp_board_leds_init) refers to boards.o(i.bsp_board_leds_off) for bsp_board_leds_off
    boards.o(i.bsp_board_leds_init) refers to boards.o(.constdata) for m_board_led_list
    boards.o(i.bsp_board_leds_off) refers to boards.o(i.bsp_board_led_off) for bsp_board_led_off
    boards.o(i.bsp_board_leds_on) refers to boards.o(i.bsp_board_led_on) for bsp_board_led_on
    boards.o(i.bsp_board_pin_to_button_idx) refers to boards.o(.constdata) for m_board_btn_list
    boards.o(i.bsp_board_pin_to_led_idx) refers to boards.o(.constdata) for m_board_led_list
    nrf_drv_twi.o(i.nrf_drv_twi_init) refers to nrf_drv_twi.o(i.twi_clear_bus) for twi_clear_bus
    nrf_drv_twi.o(i.nrf_drv_twi_init) refers to nrfx_twim.o(i.nrfx_twim_init) for nrfx_twim_init
    nrf_drv_twi.o(i.nrf_drv_twi_init) refers to nrf_drv_twi.o(.data) for m_handlers
    nrf_drv_twi.o(i.nrf_drv_twi_init) refers to nrf_drv_twi.o(i.twim_evt_handler) for twim_evt_handler
    nrf_drv_twi.o(i.nrfx_coredep_delay_us) refers to nrf_drv_twi.o(.constdata) for delay_machine_code
    nrf_drv_twi.o(i.twi_clear_bus) refers to nrf_drv_twi.o(i.nrf_gpio_pin_set) for nrf_gpio_pin_set
    nrf_drv_twi.o(i.twi_clear_bus) refers to nrf_drv_twi.o(i.nrfx_coredep_delay_us) for nrfx_coredep_delay_us
[...]
    inv_icm20948_soft_reset                  0x00008109   Thumb Code    26  icm20948setup.o(i.inv_icm20948_soft_reset)
    inv_icm20948_suspend_akm                 0x00008129   Thumb Code    58  icm20948auxcompassakm.o(i.inv_icm20948_suspend_akm)
    inv_icm20948_transport_init              0x00008163   Thumb Code    14  icm20948transport.o(i.inv_icm20948_transport_init)
    inv_icm20948_wakeup_mems                 0x0000835d   Thumb Code   108  icm20948databasedriver.o(i.inv_icm20948_wakeup_mems)
    inv_icm20948_write_mems                  0x000083c9   Thumb Code   210  icm20948transport.o(i.inv_icm20948_write_mems)
    inv_icm20948_write_mems_reg              0x0000849b   Thumb Code   158  icm20948transport.o(i.inv_icm20948_write_mems_reg)
    inv_icm20948_write_reg                   0x00008539   Thumb Code    58  icm20948transport.o(i.inv_icm20948_write_reg)
    inv_icm20948_write_secondary             0x00008573   Thumb Code   124  icm20948auxtransport.o(i.inv_icm20948_write_secondary)
    inv_icm20948_write_single_mems_reg       0x000085ef   Thumb Code   116  icm20948transport.o(i.inv_icm20948_write_single_mems_reg)
    inv_icm20948_write_single_mems_reg_core  0x00008663   Thumb Code    42  icm20948transport.o(i.inv_icm20948_write_single_mems_reg_core)
    inv_msg                                  0x0000868d   Thumb Code    50  message.o(i.inv_msg)
    inv_msg_setup                            0x000086c9   Thumb Code    32  message.o(i.inv_msg_setup)
    inv_sensor_str                           0x00008a55   Thumb Code    32  sensor.o(i.inv_sensor_str)
    main                                     0x0000933d   Thumb Code   618  main.o(i.main)
    malloc                                   0x00009671   Thumb Code    92  malloc.o(i.malloc)
    msg_printer                              0x000097e1   Thumb Code    28  imu.o(i.msg_printer)
    my_serif_open_read_reg                   0x00009805   Thumb Code    44  imu.o(i.my_serif_open_read_reg)
    my_serif_open_write_reg                  0x00009835   Thumb Code    46  imu.o(i.my_serif_open_write_reg)
    nrf_atomic_flag_clear_fetch              0x00009bd1   Thumb Code    14  nrf_atomic.o(i.nrf_atomic_flag_clear_fetch)
    nrf_atomic_flag_set                      0x00009bdf   Thumb Code    14  nrf_atomic.o(i.nrf_atomic_flag_set)
    nrf_atomic_u32_add                       0x00009bed   Thumb Code    22  nrf_atomic.o(i.nrf_atomic_u32_add)
    nrf_atomic_u32_fetch_and                 0x00009c03   Thumb Code    22  nrf_atomic.o(i.nrf_atomic_u32_fetch_and)
    nrf_atomic_u32_fetch_store               0x00009c19   Thumb Code    22  nrf_atomic.o(i.nrf_atomic_u32_fetch_store)
    nrf_atomic_u32_or                        0x00009c2f   Thumb Code    22  nrf_atomic.o(i.nrf_atomic_u32_or)
    nrf_atomic_u32_sub                       0x00009c45   Thumb Code    22  nrf_atomic.o(i.nrf_atomic_u32_sub)
    nrf_balloc_alloc                         0x00009c5b   Thumb Code    76  nrf_balloc.o(i.nrf_balloc_alloc)
    nrf_balloc_free                          0x00009cb7   Thumb Code    42  nrf_balloc.o(i.nrf_balloc_free)
    nrf_balloc_init                          0x00009ced   Thumb Code    60  nrf_balloc.o(i.nrf_balloc_init)
    nrf_drv_twi_init                         0x00009d71   Thumb Code    68  nrf_drv_twi.o(i.nrf_drv_twi_init)
    nrf_drv_uart_init                        0x00009ded   Thumb Code   118  nrf_drv_uart.o(i.nrf_drv_uart_init)
    nrf_fprintf                              0x00009e79   Thumb Code    42  nrf_fprintf.o(i.nrf_fprintf)
    nrf_fprintf_buffer_flush                 0x00009ea3   Thumb Code    28  nrf_fprintf.o(i.nrf_fprintf_buffer_flush)
    nrf_fprintf_fmt                          0x00009ebf   Thumb Code   496  nrf_fprintf_format.o(i.nrf_fprintf_fmt)
    nrf_log_backend_add                      0x0000a329   Thumb Code    78  nrf_log_frontend.o(i.nrf_log_backend_add)
    nrf_log_backend_rtt_init                 0x0000a387   Thumb Code     8  nrf_log_backend_rtt.o(i.nrf_log_backend_rtt_init)
    nrf_log_backend_serial_put               0x0000a3b1   Thumb Code   242  nrf_log_backend_serial.o(i.nrf_log_backend_serial_put)
    nrf_log_backend_uart_init                0x0000a4a5   Thumb Code    12  nrf_log_backend_uart.o(i.nrf_log_backend_uart_init)
    nrf_log_color_id_get                     0x0000a509   Thumb Code    52  nrf_log_frontend.o(i.nrf_log_color_id_get)
    nrf_log_default_backends_init            0x0000a541   Thumb Code    48  nrf_log_default_backends.o(i.nrf_log_default_backends_init)
    nrf_log_frontend_dequeue                 0x0000a579   Thumb Code   748  nrf_log_frontend.o(i.nrf_log_frontend_dequeue)
    nrf_log_frontend_std_0                   0x0000a88d   Thumb Code    20  nrf_log_frontend.o(i.nrf_log_frontend_std_0)
    nrf_log_frontend_std_1                   0x0000a8a1   Thumb Code    24  nrf_log_frontend.o(i.nrf_log_frontend_std_1)
    nrf_log_frontend_std_2                   0x0000a8b9   Thumb Code    32  nrf_log_frontend.o(i.nrf_log_frontend_std_2)
    nrf_log_frontend_std_3                   0x0000a8d9   Thumb Code    40  nrf_log_frontend.o(i.nrf_log_frontend_std_3)
    nrf_log_frontend_std_5                   0x0000a901   Thumb Code    56  nrf_log_frontend.o(i.nrf_log_frontend_std_5)
    nrf_log_frontend_std_6                   0x0000a939   Thumb Code    60  nrf_log_frontend.o(i.nrf_log_frontend_std_6)
    nrf_log_hexdump_entry_process            0x0000a975   Thumb Code   164  nrf_log_str_formatter.o(i.nrf_log_hexdump_entry_process)
    nrf_log_init                             0x0000aa31   Thumb Code    50  nrf_log_frontend.o(i.nrf_log_init)
    nrf_log_module_cnt_get                   0x0000aa79   Thumb Code    10  nrf_log_frontend.o(i.nrf_log_module_cnt_get)
    nrf_log_module_name_get                  0x0000aa8d   Thumb Code    30  nrf_log_frontend.o(i.nrf_log_module_name_get)
    nrf_log_panic                            0x0000aab1   Thumb Code    48  nrf_log_frontend.o(i.nrf_log_panic)
    nrf_log_std_entry_process                0x0000aae5   Thumb Code   200  nrf_log_str_formatter.o(i.nrf_log_std_entry_process)
    nrf_memobj_alloc                         0x0000abad   Thumb Code   122  nrf_memobj.o(i.nrf_memobj_alloc)
    nrf_memobj_free                          0x0000ac27   Thumb Code    64  nrf_memobj.o(i.nrf_memobj_free)
    nrf_memobj_get                           0x0000ac67   Thumb Code    16  nrf_memobj.o(i.nrf_memobj_get)
    nrf_memobj_pool_init                     0x0000ac77   Thumb Code    12  nrf_memobj.o(i.nrf_memobj_pool_init)
    nrf_memobj_put                           0x0000ac83   Thumb Code    30  nrf_memobj.o(i.nrf_memobj_put)
    nrf_memobj_read                          0x0000aca1   Thumb Code    34  nrf_memobj.o(i.nrf_memobj_read)
    nrf_memobj_write                         0x0000acc3   Thumb Code    34  nrf_memobj.o(i.nrf_memobj_write)
    nrf_ringbuf_init                         0x0000ace5   Thumb Code    28  nrf_ringbuf.o(i.nrf_ringbuf_init)
    nrfx_gpiote_in_event_enable              0x0000aeb5   Thumb Code   168  nrfx_gpiote.o(i.nrfx_gpiote_in_event_enable)
    nrfx_gpiote_in_init                      0x0000af61   Thumb Code   232  nrfx_gpiote.o(i.nrfx_gpiote_in_init)
    nrfx_gpiote_init                         0x0000b055   Thumb Code   198  nrfx_gpiote.o(i.nrfx_gpiote_init)
    nrfx_prs_acquire                         0x0000b155   Thumb Code    72  nrfx_prs.o(i.nrfx_prs_acquire)
    nrfx_prs_release                         0x0000b19d   Thumb Code    22  nrfx_prs.o(i.nrfx_prs_release)
    nrfx_timer_capture                       0x0000b1b3   Thumb Code    40  nrfx_timer.o(i.nrfx_timer_capture)
    nrfx_timer_clear                         0x0000b1db   Thumb Code    14  nrfx_timer.o(i.nrfx_timer_clear)
    nrfx_timer_enable                        0x0000b1e9   Thumb Code    30  nrfx_timer.o(i.nrfx_timer_enable)
    nrfx_timer_init                          0x0000b20d   Thumb Code   238  nrfx_timer.o(i.nrfx_timer_init)
    nrfx_twim_enable                         0x0000b309   Thumb Code    34  nrfx_twim.o(i.nrfx_twim_enable)
    nrfx_twim_init                           0x0000b331   Thumb Code   280  nrfx_twim.o(i.nrfx_twim_init)
    nrfx_twim_rx                             0x0000b459   Thumb Code    44  nrfx_twim.o(i.nrfx_twim_rx)
    nrfx_twim_tx                             0x0000b489   Thumb Code    62  nrfx_twim.o(i.nrfx_twim_tx)
    nrfx_twim_xfer                           0x0000b4c9   Thumb Code    48  nrfx_twim.o(i.nrfx_twim_xfer)
    nrfx_uart_0_irq_handler                  0x0000b4fd   Thumb Code    12  nrfx_uart.o(i.nrfx_uart_0_irq_handler)
    nrfx_uart_init                           0x0000b511   Thumb Code   128  nrfx_uart.o(i.nrfx_uart_init)
    nrfx_uart_tx                             0x0000b599   Thumb Code   134  nrfx_uart.o(i.nrfx_uart_tx)
    nrfx_uart_tx_in_progress                 0x0000b625   Thumb Code    30  nrfx_uart.o(i.nrfx_uart_tx_in_progress)
    nrfx_uart_uninit                         0x0000b649   Thumb Code    62  nrfx_uart.o(i.nrfx_uart_uninit)
    nrfx_uarte_0_irq_handler                 0x0000b68d   Thumb Code    12  nrfx_uarte.o(i.nrfx_uarte_0_irq_handler)
    nrfx_uarte_init                          0x0000b6a1   Thumb Code   120  nrfx_uarte.o(i.nrfx_uarte_init)
    nrfx_uarte_tx                            0x0000b721   Thumb Code   188  nrfx_uarte.o(i.nrfx_uarte_tx)
    nrfx_uarte_tx_in_progress                0x0000b7e1   Thumb Code    26  nrfx_uarte.o(i.nrfx_uarte_tx_in_progress)
    nrfx_uarte_uninit                        0x0000b801   Thumb Code   142  nrfx_uarte.o(i.nrfx_uarte_uninit)
    timer_event_handler                      0x0000c545   Thumb Code    66  usr_tmr.o(i.timer_event_handler)
    timer_init                               0x0000c5c5   Thumb Code    48  usr_tmr.o(i.timer_init)
    twi_handler                              0x0000c69d   Thumb Code    78  usr_twi.o(i.twi_handler)
    twi_init                                 0x0000c715   Thumb Code    54  usr_twi.o(i.twi_init)
    nrf_log_backend_rtt_api                  0x0000d340   Data          12  nrf_log_backend_rtt.o(.constdata)
    nrf_log_backend_uart_api                 0x0000d358   Data          12  nrf_log_backend_uart.o(.constdata)
    my_serif_instance                        0x0000d390   Data          24  imu.o(.constdata)
    m_twi                                    0x0000d748   Data          16  usr_twi.o(.constdata)
    TIMER_MICROS                             0x0000d768   Data           8  usr_tmr.o(.constdata)
    __ctype_table                            0x0000d77b   Data         129  ctype_o.o(.constdata)
    Region$$Table$$Base                      0x0000e3d4   Number         0  anon$$obj.o(Region$$Table)
    Region$$Table$$Limit                     0x0000e3f4   Number         0  anon$$obj.o(Region$$Table)
    log_const_data$$Base                     0x0000e414   Number         0  nrfx_prs.o(log_const_data)
    m_nrf_log_PRS_logs_data_const            0x0000e414   Data           8  nrfx_prs.o(log_const_data)
    m_nrf_log_TWIM_logs_data_const           0x0000e41c   Data           8  nrfx_twim.o(log_const_data)
    m_nrf_log_UART_logs_data_const           0x0000e424   Data           8  nrfx_uart.o(log_const_data)
    m_nrf_log_UARTE_logs_data_const          0x0000e42c   Data           8  nrfx_uarte.o(log_const_data)
    m_nrf_log_GPIOTE_logs_data_const         0x0000e434   Data           8  nrfx_gpiote.o(log_const_data)
    m_nrf_log_TIMER_logs_data_const          0x0000e43c   Data           8  nrfx_timer.o(log_const_data)
    m_nrf_log_app_logs_data_const            0x0000e444   Data           8  nrf_log_frontend.o(log_const_data)
    log_const_data$$Limit                    0x0000e44c   Number         0  nrf_log_frontend.o(log_const_data)
    log_mempool                              0x0000e44c   Data          20  nrf_log_frontend.o(nrf_balloc)
    nrf_drv_uart_use_easy_dma                0x200037ec   Data           1  nrf_drv_uart.o(.data)
    m_uart                                   0x20003800   Data          20  nrf_log_backend_uart.o(.data)
    sensor_listener                          0x2000387c   Data           8  imu.o(.data)
    icm20948_instance                        0x20003ab4   Data           4  icm20948transport.o(.data)
    SystemCoreClock                          0x20003abc   Data           4  system_nrf52.o(.data)
    __microlib_freelist                      0x20003ac0   Data           4  mvars.o(.data)
    __microlib_freelist_initialised          0x20003ac4   Data           4  mvars.o(.data)
    _SEGGER_RTT                              0x200046d4   Data         120  segger_rtt.o(.bss)
    fd                                       0x2000495c   Data         164  icm20948mpufifocontrol.o(.bss)
    __heap_base                              0x20004e00   Data           0  arm_startup_nrf52.o(HEAP)
    __heap_limit                             0x20006e00   Data           0  arm_startup_nrf52.o(HEAP)
    __initial_sp                             0x20008e00   Data           0  arm_startup_nrf52.o(STACK)



==============================================================================

Memory Map of the image

  Image Entry point : 0x00000201

  Load Region LR_IROM1 (Base: 0x00000000, Size: 0x00011f2c, Max: 0x00080000, ABSOLUTE, COMPRESSED[0x00010e5c])

    Execution Region ER_IROM1 (Exec base: 0x00000000, Load base: 0x00000000, Size: 0x0000e460, Max: 0x00080000, ABSOLUTE)

    Exec Addr    Load Addr    Size         Type   Attr      Idx    E Section Name        Object

    0x00000000   0x00000000   0x00000200   Data   RO         6558    RESET               arm_startup_nrf52.o
    0x00000200   0x00000200   0x00000000   Code   RO         8485  * .ARM.Collect$$$$00000000  mc_w.l(entry.o)
    0x00000200   0x00000200   0x00000004   Code   RO         8858    .ARM.Collect$$$$00000001  mc_w.l(entry2.o)
    0x00000204   0x00000204   0x00000004   Code   RO         8861    .ARM.Collect$$$$00000004  mc_w.l(entry5.o)
    0x00000208   0x00000208   0x00000000   Code   RO         8863    .ARM.Collect$$$$00000008  mc_w.l(entry7b.o)
    0x00000208   0x00000208   0x00000000   Code   RO         8865    .ARM.Collect$$$$0000000A  mc_w.l(entry8b.o)
    0x00000208   0x00000208   0x00000008   Code   RO         8866    .ARM.Collect$$$$0000000B  mc_w.l(entry9a.o)
    0x00000210   0x00000210   0x00000004   Code   RO         8873    .ARM.Collect$$$$0000000E  mc_w.l(entry12b.o)
    0x00000214   0x00000214   0x00000000   Code   RO         8868    .ARM.Collect$$$$0000000F  mc_w.l(entry10a.o)
    0x00000214   0x00000214   0x00000000   Code   RO         8870    .ARM.Collect$$$$00000011  mc_w.l(entry11a.o)
    0x00000214   0x00000214   0x00000004   Code   RO         8859    .ARM.Collect$$$$00002712  mc_w.l(entry2.o)
    0x00000218   0x00000218   0x000000e2   Code   RO         2270    .emb_text           nrf_atomic.o
    0x000002fa   0x000002fa   0x00000002   PAD
    0x000002fc   0x000002fc   0x00000024   Code   RO         6559    .text               arm_startup_nrf52.o
    0x00000320   0x00000320   0x00000062   Code   RO         8496    .text               mc_w.l(uldiv.o)
    0x00000382   0x00000382   0x0000001e   Code   RO         8498    .text               mc_w.l(llshl.o)
    0x000003a0   0x000003a0   0x00000024   Code   RO         8500    .text               mc_w.l(llsshr.o)
    0x000003c4   0x000003c4   0x00000008   Code   RO         8502    .text               mc_w.l(ctype_o.o)
    0x000003cc   0x000003cc   0x00000040   Code   RO         8532    .text               mc_w.l(memmovea.o)
    0x0000040c   0x0000040c   0x00000024   Code   RO         8536    .text               mc_w.l(memseta.o)
    0x00000430   0x00000430   0x0000000e   Code   RO         8538    .text               mc_w.l(strlen.o)
    0x0000043e   0x0000043e   0x0000001a   Code   RO         8542    .text               mc_w.l(memcmp.o)
    0x00000458   0x00000458   0x00000012   Code   RO         8544    .text               mc_w.l(strcpy.o)
    0x0000046a   0x0000046a   0x00000020   Code   RO         8877    .text               mc_w.l(llushr.o)
    0x0000048a   0x0000048a   0x00000000   Code   RO         8888    .text               mc_w.l(iusefp.o)
    0x0000048a   0x0000048a   0x00000002   PAD
    0x0000048c   0x0000048c   0x00000024   Code   RO         8900    .text               mc_w.l(init.o)
    0x000004b0   0x000004b0   0x00000056   Code   RO         8912    .text               mc_w.l(__dczerorl2.o)
    0x00000506   0x00000506   0x00000050   Code   RO         5036    i.DividerRateSet    icm20948databasecontrol.o
    0x00000556   0x00000556   0x00000018   Code   RO         6150    i.DmpDriver_convertion  icm20948setup.o
    0x0000056e   0x0000056e   0x00000002   PAD
    0x00000570   0x00000570   0x000000bc   Code   RO         1537    i.GPIOTE_IRQHandler  nrfx_gpiote.o
    0x0000062c   0x0000062c   0x00000038   Code   RO         5037    i.MinDelayGenActual  icm20948databasecontrol.o
    0x00000664   0x00000664   0x00000008   Code   RO         3207    i.SEGGER_RTT_Init   segger_rtt.o
    0x0000066c   0x0000066c   0x00000084   Code   RO         3221    i.SEGGER_RTT_WriteNoLock  segger_rtt.o
    0x000006f0   0x000006f0   0x00000014   Code   RO          848    i.SPIM0_SPIS0_TWIM0_TWIS0_SPI0_TWI0_IRQHandler  nrfx_twim.o
    0x00000704   0x00000704   0x00000020   Code   RO         5038    i.SampleRateDividerGet  icm20948databasecontrol.o
    0x00000724   0x00000724   0x00000010   Code   RO         6566    i.SystemCoreClockUpdate  system_nrf52.o
    0x00000734   0x00000734   0x00000298   Code   RO         6567    i.SystemInit        system_nrf52.o
    0x000009cc   0x000009cc   0x00000018   Code   RO         1907    i.TIMER0_IRQHandler  nrfx_timer.o
    0x000009e4   0x000009e4   0x00000010   Code   RO          767    i.UARTE0_UART0_IRQHandler  nrfx_prs.o
    0x000009f4   0x000009f4   0x00000070   Code   RO         3225    i._DoInit           segger_rtt.o
    0x00000a64   0x00000a64   0x0000001c   Code   RO         3226    i._GetAvailWriteSpace  segger_rtt.o
    0x00000a80   0x00000a80   0x00000024   Code   RO          849    i._NRFX_IRQ_PENDING_CLEAR  nrfx_twim.o
    0x00000aa4   0x00000aa4   0x00000072   Code   RO         3228    i._WriteBlocking    segger_rtt.o
    0x00000b16   0x00000b16   0x0000004c   Code   RO         3229    i._WriteNoCheck     segger_rtt.o
    0x00000b62   0x00000b62   0x00000026   Code   RO         8839    i.__ARM_fpclassifyf  m_wm.l(fpclassifyf.o)
    0x00000b88   0x00000b88   0x00000150   Code   RO         8449    i.__hardfp_cosf     m_wm.l(cosf.o)
    0x00000cd8   0x00000cd8   0x00000190   Code   RO         8461    i.__hardfp_sinf     m_wm.l(sinf.o)
    0x00000e68   0x00000e68   0x0000003a   Code   RO         8473    i.__hardfp_sqrtf    m_wm.l(sqrtf.o)
    0x00000ea2   0x00000ea2   0x00000006   Code   RO         8842    i.__mathlib_flt_infnan  m_wm.l(funder.o)
    0x00000ea8   0x00000ea8   0x00000010   Code   RO         8844    i.__mathlib_flt_invalid  m_wm.l(funder.o)
    0x00000eb8   0x00000eb8   0x00000010   Code   RO         8847    i.__mathlib_flt_underflow  m_wm.l(funder.o)
    0x00000ec8   0x00000ec8   0x00000154   Code   RO         8855    i.__mathlib_rredf2  m_wm.l(rredf.o)
    0x0000101c   0x0000101c   0x0000000e   Code   RO         8906    i.__scatterload_copy  mc_w.l(handlers.o)
    0x0000102a   0x0000102a   0x00000002   Code   RO         8907    i.__scatterload_null  mc_w.l(handlers.o)
    0x0000102c   0x0000102c   0x0000000e   Code   RO         8908    i.__scatterload_zeroinit  mc_w.l(handlers.o)
    0x0000103a   0x0000103a   0x00000002   PAD
    0x0000103c   0x0000103c   0x0000000c   Code   RO         8883    i.__set_errno       mc_w.l(errno.o)
    0x00001048   0x00001048   0x00000008   Code   RO         5246    i.activate_compass  icm20948databasedriver.o
    0x00001050   0x00001050   0x00000114   Code   RO         3552    i.activityName      imu.o
    0x00001164   0x00001164   0x000000c0   Code   RO         2152    i.app_error_fault_handler  app_error_weak.o
    0x00001224   0x00001224   0x0000001c   Code   RO         2076    i.app_error_handler_bare  app_error.o
    0x00001240   0x00001240   0x0000000a   Code   RO         2180    i.app_util_critical_region_enter  app_util_platform.o
    0x0000124a   0x0000124a   0x0000000a   Code   RO         2181    i.app_util_critical_region_exit  app_util_platform.o
    0x00001254   0x00001254   0x00000014   Code   RO         2182    i.app_util_disable_irq  app_util_platform.o
    0x00001268   0x00001268   0x00000018   Code   RO         2183    i.app_util_enable_irq  app_util_platform.o
    0x00001280   0x00001280   0x0000007c   Code   RO         1069    i.apply_config      nrfx_uart.o
    0x000012fc   0x000012fc   0x0000007c   Code   RO         1318    i.apply_config      nrfx_uarte.o
    0x00001378   0x00001378   0x0000003c   Code   RO         2939    i.backend_id_assign  nrf_log_frontend.o
    0x000013b4   0x000013b4   0x000000e4   Code   RO         2940    i.buf_prealloc      nrf_log_frontend.o
    0x00001498   0x00001498   0x0000002c   Code   RO         2495    i.buffer_add        nrf_fprintf_format.o
    0x000014c4   0x000014c4   0x00000018   Code   RO         2941    i.buffer_is_empty   nrf_log_frontend.o
    0x000014dc   0x000014dc   0x00000070   Code   RO         4556    i.build_sensor_event  deviceicm20948.o
    0x0000154c   0x0000154c   0x00000134   Code   RO         4557    i.build_sensor_event_data  deviceicm20948.o
    0x00001680   0x00001680   0x00000020   Code   RO         1538    i.channel_free      nrfx_gpiote.o
    0x000016a0   0x000016a0   0x00000010   Code   RO         1539    i.channel_handler_get  nrfx_gpiote.o
    0x000016b0   0x000016b0   0x00000080   Code   RO         1540    i.channel_port_alloc  nrfx_gpiote.o
    0x00001730   0x00001730   0x0000000c   Code   RO         1541    i.channel_port_get  nrfx_gpiote.o
    0x0000173c   0x0000173c   0x0000007e   Code   RO         5911    i.check_fifo_decoded_headers  icm20948mpufifocontrol.o
    0x000017ba   0x000017ba   0x00000002   PAD
    0x000017bc   0x000017bc   0x00000048   Code   RO            4    i.check_rc          main.o
    0x00001804   0x00001804   0x00000072   Code   RO         6311    i.check_reg_access_lp_disable  icm20948transport.o
    0x00001876   0x00001876   0x00000050   Code   RO         4558    i.data_handler      deviceicm20948.o
    0x000018c6   0x000018c6   0x00000008   Code   RO         5247    i.desactivate_compass  icm20948databasedriver.o
    0x000018ce   0x000018ce   0x00000068   Code   RO         5912    i.dmp_get_fifo_all  icm20948mpufifocontrol.o
    0x00001936   0x00001936   0x00000044   Code   RO         5913    i.dmp_get_fifo_length  icm20948mpufifocontrol.o
    0x0000197a   0x0000197a   0x0000005c   Code   RO         5667    i.dmp_icm20948_get_bias_acc  icm20948dmp3driver.o
    0x000019d6   0x000019d6   0x0000005c   Code   RO         5668    i.dmp_icm20948_get_bias_cmp  icm20948dmp3driver.o
    0x00001a32   0x00001a32   0x0000005c   Code   RO         5669    i.dmp_icm20948_get_bias_gyr  icm20948dmp3driver.o
    0x00001a8e   0x00001a8e   0x00000042   Code   RO         5671    i.dmp_icm20948_get_pedometer_num_of_steps  icm20948dmp3driver.o
    0x00001ad0   0x00001ad0   0x00000058   Code   RO         5673    i.dmp_icm20948_reset_control_registers  icm20948dmp3driver.o
    0x00001b28   0x00001b28   0x000000fe   Code   RO         5674    i.dmp_icm20948_set_B2S_matrix  icm20948dmp3driver.o
    0x00001c26   0x00001c26   0x0000002e   Code   RO         5675    i.dmp_icm20948_set_FIFO_watermark  icm20948dmp3driver.o
    0x00001c54   0x00001c54   0x00000064   Code   RO         5676    i.dmp_icm20948_set_accel_cal_params  icm20948dmp3driver.o
    0x00001cb8   0x00001cb8   0x0000002e   Code   RO         5677    i.dmp_icm20948_set_accel_feedback_gain  icm20948dmp3driver.o
    0x00001ce6   0x00001ce6   0x0000006e   Code   RO         5678    i.dmp_icm20948_set_accel_fsr  icm20948dmp3driver.o
    0x00001d54   0x00001d54   0x0000006e   Code   RO         5679    i.dmp_icm20948_set_accel_scale2  icm20948dmp3driver.o
    0x00001dc2   0x00001dc2   0x0000006c   Code   RO         5680    i.dmp_icm20948_set_b2s_rate  icm20948dmp3driver.o
    0x00001e2e   0x00001e2e   0x0000006c   Code   RO         5681    i.dmp_icm20948_set_bac_rate  icm20948dmp3driver.o
    0x00001e9a   0x00001e9a   0x00000060   Code   RO         5682    i.dmp_icm20948_set_batchmode_params  icm20948dmp3driver.o
    0x00001efa   0x00001efa   0x00000062   Code   RO         5683    i.dmp_icm20948_set_bias_acc  icm20948dmp3driver.o
    0x00001f5c   0x00001f5c   0x00000062   Code   RO         5684    i.dmp_icm20948_set_bias_cmp  icm20948dmp3driver.o
    0x00001fbe   0x00001fbe   0x00000062   Code   RO         5685    i.dmp_icm20948_set_bias_gyr  icm20948dmp3driver.o
    0x00002020   0x00002020   0x000000fe   Code   RO         5687    i.dmp_icm20948_set_compass_matrix  icm20948dmp3driver.o
    0x0000211e   0x0000211e   0x0000002c   Code   RO         5688    i.dmp_icm20948_set_data_interrupt_control  icm20948dmp3driver.o
    0x0000214a   0x0000214a   0x00000024   Code   RO         5689    i.dmp_icm20948_set_data_output_control1  icm20948dmp3driver.o
    0x0000216e   0x0000216e   0x00000002   PAD
    0x00002170   0x00002170   0x00000024   Code   RO         5690    i.dmp_icm20948_set_data_output_control2  icm20948dmp3driver.o
    0x00002194   0x00002194   0x0000002c   Code   RO         5691    i.dmp_icm20948_set_data_rdy_status  icm20948dmp3driver.o
    0x000021c0   0x000021c0   0x00000024   Code   RO         5694    i.dmp_icm20948_set_gyro_sf  icm20948dmp3driver.o
    0x000021e4   0x000021e4   0x00000024   Code   RO         5695    i.dmp_icm20948_set_motion_event_control  icm20948dmp3driver.o
    0x00002208   0x00002208   0x00000028   Code   RO         5696    i.dmp_icm20948_set_ped_y_ratio  icm20948dmp3driver.o
    0x00002230   0x00002230   0x00000092   Code   RO         5698    i.dmp_icm20948_set_sensor_rate  icm20948dmp3driver.o
    0x000022c2   0x000022c2   0x0000004e   Code   RO         5914    i.dmp_read_fifo     icm20948mpufifocontrol.o
    0x00002310   0x00002310   0x00000082   Code   RO         5915    i.dmp_reset_fifo    icm20948mpufifocontrol.o
    0x00002392   0x00002392   0x00000002   PAD
    0x00002394   0x00002394   0x00000018   Code   RO         2942    i.dropped_sat16_get  nrf_log_frontend.o
    0x000023ac   0x000023ac   0x00000078   Code   RO         5916    i.extract_sample_cnt  icm20948mpufifocontrol.o
    0x00002424   0x00002424   0x00000050   Code   RO         8811    i.free              mc_w.l(malloc.o)
    0x00002474   0x00002474   0x00000108   Code   RO         5039    i.getMinDlyAccel    icm20948databasecontrol.o
    0x0000257c   0x0000257c   0x00000068   Code   RO         5040    i.getMinDlyCompass  icm20948databasecontrol.o
    0x000025e4   0x000025e4   0x00000098   Code   RO         5041    i.getMinDlyGyro     icm20948databasecontrol.o
    0x0000267c   0x0000267c   0x0000003c   Code   RO         5042    i.get_multiple_56_rate  icm20948databasecontrol.o
    0x000026b8   0x000026b8   0x00000146   Code   RO         5917    i.get_packet_size_and_samplecnt  icm20948mpufifocontrol.o
    0x000027fe   0x000027fe   0x00000002   PAD
    0x00002800   0x00002800   0x00000058   Code   RO         6522    i.gpio_init         usr_gpio.o
    0x00002858   0x00002858   0x0000001e   Code   RO         4559    i.host_serif_read_reg_legacy  deviceicm20948.o
    0x00002876   0x00002876   0x0000001e   Code   RO         4560    i.host_serif_write_reg_legacy  deviceicm20948.o
    0x00002894   0x00002894   0x00000064   Code   RO         6408    i.i2c_read_bytes    usr_twi.o
    0x000028f8   0x000028f8   0x0000007c   Code   RO         6409    i.i2c_write_byte    usr_twi.o
    0x00002974   0x00002974   0x00000048   Code   RO         6410    i.i2c_write_forread_byte  usr_twi.o
    0x000029bc   0x000029bc   0x00000072   Code   RO         4561    i.idd_driver_2_sensortype  deviceicm20948.o
    0x00002a2e   0x00002a2e   0x00000080   Code   RO         4562    i.idd_sensortype_2_driver  deviceicm20948.o
    0x00002aae   0x00002aae   0x00000002   PAD
    0x00002ab0   0x00002ab0   0x0000000c   Code   RO            5    i.in_pin_handler    main.o
    0x00002abc   0x00002abc   0x000000be   Code   RO         2496    i.int_print         nrf_fprintf_format.o
    0x00002b7a   0x00002b7a   0x00000002   PAD
    0x00002b7c   0x00002b7c   0x00000058   Code   RO         1070    i.interrupts_disable  nrfx_uart.o
    0x00002bd4   0x00002bd4   0x00000058   Code   RO         1319    i.interrupts_disable  nrfx_uarte.o
    0x00002c2c   0x00002c2c   0x00000094   Code   RO         1071    i.interrupts_enable  nrfx_uart.o
    0x00002cc0   0x00002cc0   0x000000b4   Code   RO         1320    i.interrupts_enable  nrfx_uarte.o
    0x00002d74   0x00002d74   0x00000090   Code   RO         6106    i.inv_check_accelgyro_self_test  icm20948selftest.o
    0x00002e04   0x00002e04   0x000000be   Code   RO         5043    i.inv_convert_androidSensor_to_control  icm20948databasecontrol.o
    0x00002ec2   0x00002ec2   0x00000026   Code   RO         5918    i.inv_decode_3_16bit_elements  icm20948mpufifocontrol.o
    0x00002ee8   0x00002ee8   0x00000044   Code   RO         5919    i.inv_decode_3_32bit_elements  icm20948mpufifocontrol.o
    0x00002f2c   0x00002f2c   0x00000030   Code   RO         4563    i.inv_device_icm20948_cleanup  deviceicm20948.o
    0x00002f5c   0x00002f5c   0x00000024   Code   RO         4564    i.inv_device_icm20948_enable_sensor  deviceicm20948.o
    0x00002f80   0x00002f80   0x00000066   Code   RO         4565    i.inv_device_icm20948_get_sensor_config  deviceicm20948.o
    0x00002fe6   0x00002fe6   0x00000002   PAD
    0x00002fe8   0x00002fe8   0x0000009c   Code   RO         4567    i.inv_device_icm20948_init2  deviceicm20948.o
    0x00003084   0x00003084   0x00000016   Code   RO         4568    i.inv_device_icm20948_init_aux_compass  deviceicm20948.o
    0x0000309a   0x0000309a   0x00000022   Code   RO         4569    i.inv_device_icm20948_load  deviceicm20948.o
    0x000030bc   0x000030bc   0x00000070   Code   RO         4570    i.inv_device_icm20948_ping_sensor  deviceicm20948.o
    0x0000312c   0x0000312c   0x00000018   Code   RO         4571    i.inv_device_icm20948_poll  deviceicm20948.o
    0x00003144   0x00003144   0x00000022   Code   RO         4572    i.inv_device_icm20948_read_mems_register  deviceicm20948.o
    0x00003166   0x00003166   0x00000002   PAD
    0x00003168   0x00003168   0x00000064   Code   RO         4573    i.inv_device_icm20948_reset  deviceicm20948.o
    0x000031cc   0x000031cc   0x00000094   Code   RO         4574    i.inv_device_icm20948_self_test  deviceicm20948.o
    0x00003260   0x00003260   0x0000009a   Code   RO         4575    i.inv_device_icm20948_set_sensor_config  deviceicm20948.o
    0x000032fa   0x000032fa   0x00000024   Code   RO         4576    i.inv_device_icm20948_set_sensor_mounting_matrix  deviceicm20948.o
    0x0000331e   0x0000331e   0x0000002c   Code   RO         4577    i.inv_device_icm20948_set_sensor_period_us  deviceicm20948.o
    0x0000334a   0x0000334a   0x0000001a   Code   RO         4578    i.inv_device_icm20948_set_sensor_timeout  deviceicm20948.o
    0x00003364   0x00003364   0x000001a4   Code   RO         4579    i.inv_device_icm20948_setup  deviceicm20948.o
    0x00003508   0x00003508   0x00000014   Code   RO         4580    i.inv_device_icm20948_whoami  deviceicm20948.o
    0x0000351c   0x0000351c   0x00000022   Code   RO         4581    i.inv_device_icm20948_write_mems_register  deviceicm20948.o
    0x0000353e   0x0000353e   0x0000001e   Code   RO            6    i.inv_device_ping_sensor  main.o
    0x0000355c   0x0000355c   0x00000020   Code   RO            7    i.inv_device_start_sensor  main.o
    0x0000357c   0x0000357c   0x000000bc   Code   RO         6107    i.inv_do_test_accelgyro  icm20948selftest.o
    0x00003638   0x00003638   0x000004a0   Code   RO         5044    i.inv_enable_sensor_internal  icm20948databasecontrol.o
    0x00003ad8   0x00003ad8   0x00000016   Code   RO         5249    i.inv_icm20948_allow_lpen_control  icm20948databasedriver.o
    0x00003aee   0x00003aee   0x00000054   Code   RO         4887    i.inv_icm20948_apply_raw_compass_matrix  icm20948auxcompassakm.o
    0x00003b42   0x00003b42   0x00000026   Code   RO         4802    i.inv_icm20948_augmented_init  icm20948augmented.o
    0x00003b68   0x00003b68   0x00000098   Code   RO         4803    i.inv_icm20948_augmented_sensors_get_gravity  icm20948augmented.o
    0x00003c00   0x00003c00   0x00000038   Code   RO         4804    i.inv_icm20948_augmented_sensors_get_linearacceleration  icm20948augmented.o
    0x00003c38   0x00003c38   0x000000b0   Code   RO         4805    i.inv_icm20948_augmented_sensors_get_orientation  icm20948augmented.o
    0x00003ce8   0x00003ce8   0x00000366   Code   RO         4806    i.inv_icm20948_augmented_sensors_set_odr  icm20948augmented.o
    0x0000404e   0x0000404e   0x00000186   Code   RO         4807    i.inv_icm20948_augmented_sensors_update_odr  icm20948augmented.o
    0x000041d4   0x000041d4   0x00000104   Code   RO         5045    i.inv_icm20948_base_control_init  icm20948databasecontrol.o
    0x000042d8   0x000042d8   0x0000024e   Code   RO         4888    i.inv_icm20948_check_akm_self_test  icm20948auxcompassakm.o
    0x00004526   0x00004526   0x00000002   PAD
    0x00004528   0x00004528   0x0000017c   Code   RO         4889    i.inv_icm20948_compass_dmp_cal  icm20948auxcompassakm.o
    0x000046a4   0x000046a4   0x00000012   Code   RO         4891    i.inv_icm20948_compass_isconnected  icm20948auxcompassakm.o
    0x000046b6   0x000046b6   0x0000001a   Code   RO         5465    i.inv_icm20948_convert_big8_to_int32  icm20948dataconverter.o
    0x000046d0   0x000046d0   0x0000004a   Code   RO         5466    i.inv_icm20948_convert_compute_scalar_part_fxp  icm20948dataconverter.o
    0x0000471a   0x0000471a   0x00000056   Code   RO         5468    i.inv_icm20948_convert_dmp3_to_body  icm20948dataconverter.o
    0x00004770   0x00004770   0x000000dc   Code   RO         5469    i.inv_icm20948_convert_fast_sqrt_fxp  icm20948dataconverter.o
    0x0000484c   0x0000484c   0x0000006e   Code   RO         5470    i.inv_icm20948_convert_get_highest_bit_position  icm20948dataconverter.o
    0x000048ba   0x000048ba   0x0000000c   Code   RO         5471    i.inv_icm20948_convert_int16_to_big8  icm20948dataconverter.o
    0x000048c6   0x000048c6   0x00000014   Code   RO         5472    i.inv_icm20948_convert_int32_to_big8  icm20948dataconverter.o
    0x000048da   0x000048da   0x00000002   PAD
    0x000048dc   0x000048dc   0x00000364   Code   RO         5475    i.inv_icm20948_convert_matrix_to_quat_flt  icm20948dataconverter.o
    0x00004c40   0x00004c40   0x00000012   Code   RO         5477    i.inv_icm20948_convert_mult_q30_fxp  icm20948dataconverter.o
    0x00004c52   0x00004c52   0x00000026   Code   RO         5478    i.inv_icm20948_convert_mult_qfix_fxp  icm20948dataconverter.o
    0x00004c78   0x00004c78   0x00000042   Code   RO         5479    i.inv_icm20948_convert_quat_rotate_fxp  icm20948dataconverter.o
    0x00004cba   0x00004cba   0x000000da   Code   RO         5480    i.inv_icm20948_convert_quat_to_col_major_matrix_fxp  icm20948dataconverter.o
    0x00004d94   0x00004d94   0x000000e0   Code   RO         5481    i.inv_icm20948_convert_rotation_vector  icm20948dataconverter.o
    0x00004e74   0x00004e74   0x000000a4   Code   RO         5485    i.inv_icm20948_convert_test_limits_and_scale_fxp  icm20948dataconverter.o
    0x00004f18   0x00004f18   0x0000001a   Code   RO         5046    i.inv_icm20948_ctrl_androidSensor_enabled  icm20948databasecontrol.o
    0x00004f32   0x00004f32   0x00000052   Code   RO         5047    i.inv_icm20948_ctrl_enable_activity_classifier  icm20948databasecontrol.o
    0x00004f84   0x00004f84   0x0000003c   Code   RO         5048    i.inv_icm20948_ctrl_enable_batch  icm20948databasecontrol.o
    0x00004fc0   0x00004fc0   0x00000056   Code   RO         5050    i.inv_icm20948_ctrl_enable_sensor  icm20948databasecontrol.o
    0x00005016   0x00005016   0x00000044   Code   RO         5051    i.inv_icm20948_ctrl_enable_tilt  icm20948databasecontrol.o
    0x0000505a   0x0000505a   0x00000010   Code   RO         5052    i.inv_icm20948_ctrl_get_acc_bias  icm20948databasecontrol.o
    0x0000506a   0x0000506a   0x00000008   Code   RO         5053    i.inv_icm20948_ctrl_get_activitiy_classifier_on_flag  icm20948databasecontrol.o
    0x00005072   0x00005072   0x00000008   Code   RO         5055    i.inv_icm20948_ctrl_get_batch_mode_status  icm20948databasecontrol.o
    0x0000507a   0x0000507a   0x00000010   Code   RO         5056    i.inv_icm20948_ctrl_get_gyr_bias  icm20948databasecontrol.o
    0x0000508a   0x0000508a   0x00000010   Code   RO         5057    i.inv_icm20948_ctrl_get_mag_bias  icm20948databasecontrol.o
    0x0000509a   0x0000509a   0x0000002c   Code   RO         5059    i.inv_icm20948_ctrl_set_acc_bias  icm20948databasecontrol.o
    0x000050c6   0x000050c6   0x00000002   PAD
    0x000050c8   0x000050c8   0x000000ac   Code   RO         5060    i.inv_icm20948_ctrl_set_accel_cal_params  icm20948databasecontrol.o
    0x00005174   0x00005174   0x00000048   Code   RO         5061    i.inv_icm20948_ctrl_set_accel_quaternion_gain  icm20948databasecontrol.o
    0x000051bc   0x000051bc   0x00000012   Code   RO         5062    i.inv_icm20948_ctrl_set_batch_mode_status  icm20948databasecontrol.o
    0x000051ce   0x000051ce   0x000000fe   Code   RO         5064    i.inv_icm20948_ctrl_set_batch_timeout_ms  icm20948databasecontrol.o
    0x000052cc   0x000052cc   0x0000002c   Code   RO         5065    i.inv_icm20948_ctrl_set_gyr_bias  icm20948databasecontrol.o
    0x000052f8   0x000052f8   0x0000002c   Code   RO         5066    i.inv_icm20948_ctrl_set_mag_bias  icm20948databasecontrol.o
    0x00005324   0x00005324   0x0000001c   Code   RO         5920    i.inv_icm20948_dmp_get_6quaternion  icm20948mpufifocontrol.o
    0x00005340   0x00005340   0x0000001c   Code   RO         5921    i.inv_icm20948_dmp_get_9quaternion  icm20948mpufifocontrol.o
    0x0000535c   0x0000535c   0x0000001c   Code   RO         5922    i.inv_icm20948_dmp_get_accel  icm20948mpufifocontrol.o
    0x00005378   0x00005378   0x0000001c   Code   RO         5923    i.inv_icm20948_dmp_get_bac_state  icm20948mpufifocontrol.o
    0x00005394   0x00005394   0x0000001c   Code   RO         5924    i.inv_icm20948_dmp_get_bac_ts  icm20948mpufifocontrol.o
    0x000053b0   0x000053b0   0x0000001c   Code   RO         5925    i.inv_icm20948_dmp_get_calibrated_compass  icm20948mpufifocontrol.o
    0x000053cc   0x000053cc   0x00000038   Code   RO         5926    i.inv_icm20948_dmp_get_calibrated_gyro  icm20948mpufifocontrol.o
    0x00005404   0x00005404   0x0000001c   Code   RO         5927    i.inv_icm20948_dmp_get_flip_pickup_state  icm20948mpufifocontrol.o
    0x00005420   0x00005420   0x0000001c   Code   RO         5928    i.inv_icm20948_dmp_get_gmrvquaternion  icm20948mpufifocontrol.o
    0x0000543c   0x0000543c   0x0000001c   Code   RO         5929    i.inv_icm20948_dmp_get_gyro_bias  icm20948mpufifocontrol.o
    0x00005458   0x00005458   0x0000001c   Code   RO         5930    i.inv_icm20948_dmp_get_raw_compass  icm20948mpufifocontrol.o
    0x00005474   0x00005474   0x0000002c   Code   RO         5931    i.inv_icm20948_dmp_get_raw_gyro  icm20948mpufifocontrol.o
    0x000054a0   0x000054a0   0x00000034   Code   RO         6151    i.inv_icm20948_enable_batch_timeout  icm20948setup.o
    0x000054d4   0x000054d4   0x00000072   Code   RO         5250    i.inv_icm20948_enable_hw_sensors  icm20948databasedriver.o
    0x00005546   0x00005546   0x0000003a   Code   RO         6152    i.inv_icm20948_enable_sensor  icm20948setup.o
    0x00005580   0x00005580   0x0000001a   Code   RO         5251    i.inv_icm20948_enter_duty_cycle_mode  icm20948databasedriver.o
    0x0000559a   0x0000559a   0x0000001a   Code   RO         5252    i.inv_icm20948_enter_low_noise_mode  icm20948databasedriver.o
    0x000055b4   0x000055b4   0x0000005a   Code   RO         4964    i.inv_icm20948_execute_read_secondary  icm20948auxtransport.o
    0x0000560e   0x0000560e   0x0000004c   Code   RO         4965    i.inv_icm20948_execute_write_secondary  icm20948auxtransport.o
    0x0000565a   0x0000565a   0x00000002   PAD
    0x0000565c   0x0000565c   0x0000008c   Code   RO         5933    i.inv_icm20948_fifo_pop  icm20948mpufifocontrol.o
    0x000056e8   0x000056e8   0x00000058   Code   RO         5934    i.inv_icm20948_fifo_swmirror  icm20948mpufifocontrol.o
    0x00005740   0x00005740   0x000000d4   Code   RO         5899    i.inv_icm20948_firmware_load  icm20948loadfirmware.o
    0x00005814   0x00005814   0x0000000c   Code   RO         5935    i.inv_icm20948_get_accel_accuracy  icm20948mpufifocontrol.o
    0x00005820   0x00005820   0x00000008   Code   RO         5253    i.inv_icm20948_get_accel_divider  icm20948databasedriver.o
    0x00005828   0x00005828   0x00000008   Code   RO         5254    i.inv_icm20948_get_accel_fullscale  icm20948databasedriver.o
    0x00005830   0x00005830   0x000000b6   Code   RO         6153    i.inv_icm20948_get_bias  icm20948setup.o
    0x000058e6   0x000058e6   0x00000006   Code   RO         5255    i.inv_icm20948_get_chip_power_state  icm20948databasedriver.o
    0x000058ec   0x000058ec   0x00000008   Code   RO         5256    i.inv_icm20948_get_compass_availability  icm20948databasedriver.o
    0x000058f4   0x000058f4   0x00000008   Code   RO         5702    i.inv_icm20948_get_dmp_start_address  icm20948dmp3driver.o
    0x000058fc   0x000058fc   0x0000009e   Code   RO         6154    i.inv_icm20948_get_fsr  icm20948setup.o
    0x0000599a   0x0000599a   0x00000002   PAD
    0x0000599c   0x0000599c   0x0000000c   Code   RO         5936    i.inv_icm20948_get_gmrv_accuracy  icm20948mpufifocontrol.o
    0x000059a8   0x000059a8   0x0000000c   Code   RO         5937    i.inv_icm20948_get_gyro_accuracy  icm20948mpufifocontrol.o
    0x000059b4   0x000059b4   0x00000006   Code   RO         5257    i.inv_icm20948_get_gyro_divider  icm20948databasedriver.o
    0x000059ba   0x000059ba   0x00000008   Code   RO         5258    i.inv_icm20948_get_gyro_fullscale  icm20948databasedriver.o
    0x000059c2   0x000059c2   0x0000000a   Code   RO         6155    i.inv_icm20948_get_lowpower_or_highperformance  icm20948setup.o
    0x000059cc   0x000059cc   0x00000008   Code   RO         5259    i.inv_icm20948_get_lpen_control  icm20948databasedriver.o
    0x000059d4   0x000059d4   0x0000000c   Code   RO         5938    i.inv_icm20948_get_mag_accuracy  icm20948mpufifocontrol.o
    0x000059e0   0x000059e0   0x0000000c   Code   RO         5939    i.inv_icm20948_get_rv_accuracy  icm20948mpufifocontrol.o
    0x000059ec   0x000059ec   0x00000006   Code   RO         5262    i.inv_icm20948_get_secondary_divider  icm20948databasedriver.o
    0x000059f2   0x000059f2   0x00000002   PAD
    0x000059f4   0x000059f4   0x00000018   Code   RO         3553    i.inv_icm20948_get_time_us  imu.o
    0x00005a0c   0x00005a0c   0x00000016   Code   RO         6156    i.inv_icm20948_get_whoami  icm20948setup.o
    0x00005a22   0x00005a22   0x00000046   Code   RO         5940    i.inv_icm20948_identify_interrupt  icm20948mpufifocontrol.o
    0x00005a68   0x00005a68   0x00000060   Code   RO         6157    i.inv_icm20948_init_matrix  icm20948setup.o
    0x00005ac8   0x00005ac8   0x00000018   Code   RO         6158    i.inv_icm20948_init_scale  icm20948setup.o
    0x00005ae0   0x00005ae0   0x00000074   Code   RO         4966    i.inv_icm20948_init_secondary  icm20948auxtransport.o
    0x00005b54   0x00005b54   0x00000042   Code   RO         6159    i.inv_icm20948_init_structure  icm20948setup.o
    0x00005b96   0x00005b96   0x00000038   Code   RO         6160    i.inv_icm20948_initialize  icm20948setup.o
    0x00005bce   0x00005bce   0x0000001a   Code   RO         6161    i.inv_icm20948_initialize_auxiliary  icm20948setup.o
    0x00005be8   0x00005be8   0x000001bc   Code   RO         5263    i.inv_icm20948_initialize_lower_driver  icm20948databasedriver.o
    0x00005da4   0x00005da4   0x000001fc   Code   RO         5941    i.inv_icm20948_inv_decode_one_ivory_fifo_packet  icm20948mpufifocontrol.o
    0x00005fa0   0x00005fa0   0x00000038   Code   RO         6162    i.inv_icm20948_is_streamed_sensor  icm20948setup.o
    0x00005fd8   0x00005fd8   0x00000016   Code   RO         6163    i.inv_icm20948_load  icm20948setup.o
    0x00005fee   0x00005fee   0x00000016   Code   RO         5703    i.inv_icm20948_load_firmware  icm20948dmp3driver.o
    0x00006004   0x00006004   0x00000104   Code   RO         5487    i.inv_icm20948_math_atan2_q15_fxp  icm20948dataconverter.o
    0x00006108   0x00006108   0x0000003a   Code   RO         5942    i.inv_icm20948_mpu_set_FIFO_RST_Diamond  icm20948mpufifocontrol.o
    0x00006142   0x00006142   0x00000002   PAD
    0x00006144   0x00006144   0x00000d00   Code   RO         6164    i.inv_icm20948_poll_sensor  icm20948setup.o
    0x00006e44   0x00006e44   0x00000008   Code   RO         5264    i.inv_icm20948_prevent_lpen_control  icm20948databasedriver.o
    0x00006e4c   0x00006e4c   0x000000b2   Code   RO         5488    i.inv_icm20948_q_mult_q_qi  icm20948dataconverter.o
    0x00006efe   0x00006efe   0x0000013e   Code   RO         6313    i.inv_icm20948_read_mems  icm20948transport.o
    0x0000703c   0x0000703c   0x000000ea   Code   RO         6314    i.inv_icm20948_read_mems_reg  icm20948transport.o
    0x00007126   0x00007126   0x00000038   Code   RO         6315    i.inv_icm20948_read_reg  icm20948transport.o
    0x0000715e   0x0000715e   0x00000068   Code   RO         4967    i.inv_icm20948_read_secondary  icm20948auxtransport.o
    0x000071c6   0x000071c6   0x0000003e   Code   RO         4893    i.inv_icm20948_register_aux_compass  icm20948auxcompassakm.o
    0x00007204   0x00007204   0x00000070   Code   RO         4894    i.inv_icm20948_resume_akm  icm20948auxcompassakm.o
    0x00007274   0x00007274   0x000000c0   Code   RO         6108    i.inv_icm20948_run_selftest  icm20948selftest.o
    0x00007334   0x00007334   0x00000018   Code   RO         4968    i.inv_icm20948_secondary_disable_i2c  icm20948auxtransport.o
    0x0000734c   0x0000734c   0x00000018   Code   RO         4969    i.inv_icm20948_secondary_enable_i2c  icm20948auxtransport.o
    0x00007364   0x00007364   0x00000030   Code   RO         4972    i.inv_icm20948_secondary_set_odr  icm20948auxtransport.o
    0x00007394   0x00007394   0x0000001a   Code   RO         4973    i.inv_icm20948_secondary_stop_channel  icm20948auxtransport.o
    0x000073ae   0x000073ae   0x000000a0   Code   RO         6165    i.inv_icm20948_sensor_android_2_sensor_type  icm20948setup.o
    0x0000744e   0x0000744e   0x00000028   Code   RO         5265    i.inv_icm20948_set_accel_divider  icm20948databasedriver.o
    0x00007476   0x00007476   0x00000034   Code   RO         5266    i.inv_icm20948_set_accel_fullscale  icm20948databasedriver.o
    0x000074aa   0x000074aa   0x000000b6   Code   RO         6166    i.inv_icm20948_set_bias  icm20948setup.o
    0x00007560   0x00007560   0x000000e0   Code   RO         5267    i.inv_icm20948_set_chip_power_state  icm20948databasedriver.o
    0x00007640   0x00007640   0x00000010   Code   RO         5489    i.inv_icm20948_set_chip_to_body  icm20948dataconverter.o
    0x00007650   0x00007650   0x000000e8   Code   RO         5490    i.inv_icm20948_set_chip_to_body_axis_quaternion  icm20948dataconverter.o
    0x00007738   0x00007738   0x00000038   Code   RO         5268    i.inv_icm20948_set_dmp_address  icm20948databasedriver.o
    0x00007770   0x00007770   0x000000a0   Code   RO         6167    i.inv_icm20948_set_fsr  icm20948setup.o
    0x00007810   0x00007810   0x00000018   Code   RO         5269    i.inv_icm20948_set_gyro_divider  icm20948databasedriver.o
    0x00007828   0x00007828   0x00000024   Code   RO         5270    i.inv_icm20948_set_gyro_fullscale  icm20948databasedriver.o
    0x0000784c   0x0000784c   0x00000154   Code   RO         5271    i.inv_icm20948_set_gyro_sf  icm20948databasedriver.o
    0x000079a0   0x000079a0   0x000000d8   Code   RO         5272    i.inv_icm20948_set_icm20948_accel_fullscale  icm20948databasedriver.o
    0x00007a78   0x00007a78   0x000000d4   Code   RO         5273    i.inv_icm20948_set_icm20948_gyro_fullscale  icm20948databasedriver.o
    0x00007b4c   0x00007b4c   0x0000001e   Code   RO         6168    i.inv_icm20948_set_lowpower_or_highperformance  icm20948setup.o
    0x00007b6a   0x00007b6a   0x00000002   PAD
    0x00007b6c   0x00007b6c   0x000000d4   Code   RO         6169    i.inv_icm20948_set_matrix  icm20948setup.o
    0x00007c40   0x00007c40   0x000002dc   Code   RO         5067    i.inv_icm20948_set_odr  icm20948databasecontrol.o
    0x00007f1c   0x00007f1c   0x00000038   Code   RO         5275    i.inv_icm20948_set_secondary  icm20948databasedriver.o
    0x00007f54   0x00007f54   0x0000001a   Code   RO         5276    i.inv_icm20948_set_secondary_divider  icm20948databasedriver.o
    0x00007f6e   0x00007f6e   0x0000004e   Code   RO         6170    i.inv_icm20948_set_sensor_period  icm20948setup.o
    0x00007fbc   0x00007fbc   0x0000004a   Code   RO         5278    i.inv_icm20948_set_slave_compass_id  icm20948databasedriver.o
    0x00008006   0x00008006   0x00000002   PAD
    0x00008008   0x00008008   0x000000a8   Code   RO         4895    i.inv_icm20948_setup_compass_akm  icm20948auxcompassakm.o
    0x000080b0   0x000080b0   0x00000010   Code   RO         6316    i.inv_icm20948_sleep_100us  icm20948transport.o
    0x000080c0   0x000080c0   0x00000026   Code   RO         5279    i.inv_icm20948_sleep_mems  icm20948databasedriver.o
    0x000080e6   0x000080e6   0x00000002   PAD
    0x000080e8   0x000080e8   0x00000020   Code   RO         3554    i.inv_icm20948_sleep_us  imu.o
    0x00008108   0x00008108   0x00000020   Code   RO         6171    i.inv_icm20948_soft_reset  icm20948setup.o
    0x00008128   0x00008128   0x0000003a   Code   RO         4896    i.inv_icm20948_suspend_akm  icm20948auxcompassakm.o
    0x00008162   0x00008162   0x0000000e   Code   RO         6317    i.inv_icm20948_transport_init  icm20948transport.o
    0x00008170   0x00008170   0x000001ec   Code   RO         6172    i.inv_icm20948_updateTs  icm20948setup.o
    0x0000835c   0x0000835c   0x0000006c   Code   RO         5280    i.inv_icm20948_wakeup_mems  icm20948databasedriver.o
    0x000083c8   0x000083c8   0x000000d2   Code   RO         6318    i.inv_icm20948_write_mems  icm20948transport.o
    0x0000849a   0x0000849a   0x0000009e   Code   RO         6319    i.inv_icm20948_write_mems_reg  icm20948transport.o
    0x00008538   0x00008538   0x0000003a   Code   RO         6320    i.inv_icm20948_write_reg  icm20948transport.o
    0x00008572   0x00008572   0x0000007c   Code   RO         4974    i.inv_icm20948_write_secondary  icm20948auxtransport.o
    0x000085ee   0x000085ee   0x00000074   Code   RO         6321    i.inv_icm20948_write_single_mems_reg  icm20948transport.o
    0x00008662   0x00008662   0x0000002a   Code   RO         6322    i.inv_icm20948_write_single_mems_reg_core  icm20948transport.o
    0x0000868c   0x0000868c   0x0000003c   Code   RO         4246    i.inv_msg           message.o
    0x000086c8   0x000086c8   0x00000028   Code   RO         4249    i.inv_msg_setup     message.o
    0x000086f0   0x000086f0   0x00000060   Code   RO         5068    i.inv_reGenerate_sensorControl  icm20948databasecontrol.o
    0x00008750   0x00008750   0x00000116   Code   RO         6109    i.inv_recover_setting  icm20948selftest.o
    0x00008866   0x00008866   0x00000002   PAD
    0x00008868   0x00008868   0x00000068   Code   RO         5491    i.inv_rotation_to_quaternion  icm20948dataconverter.o
    0x000088d0   0x000088d0   0x00000108   Code   RO         6110    i.inv_save_setting  icm20948selftest.o
    0x000089d8   0x000089d8   0x0000007a   Code   RO         6111    i.inv_selftest_read_samples  icm20948selftest.o
    0x00008a52   0x00008a52   0x00000002   PAD
    0x00008a54   0x00008a54   0x00000028   Code   RO         4764    i.inv_sensor_str    sensor.o
    0x00008a7c   0x00008a7c   0x00000058   Code   RO         6323    i.inv_set_bank      icm20948transport.o
    0x00008ad4   0x00008ad4   0x00000390   Code   RO         5069    i.inv_set_hw_smplrt_dmp_odrs  icm20948databasecontrol.o
    0x00008e64   0x00008e64   0x00000140   Code   RO         6112    i.inv_setup_selftest  icm20948selftest.o
    0x00008fa4   0x00008fa4   0x00000046   Code   RO         2944    i.invalid_packets_omit  nrf_log_frontend.o
    0x00008fea   0x00008fea   0x000000d4   Code   RO         5492    i.invn_convert_inv_sqrt_q15_fxp  icm20948dataconverter.o
    0x000090be   0x000090be   0x00000044   Code   RO         5493    i.invn_convert_inverse_q15_fxp  icm20948dataconverter.o
    0x00009102   0x00009102   0x00000010   Code   RO         5494    i.invn_convert_mult_q15_fxp  icm20948dataconverter.o
    0x00009112   0x00009112   0x00000012   Code   RO         5495    i.invn_convert_mult_q29_fxp  icm20948dataconverter.o
    0x00009124   0x00009124   0x00000018   Code   RO         5496    i.invn_convert_quat_invert_fxp  icm20948dataconverter.o
    0x0000913c   0x0000913c   0x000000b2   Code   RO         5497    i.invn_convert_quat_mult_fxp  icm20948dataconverter.o
    0x000091ee   0x000091ee   0x0000005c   Code   RO         1908    i.irq_handler       nrfx_timer.o
    0x0000924a   0x0000924a   0x00000026   Code   RO         1542    i.latch_pending_read_and_check  nrfx_gpiote.o
    0x00009270   0x00009270   0x000000cc   Code   RO         2945    i.log_skip          nrf_log_frontend.o
    0x0000933c   0x0000933c   0x00000334   Code   RO            8    i.main              main.o
    0x00009670   0x00009670   0x0000006c   Code   RO         8812    i.malloc            mc_w.l(malloc.o)
    0x000096dc   0x000096dc   0x000000ca   Code   RO         2540    i.memobj_op         nrf_memobj.o
    0x000097a6   0x000097a6   0x00000002   PAD
    0x000097a8   0x000097a8   0x00000038   Code   RO         2946    i.module_idx_get    nrf_log_frontend.o
    0x000097e0   0x000097e0   0x00000024   Code   RO         3555    i.msg_printer       imu.o
    0x00009804   0x00009804   0x00000030   Code   RO         3556    i.my_serif_open_read_reg  imu.o
    0x00009834   0x00009834   0x00000034   Code   RO         3557    i.my_serif_open_write_reg  imu.o
    0x00009868   0x00009868   0x0000005c   Code   RO         6654    i.nrf52_errata_108  system_nrf52.o
    0x000098c4   0x000098c4   0x0000005c   Code   RO         6666    i.nrf52_errata_12   system_nrf52.o
    0x00009920   0x00009920   0x0000005c   Code   RO         6677    i.nrf52_errata_136  system_nrf52.o
    0x0000997c   0x0000997c   0x00000040   Code   RO         6696    i.nrf52_errata_16   system_nrf52.o
    0x000099bc   0x000099bc   0x00000040   Code   RO         6713    i.nrf52_errata_182  system_nrf52.o
    0x000099fc   0x000099fc   0x0000005c   Code   RO         6767    i.nrf52_errata_31   system_nrf52.o
    0x00009a58   0x00009a58   0x00000040   Code   RO         6768    i.nrf52_errata_32   system_nrf52.o
    0x00009a98   0x00009a98   0x0000005c   Code   RO         6772    i.nrf52_errata_36   system_nrf52.o
    0x00009af4   0x00009af4   0x00000040   Code   RO         6773    i.nrf52_errata_37   system_nrf52.o
    0x00009b34   0x00009b34   0x00000040   Code   RO         6789    i.nrf52_errata_57   system_nrf52.o
    0x00009b74   0x00009b74   0x0000005c   Code   RO         6795    i.nrf52_errata_66   system_nrf52.o
    0x00009bd0   0x00009bd0   0x0000000e   Code   RO         2272    i.nrf_atomic_flag_clear_fetch  nrf_atomic.o
    0x00009bde   0x00009bde   0x0000000e   Code   RO         2273    i.nrf_atomic_flag_set  nrf_atomic.o
    0x00009bec   0x00009bec   0x00000016   Code   RO         2275    i.nrf_atomic_u32_add  nrf_atomic.o
    0x00009c02   0x00009c02   0x00000016   Code   RO         2279    i.nrf_atomic_u32_fetch_and  nrf_atomic.o
    0x00009c18   0x00009c18   0x00000016   Code   RO         2281    i.nrf_atomic_u32_fetch_store  nrf_atomic.o
    0x00009c2e   0x00009c2e   0x00000016   Code   RO         2285    i.nrf_atomic_u32_or  nrf_atomic.o
    0x00009c44   0x00009c44   0x00000016   Code   RO         2287    i.nrf_atomic_u32_sub  nrf_atomic.o
    0x00009c5a   0x00009c5a   0x0000004c   Code   RO         2412    i.nrf_balloc_alloc  nrf_balloc.o
    0x00009ca6   0x00009ca6   0x00000010   Code   RO         2413    i.nrf_balloc_block2idx  nrf_balloc.o
    0x00009cb6   0x00009cb6   0x0000002a   Code   RO         2414    i.nrf_balloc_free   nrf_balloc.o
    0x00009ce0   0x00009ce0   0x0000000c   Code   RO         2415    i.nrf_balloc_idx2block  nrf_balloc.o
    0x00009cec   0x00009cec   0x0000003c   Code   RO         2416    i.nrf_balloc_init   nrf_balloc.o
    0x00009d28   0x00009d28   0x00000016   Code   RO         1543    i.nrf_bitmask_bit_is_set  nrfx_gpiote.o
    0x00009d3e   0x00009d3e   0x00000002   PAD
    0x00009d40   0x00009d40   0x00000030   Code   RO            9    i.nrf_delay_ms      main.o
    0x00009d70   0x00009d70   0x00000050   Code   RO          495    i.nrf_drv_twi_init  nrf_drv_twi.o
    0x00009dc0   0x00009dc0   0x0000002c   Code   RO         6411    i.nrf_drv_twi_tx    usr_twi.o
    0x00009dec   0x00009dec   0x0000008c   Code   RO          573    i.nrf_drv_uart_init  nrf_drv_uart.o
    0x00009e78   0x00009e78   0x0000002a   Code   RO         2459    i.nrf_fprintf       nrf_fprintf.o
    0x00009ea2   0x00009ea2   0x0000001c   Code   RO         2460    i.nrf_fprintf_buffer_flush  nrf_fprintf.o
    0x00009ebe   0x00009ebe   0x000001f0   Code   RO         2497    i.nrf_fprintf_fmt   nrf_fprintf_format.o
    0x0000a0ae   0x0000a0ae   0x00000028   Code   RO          850    i.nrf_gpio_cfg      nrfx_twim.o
    0x0000a0d6   0x0000a0d6   0x00000028   Code   RO         1072    i.nrf_gpio_cfg      nrfx_uart.o
    0x0000a0fe   0x0000a0fe   0x00000028   Code   RO         1321    i.nrf_gpio_cfg      nrfx_uarte.o
    0x0000a126   0x0000a126   0x00000028   Code   RO         1544    i.nrf_gpio_cfg      nrfx_gpiote.o
    0x0000a14e   0x0000a14e   0x00000018   Code   RO         1073    i.nrf_gpio_cfg_default  nrfx_uart.o
    0x0000a166   0x0000a166   0x00000018   Code   RO         1322    i.nrf_gpio_cfg_default  nrfx_uarte.o
    0x0000a17e   0x0000a17e   0x0000001a   Code   RO         1074    i.nrf_gpio_cfg_input  nrfx_uart.o
    0x0000a198   0x0000a198   0x0000001a   Code   RO         1323    i.nrf_gpio_cfg_input  nrfx_uarte.o
    0x0000a1b2   0x0000a1b2   0x00000018   Code   RO         1075    i.nrf_gpio_cfg_output  nrfx_uart.o
    0x0000a1ca   0x0000a1ca   0x00000018   Code   RO         1324    i.nrf_gpio_cfg_output  nrfx_uarte.o
    0x0000a1e2   0x0000a1e2   0x00000032   Code   RO         1546    i.nrf_gpio_cfg_sense_set  nrfx_gpiote.o
    0x0000a214   0x0000a214   0x00000034   Code   RO         1547    i.nrf_gpio_latches_read_and_clear  nrfx_gpiote.o
    0x0000a248   0x0000a248   0x00000016   Code   RO          496    i.nrf_gpio_pin_clear  nrf_drv_twi.o
    0x0000a25e   0x0000a25e   0x00000022   Code   RO         1549    i.nrf_gpio_pin_present_check  nrfx_gpiote.o
    0x0000a280   0x0000a280   0x00000018   Code   RO         1550    i.nrf_gpio_pin_read  nrfx_gpiote.o
    0x0000a298   0x0000a298   0x00000016   Code   RO          497    i.nrf_gpio_pin_set  nrf_drv_twi.o
    0x0000a2ae   0x0000a2ae   0x00000016   Code   RO         1076    i.nrf_gpio_pin_set  nrfx_uart.o
    0x0000a2c4   0x0000a2c4   0x00000016   Code   RO         1325    i.nrf_gpio_pin_set  nrfx_uarte.o
    0x0000a2da   0x0000a2da   0x00000002   PAD
    0x0000a2dc   0x0000a2dc   0x0000000c   Code   RO         1552    i.nrf_gpiote_event_addr_get  nrfx_gpiote.o
    0x0000a2e8   0x0000a2e8   0x0000001c   Code   RO         1553    i.nrf_gpiote_event_clear  nrfx_gpiote.o
    0x0000a304   0x0000a304   0x00000016   Code   RO         1554    i.nrf_gpiote_event_is_set  nrfx_gpiote.o
    0x0000a31a   0x0000a31a   0x00000002   PAD
    0x0000a31c   0x0000a31c   0x0000000c   Code   RO         1555    i.nrf_gpiote_int_enable  nrfx_gpiote.o
    0x0000a328   0x0000a328   0x00000054   Code   RO         2947    i.nrf_log_backend_add  nrf_log_frontend.o
    0x0000a37c   0x0000a37c   0x00000008   Code   RO         2894    i.nrf_log_backend_enable  nrf_log_default_backends.o
    0x0000a384   0x0000a384   0x00000002   Code   RO         2714    i.nrf_log_backend_rtt_flush  nrf_log_backend_rtt.o
    0x0000a386   0x0000a386   0x00000008   Code   RO         2715    i.nrf_log_backend_rtt_init  nrf_log_backend_rtt.o
    0x0000a38e   0x0000a38e   0x00000002   Code   RO         2716    i.nrf_log_backend_rtt_panic_set  nrf_log_backend_rtt.o
    0x0000a390   0x0000a390   0x00000020   Code   RO         2717    i.nrf_log_backend_rtt_put  nrf_log_backend_rtt.o
    0x0000a3b0   0x0000a3b0   0x000000f2   Code   RO         2788    i.nrf_log_backend_serial_put  nrf_log_backend_serial.o
    0x0000a4a2   0x0000a4a2   0x00000002   Code   RO         2822    i.nrf_log_backend_uart_flush  nrf_log_backend_uart.o
    0x0000a4a4   0x0000a4a4   0x0000000c   Code   RO         2823    i.nrf_log_backend_uart_init  nrf_log_backend_uart.o
    0x0000a4b0   0x0000a4b0   0x00000038   Code   RO         2824    i.nrf_log_backend_uart_panic_set  nrf_log_backend_uart.o
    0x0000a4e8   0x0000a4e8   0x00000020   Code   RO         2825    i.nrf_log_backend_uart_put  nrf_log_backend_uart.o
    0x0000a508   0x0000a508   0x00000038   Code   RO         2949    i.nrf_log_color_id_get  nrf_log_frontend.o
    0x0000a540   0x0000a540   0x00000038   Code   RO         2895    i.nrf_log_default_backends_init  nrf_log_default_backends.o
    0x0000a578   0x0000a578   0x00000314   Code   RO         2950    i.nrf_log_frontend_dequeue  nrf_log_frontend.o
    0x0000a88c   0x0000a88c   0x00000014   Code   RO         2952    i.nrf_log_frontend_std_0  nrf_log_frontend.o
    0x0000a8a0   0x0000a8a0   0x00000018   Code   RO         2953    i.nrf_log_frontend_std_1  nrf_log_frontend.o
    0x0000a8b8   0x0000a8b8   0x00000020   Code   RO         2954    i.nrf_log_frontend_std_2  nrf_log_frontend.o
    0x0000a8d8   0x0000a8d8   0x00000028   Code   RO         2955    i.nrf_log_frontend_std_3  nrf_log_frontend.o
    0x0000a900   0x0000a900   0x00000038   Code   RO         2957    i.nrf_log_frontend_std_5  nrf_log_frontend.o
    0x0000a938   0x0000a938   0x0000003c   Code   RO         2958    i.nrf_log_frontend_std_6  nrf_log_frontend.o
    0x0000a974   0x0000a974   0x000000bc   Code   RO         3143    i.nrf_log_hexdump_entry_process  nrf_log_str_formatter.o
    0x0000aa30   0x0000aa30   0x00000048   Code   RO         2959    i.nrf_log_init      nrf_log_frontend.o
    0x0000aa78   0x0000aa78   0x00000014   Code   RO         2960    i.nrf_log_module_cnt_get  nrf_log_frontend.o
    0x0000aa8c   0x0000aa8c   0x00000024   Code   RO         2964    i.nrf_log_module_name_get  nrf_log_frontend.o
    0x0000aab0   0x0000aab0   0x00000034   Code   RO         2965    i.nrf_log_panic     nrf_log_frontend.o
    0x0000aae4   0x0000aae4   0x000000c8   Code   RO         3144    i.nrf_log_std_entry_process  nrf_log_str_formatter.o
    0x0000abac   0x0000abac   0x0000007a   Code   RO         2541    i.nrf_memobj_alloc  nrf_memobj.o
    0x0000ac26   0x0000ac26   0x00000040   Code   RO         2542    i.nrf_memobj_free   nrf_memobj.o
    0x0000ac66   0x0000ac66   0x00000010   Code   RO         2543    i.nrf_memobj_get    nrf_memobj.o
    0x0000ac76   0x0000ac76   0x0000000c   Code   RO         2544    i.nrf_memobj_pool_init  nrf_memobj.o
    0x0000ac82   0x0000ac82   0x0000001e   Code   RO         2545    i.nrf_memobj_put    nrf_memobj.o
    0x0000aca0   0x0000aca0   0x00000022   Code   RO         2546    i.nrf_memobj_read   nrf_memobj.o
    0x0000acc2   0x0000acc2   0x00000022   Code   RO         2547    i.nrf_memobj_write  nrf_memobj.o
    0x0000ace4   0x0000ace4   0x0000001c   Code   RO         2623    i.nrf_ringbuf_init  nrf_ringbuf.o
    0x0000ad00   0x0000ad00   0x0000000e   Code   RO         1909    i.nrf_timer_compare_event_get  nrfx_timer.o
    0x0000ad0e   0x0000ad0e   0x0000000a   Code   RO         1910    i.nrf_timer_compare_int_get  nrfx_timer.o
    0x0000ad18   0x0000ad18   0x0000000e   Code   RO         1911    i.nrf_timer_event_clear  nrfx_timer.o
    0x0000ad26   0x0000ad26   0x00000006   Code   RO         1915    i.nrf_timer_task_trigger  nrfx_timer.o
    0x0000ad2c   0x0000ad2c   0x00000008   Code   RO          852    i.nrf_twim_enable   nrfx_twim.o
    0x0000ad34   0x0000ad34   0x0000000c   Code   RO          853    i.nrf_twim_errorsrc_get_and_clear  nrfx_twim.o
    0x0000ad40   0x0000ad40   0x0000000e   Code   RO          854    i.nrf_twim_event_check  nrfx_twim.o
    0x0000ad4e   0x0000ad4e   0x0000000e   Code   RO          855    i.nrf_twim_event_clear  nrfx_twim.o
    0x0000ad5c   0x0000ad5c   0x00000006   Code   RO          856    i.nrf_twim_int_disable  nrfx_twim.o
    0x0000ad62   0x0000ad62   0x00000006   Code   RO          857    i.nrf_twim_int_enable  nrfx_twim.o
    0x0000ad68   0x0000ad68   0x0000000c   Code   RO          858    i.nrf_twim_rx_buffer_set  nrfx_twim.o
    0x0000ad74   0x0000ad74   0x0000000a   Code   RO          859    i.nrf_twim_rxd_amount_get  nrfx_twim.o
    0x0000ad7e   0x0000ad7e   0x00000006   Code   RO          860    i.nrf_twim_shorts_set  nrfx_twim.o
    0x0000ad84   0x0000ad84   0x00000006   Code   RO          861    i.nrf_twim_task_trigger  nrfx_twim.o
    0x0000ad8a   0x0000ad8a   0x0000000c   Code   RO          862    i.nrf_twim_tx_buffer_set  nrfx_twim.o
    0x0000ad96   0x0000ad96   0x0000000a   Code   RO          863    i.nrf_twim_txd_amount_get  nrfx_twim.o
    0x0000ada0   0x0000ada0   0x0000000c   Code   RO         1077    i.nrf_uart_errorsrc_get_and_clear  nrfx_uart.o
    0x0000adac   0x0000adac   0x0000000e   Code   RO         1078    i.nrf_uart_event_check  nrfx_uart.o
    0x0000adba   0x0000adba   0x0000000e   Code   RO         1079    i.nrf_uart_event_clear  nrfx_uart.o
    0x0000adc8   0x0000adc8   0x0000000a   Code   RO         1080    i.nrf_uart_hwfc_pins_set  nrfx_uart.o
    0x0000add2   0x0000add2   0x00000006   Code   RO         1081    i.nrf_uart_int_disable  nrfx_uart.o
    0x0000add8   0x0000add8   0x00000006   Code   RO         1082    i.nrf_uart_int_enable  nrfx_uart.o
    0x0000adde   0x0000adde   0x00000012   Code   RO         1083    i.nrf_uart_int_enable_check  nrfx_uart.o
    0x0000adf0   0x0000adf0   0x00000006   Code   RO         1084    i.nrf_uart_task_trigger  nrfx_uart.o
    0x0000adf6   0x0000adf6   0x0000000a   Code   RO         1085    i.nrf_uart_txrx_pins_set  nrfx_uart.o
    0x0000ae00   0x0000ae00   0x0000000c   Code   RO         1326    i.nrf_uarte_errorsrc_get_and_clear  nrfx_uarte.o
    0x0000ae0c   0x0000ae0c   0x0000000e   Code   RO         1327    i.nrf_uarte_event_check  nrfx_uarte.o
    0x0000ae1a   0x0000ae1a   0x0000000e   Code   RO         1328    i.nrf_uarte_event_clear  nrfx_uarte.o
    0x0000ae28   0x0000ae28   0x0000000c   Code   RO         1329    i.nrf_uarte_hwfc_pins_set  nrfx_uarte.o
    0x0000ae34   0x0000ae34   0x00000006   Code   RO         1330    i.nrf_uarte_int_disable  nrfx_uarte.o
    0x0000ae3a   0x0000ae3a   0x00000006   Code   RO         1331    i.nrf_uarte_int_enable  nrfx_uarte.o
    0x0000ae40   0x0000ae40   0x0000000a   Code   RO         1332    i.nrf_uarte_rx_amount_get  nrfx_uarte.o
    0x0000ae4a   0x0000ae4a   0x0000000c   Code   RO         1333    i.nrf_uarte_shorts_disable  nrfx_uarte.o
    0x0000ae56   0x0000ae56   0x00000006   Code   RO         1334    i.nrf_uarte_task_trigger  nrfx_uarte.o
    0x0000ae5c   0x0000ae5c   0x0000000a   Code   RO         1335    i.nrf_uarte_tx_amount_get  nrfx_uarte.o
    0x0000ae66   0x0000ae66   0x0000000e   Code   RO         1336    i.nrf_uarte_txrx_pins_set  nrfx_uarte.o
    0x0000ae74   0x0000ae74   0x00000018   Code   RO          498    i.nrfx_coredep_delay_us  nrf_drv_twi.o
    0x0000ae8c   0x0000ae8c   0x00000008   Code   RO          864    i.nrfx_get_irq_number  nrfx_twim.o
    0x0000ae94   0x0000ae94   0x00000008   Code   RO         1086    i.nrfx_get_irq_number  nrfx_uart.o
    0x0000ae9c   0x0000ae9c   0x00000008   Code   RO         1337    i.nrfx_get_irq_number  nrfx_uarte.o
    0x0000aea4   0x0000aea4   0x00000008   Code   RO         1558    i.nrfx_get_irq_number  nrfx_gpiote.o
    0x0000aeac   0x0000aeac   0x00000008   Code   RO         1916    i.nrfx_get_irq_number  nrfx_timer.o
    0x0000aeb4   0x0000aeb4   0x000000ac   Code   RO         1564    i.nrfx_gpiote_in_event_enable  nrfx_gpiote.o
    0x0000af60   0x0000af60   0x000000f4   Code   RO         1566    i.nrfx_gpiote_in_init  nrfx_gpiote.o
    0x0000b054   0x0000b054   0x000000d8   Code   RO         1569    i.nrfx_gpiote_init  nrfx_gpiote.o
    0x0000b12c   0x0000b12c   0x00000014   Code   RO          865    i.nrfx_is_in_ram    nrfx_twim.o
    0x0000b140   0x0000b140   0x00000014   Code   RO         1338    i.nrfx_is_in_ram    nrfx_uarte.o
    0x0000b154   0x0000b154   0x00000048   Code   RO          768    i.nrfx_prs_acquire  nrfx_prs.o
    0x0000b19c   0x0000b19c   0x00000016   Code   RO          769    i.nrfx_prs_release  nrfx_prs.o
    0x0000b1b2   0x0000b1b2   0x00000028   Code   RO         1917    i.nrfx_timer_capture  nrfx_timer.o
    0x0000b1da   0x0000b1da   0x0000000e   Code   RO         1918    i.nrfx_timer_clear  nrfx_timer.o
    0x0000b1e8   0x0000b1e8   0x00000024   Code   RO         1923    i.nrfx_timer_enable  nrfx_timer.o
    0x0000b20c   0x0000b20c   0x000000fc   Code   RO         1926    i.nrfx_timer_init   nrfx_timer.o
    0x0000b308   0x0000b308   0x00000028   Code   RO          867    i.nrfx_twim_enable  nrfx_twim.o
    0x0000b330   0x0000b330   0x00000128   Code   RO          868    i.nrfx_twim_init    nrfx_twim.o
    0x0000b458   0x0000b458   0x00000030   Code   RO          870    i.nrfx_twim_rx      nrfx_twim.o
    0x0000b488   0x0000b488   0x0000003e   Code   RO          873    i.nrfx_twim_tx      nrfx_twim.o
    0x0000b4c6   0x0000b4c6   0x00000002   PAD
    0x0000b4c8   0x0000b4c8   0x00000034   Code   RO          875    i.nrfx_twim_xfer    nrfx_twim.o
    0x0000b4fc   0x0000b4fc   0x00000014   Code   RO         1087    i.nrfx_uart_0_irq_handler  nrfx_uart.o
    0x0000b510   0x0000b510   0x00000088   Code   RO         1089    i.nrfx_uart_init    nrfx_uart.o
    0x0000b598   0x0000b598   0x0000008c   Code   RO         1095    i.nrfx_uart_tx      nrfx_uart.o
    0x0000b624   0x0000b624   0x00000024   Code   RO         1097    i.nrfx_uart_tx_in_progress  nrfx_uart.o
    0x0000b648   0x0000b648   0x00000044   Code   RO         1098    i.nrfx_uart_uninit  nrfx_uart.o
    0x0000b68c   0x0000b68c   0x00000014   Code   RO         1339    i.nrfx_uarte_0_irq_handler  nrfx_uarte.o
    0x0000b6a0   0x0000b6a0   0x00000080   Code   RO         1341    i.nrfx_uarte_init   nrfx_uarte.o
    0x0000b720   0x0000b720   0x000000c0   Code   RO         1345    i.nrfx_uarte_tx     nrfx_uarte.o
    0x0000b7e0   0x0000b7e0   0x00000020   Code   RO         1347    i.nrfx_uarte_tx_in_progress  nrfx_uarte.o
    0x0000b800   0x0000b800   0x00000094   Code   RO         1348    i.nrfx_uarte_uninit  nrfx_uarte.o
    0x0000b894   0x0000b894   0x00000020   Code   RO         1588    i.pin_configured_set  nrfx_gpiote.o
    0x0000b8b4   0x0000b8b4   0x0000001c   Code   RO         1589    i.pin_in_use_by_gpiote  nrfx_gpiote.o
    0x0000b8d0   0x0000b8d0   0x00000018   Code   RO         1590    i.pin_in_use_by_port  nrfx_gpiote.o
    0x0000b8e8   0x0000b8e8   0x00000020   Code   RO         1591    i.pin_in_use_by_te  nrfx_gpiote.o
    0x0000b908   0x0000b908   0x0000000c   Code   RO         1592    i.pin_in_use_clear  nrfx_gpiote.o
    0x0000b914   0x0000b914   0x00000078   Code   RO         1099    i.pins_to_default   nrfx_uart.o
    0x0000b98c   0x0000b98c   0x0000007e   Code   RO         1349    i.pins_to_default   nrfx_uarte.o
    0x0000ba0a   0x0000ba0a   0x00000002   PAD
    0x0000ba0c   0x0000ba0c   0x000000c0   Code   RO         1593    i.port_event_handle  nrfx_gpiote.o
    0x0000bacc   0x0000bacc   0x00000010   Code   RO         1594    i.port_handler_pin_get  nrfx_gpiote.o
    0x0000badc   0x0000badc   0x00000010   Code   RO         1595    i.port_handler_polarity_get  nrfx_gpiote.o
    0x0000baec   0x0000baec   0x00000048   Code   RO         3146    i.postfix_process   nrf_log_str_formatter.o
    0x0000bb34   0x0000bb34   0x000000a4   Code   RO         3147    i.prefix_process    nrf_log_str_formatter.o
    0x0000bbd8   0x0000bbd8   0x00000018   Code   RO          770    i.prs_box_get       nrfx_prs.o
    0x0000bbf0   0x0000bbf0   0x0000003e   Code   RO         1100    i.rx_byte           nrfx_uart.o
    0x0000bc2e   0x0000bc2e   0x0000001c   Code   RO         1101    i.rx_done_event     nrfx_uart.o
    0x0000bc4a   0x0000bc4a   0x0000001c   Code   RO         1350    i.rx_done_event     nrfx_uarte.o
    0x0000bc66   0x0000bc66   0x00000002   PAD
    0x0000bc68   0x0000bc68   0x00000570   Code   RO         3558    i.sensor_event_cb   imu.o
    0x0000c1d8   0x0000c1d8   0x00000044   Code   RO         5070    i.sensor_needs_bac_algo  icm20948databasecontrol.o
    0x0000c21c   0x0000c21c   0x0000003e   Code   RO         5071    i.sensor_needs_compass  icm20948databasecontrol.o
    0x0000c25a   0x0000c25a   0x00000072   Code   RO         6173    i.sensor_type_2_android_sensor  icm20948setup.o
    0x0000c2cc   0x0000c2cc   0x00000084   Code   RO         2718    i.serial_tx         nrf_log_backend_rtt.o
    0x0000c350   0x0000c350   0x00000080   Code   RO         2826    i.serial_tx         nrf_log_backend_uart.o
    0x0000c3d0   0x0000c3d0   0x0000002c   Code   RO         6174    i.skip_sensor       icm20948setup.o
    0x0000c3fc   0x0000c3fc   0x00000064   Code   RO         2967    i.std_header_set    nrf_log_frontend.o
    0x0000c460   0x0000c460   0x00000070   Code   RO         2968    i.std_n             nrf_log_frontend.o
    0x0000c4d0   0x0000c4d0   0x00000074   Code   RO         2498    i.string_print      nrf_fprintf_format.o
    0x0000c544   0x0000c544   0x00000080   Code   RO         6480    i.timer_event_handler  usr_tmr.o
    0x0000c5c4   0x0000c5c4   0x0000003c   Code   RO         6481    i.timer_init        usr_tmr.o
    0x0000c600   0x0000c600   0x00000002   Code   RO         3148    i.timestamp_print   nrf_log_str_formatter.o
    0x0000c602   0x0000c602   0x00000002   PAD
    0x0000c604   0x0000c604   0x00000098   Code   RO          499    i.twi_clear_bus     nrf_drv_twi.o
    0x0000c69c   0x0000c69c   0x00000078   Code   RO         6412    i.twi_handler       usr_twi.o
    0x0000c714   0x0000c714   0x00000044   Code   RO         6413    i.twi_init          usr_twi.o
    0x0000c758   0x0000c758   0x00000024   Code   RO          876    i.twi_process_error  nrfx_twim.o
    0x0000c77c   0x0000c77c   0x00000048   Code   RO          501    i.twim_evt_handler  nrf_drv_twi.o
    0x0000c7c4   0x0000c7c4   0x000001e8   Code   RO          877    i.twim_irq_handler  nrfx_twim.o
    0x0000c9ac   0x0000c9ac   0x00000330   Code   RO          878    i.twim_xfer         nrfx_twim.o
    0x0000ccdc   0x0000ccdc   0x00000036   Code   RO         1103    i.tx_blocking       nrfx_uart.o
    0x0000cd12   0x0000cd12   0x00000026   Code   RO         1104    i.tx_byte           nrfx_uart.o
    0x0000cd38   0x0000cd38   0x00000020   Code   RO         1105    i.tx_done_event     nrfx_uart.o
    0x0000cd58   0x0000cd58   0x00000020   Code   RO         1351    i.tx_done_event     nrfx_uarte.o
    0x0000cd78   0x0000cd78   0x00000038   Code   RO          574    i.uart_evt_handler  nrf_drv_uart.o
    0x0000cdb0   0x0000cdb0   0x0000000c   Code   RO         2827    i.uart_evt_handler  nrf_log_backend_uart.o
    0x0000cdbc   0x0000cdbc   0x00000060   Code   RO         2828    i.uart_init         nrf_log_backend_uart.o
    0x0000ce1c   0x0000ce1c   0x0000014e   Code   RO         1106    i.uart_irq_handler  nrfx_uart.o
    0x0000cf6a   0x0000cf6a   0x00000002   PAD
    0x0000cf6c   0x0000cf6c   0x00000038   Code   RO          575    i.uarte_evt_handler  nrf_drv_uart.o
    0x0000cfa4   0x0000cfa4   0x00000134   Code   RO         1352    i.uarte_irq_handler  nrfx_uarte.o
    0x0000d0d8   0x0000d0d8   0x000000b8   Code   RO         2499    i.unsigned_print    nrf_fprintf_format.o
    0x0000d190   0x0000d190   0x000000a0   Code   RO          879    i.xfer_completeness_check  nrfx_twim.o
    0x0000d230   0x0000d230   0x00000006   Data   RO           11    .constdata          main.o
    0x0000d236   0x0000d236   0x0000000a   PAD
    0x0000d240   0x0000d240   0x00000006   Data   RO          502    .constdata          nrf_drv_twi.o
    0x0000d246   0x0000d246   0x00000002   PAD
    0x0000d248   0x0000d248   0x00000044   Data   RO          881    .constdata          nrfx_twim.o
    0x0000d28c   0x0000d28c   0x0000002e   Data   RO         1108    .constdata          nrfx_uart.o
    0x0000d2ba   0x0000d2ba   0x00000002   PAD
    0x0000d2bc   0x0000d2bc   0x00000030   Data   RO         1354    .constdata          nrfx_uarte.o
    0x0000d2ec   0x0000d2ec   0x0000003e   Data   RO         1597    .constdata          nrfx_gpiote.o
    0x0000d32a   0x0000d32a   0x00000010   Data   RO         2500    .constdata          nrf_fprintf_format.o
    0x0000d33a   0x0000d33a   0x00000006   PAD
    0x0000d340   0x0000d340   0x00000016   Data   RO         2720    .constdata          nrf_log_backend_rtt.o
    0x0000d356   0x0000d356   0x00000002   PAD
    0x0000d358   0x0000d358   0x0000002c   Data   RO         2830    .constdata          nrf_log_backend_uart.o
    0x0000d384   0x0000d384   0x0000000c   Data   RO         2970    .constdata          nrf_log_frontend.o
    0x0000d390   0x0000d390   0x00000026   Data   RO         3559    .constdata          imu.o
    0x0000d3b6   0x0000d3b6   0x00000002   PAD
    0x0000d3b8   0x0000d3b8   0x00000070   Data   RO         4582    .constdata          deviceicm20948.o
    0x0000d428   0x0000d428   0x0000000c   Data   RO         4898    .constdata          icm20948auxcompassakm.o
    0x0000d434   0x0000d434   0x00000108   Data   RO         5072    .constdata          icm20948databasecontrol.o
    0x0000d53c   0x0000d53c   0x00000200   Data   RO         6113    .constdata          icm20948selftest.o
    0x0000d73c   0x0000d73c   0x0000000c   Data   RO         6175    .constdata          icm20948setup.o
    0x0000d748   0x0000d748   0x00000020   Data   RO         6414    .constdata          usr_twi.o
    0x0000d768   0x0000d768   0x00000010   Data   RO         6482    .constdata          usr_tmr.o
    0x0000d778   0x0000d778   0x00000003   Data   RO         6523    .constdata          usr_gpio.o
    0x0000d77b   0x0000d77b   0x00000081   Data   RO         8503    .constdata          mc_w.l(ctype_o.o)
    0x0000d7fc   0x0000d7fc   0x00000004   Data   RO         8504    .constdata          mc_w.l(ctype_o.o)
    0x0000d800   0x0000d800   0x00000020   Data   RO         8856    .constdata          m_wm.l(rredf.o)
    0x0000d820   0x0000d820   0x00000066   Data   RO         3149    .conststring        nrf_log_str_formatter.o
    0x0000d886   0x0000d886   0x00000002   PAD
    0x0000d888   0x0000d888   0x00000af7   Data   RO         4765    .conststring        sensor.o
    0x0000e37f   0x0000e37f   0x00000001   PAD
    0x0000e380   0x0000e380   0x00000004   Data   RO          772    .conststrlit        nrfx_prs.o
    0x0000e384   0x0000e384   0x00000005   Data   RO          882    .conststrlit        nrfx_twim.o
    0x0000e389   0x0000e389   0x00000003   PAD
    0x0000e38c   0x0000e38c   0x00000005   Data   RO         1109    .conststrlit        nrfx_uart.o
    0x0000e391   0x0000e391   0x00000003   PAD
    0x0000e394   0x0000e394   0x00000006   Data   RO         1355    .conststrlit        nrfx_uarte.o
    0x0000e39a   0x0000e39a   0x00000002   PAD
    0x0000e39c   0x0000e39c   0x00000007   Data   RO         1598    .conststrlit        nrfx_gpiote.o
    0x0000e3a3   0x0000e3a3   0x00000001   PAD
    0x0000e3a4   0x0000e3a4   0x00000006   Data   RO         1933    .conststrlit        nrfx_timer.o
    0x0000e3aa   0x0000e3aa   0x00000002   PAD
    0x0000e3ac   0x0000e3ac   0x00000021   Data   RO         2896    .conststrlit        nrf_log_default_backends.o
    0x0000e3cd   0x0000e3cd   0x00000003   PAD
    0x0000e3d0   0x0000e3d0   0x00000004   Data   RO         2971    .conststrlit        nrf_log_frontend.o
    0x0000e3d4   0x0000e3d4   0x00000020   Data   RO         8904    Region$$Table       anon$$obj.o
    0x0000e3f4   0x0000e3f4   0x00000020   Data   RO         2898    log_backends        nrf_log_default_backends.o
    0x0000e414   0x0000e414   0x00000008   Data   RO          774    log_const_data      nrfx_prs.o
    0x0000e41c   0x0000e41c   0x00000008   Data   RO          883    log_const_data      nrfx_twim.o
    0x0000e424   0x0000e424   0x00000008   Data   RO         1110    log_const_data      nrfx_uart.o
    0x0000e42c   0x0000e42c   0x00000008   Data   RO         1356    log_const_data      nrfx_uarte.o
    0x0000e434   0x0000e434   0x00000008   Data   RO         1599    log_const_data      nrfx_gpiote.o
    0x0000e43c   0x0000e43c   0x00000008   Data   RO         1934    log_const_data      nrfx_timer.o
    0x0000e444   0x0000e444   0x00000008   Data   RO         2973    log_const_data      nrf_log_frontend.o
    0x0000e44c   0x0000e44c   0x00000014   Data   RO         2974    nrf_balloc          nrf_log_frontend.o


    Execution Region RW_IRAM1 (Exec base: 0x20000000, Load base: 0x0000e460, Size: 0x00008e00, Max: 0x00010000, ABSOLUTE, COMPRESSED[0x000029fc])

    Exec Addr    Load Addr    Size         Type   Attr      Idx    E Section Name        Object

    0x20000000   COMPRESSED   0x000037d3   Data   RW           12    .data               main.o
    0x200037d3   COMPRESSED   0x00000001   PAD
    0x200037d4   COMPRESSED   0x00000010   Data   RW          503    .data               nrf_drv_twi.o
    0x200037e4   COMPRESSED   0x00000009   Data   RW          576    .data               nrf_drv_uart.o
    0x200037ed   COMPRESSED   0x00000003   PAD
    0x200037f0   COMPRESSED   0x00000008   Data   RW          773    .data               nrfx_prs.o
    0x200037f8   COMPRESSED   0x00000004   Data   RW         2186    .data               app_util_platform.o
    0x200037fc   COMPRESSED   0x00000001   Data   RW         2721    .data               nrf_log_backend_rtt.o
    0x200037fd   COMPRESSED   0x00000003   PAD
    0x20003800   COMPRESSED   0x00000016   Data   RW         2831    .data               nrf_log_backend_uart.o
    0x20003816   COMPRESSED   0x00000002   PAD
    0x20003818   COMPRESSED   0x00000010   Data   RW         2897    .data               nrf_log_default_backends.o
    0x20003828   COMPRESSED   0x00000014   Data   RW         2972    .data               nrf_log_frontend.o
    0x2000383c   COMPRESSED   0x00000040   Data   RW         3150    .data               nrf_log_str_formatter.o
    0x2000387c   COMPRESSED   0x00000008   Data   RW         3560    .data               imu.o
    0x20003884   COMPRESSED   0x00000008   Data   RW         4252    .data               message.o
    0x2000388c   COMPRESSED   0x00000208   Data   RW         4766    .data               sensor.o
    0x20003a94   COMPRESSED   0x00000008   Data   RW         5282    .data               icm20948databasedriver.o
    0x20003a9c   COMPRESSED   0x00000014   Data   RW         5498    .data               icm20948dataconverter.o
    0x20003ab0   COMPRESSED   0x00000002   Data   RW         5704    .data               icm20948dmp3driver.o
    0x20003ab2   COMPRESSED   0x00000002   PAD
    0x20003ab4   COMPRESSED   0x00000004   Data   RW         6324    .data               icm20948transport.o
    0x20003ab8   COMPRESSED   0x00000001   Data   RW         6415    .data               usr_twi.o
    0x20003ab9   COMPRESSED   0x00000003   PAD
    0x20003abc   COMPRESSED   0x00000004   Data   RW         6935    .data               system_nrf52.o
    0x20003ac0   COMPRESSED   0x00000004   Data   RW         8879    .data               mc_w.l(mvars.o)
    0x20003ac4   COMPRESSED   0x00000004   Data   RW         8880    .data               mc_w.l(mvars.o)
    0x20003ac8   COMPRESSED   0x00000004   Data   RW         8884    .data               mc_w.l(errno.o)
    0x20003acc   COMPRESSED   0x00000004   PAD
    0x20003ad0        -       0x00000530   Zero   RW           10    .bss                main.o
    0x20004000        -       0x00000034   Zero   RW          880    .bss                nrfx_twim.o
    0x20004034        -       0x0000002c   Zero   RW         1107    .bss                nrfx_uart.o
    0x20004060        -       0x00000024   Zero   RW         1353    .bss                nrfx_uarte.o
    0x20004084        -       0x0000004c   Zero   RW         1596    .bss                nrfx_gpiote.o
    0x200040d0        -       0x0000000c   Zero   RW         1931    .bss                nrfx_timer.o
    0x200040dc        -       0x00000040   Zero   RW         2719    .bss                nrf_log_backend_rtt.o
    0x2000411c        -       0x00000040   Zero   RW         2829    .bss                nrf_log_backend_uart.o
    0x2000415c        -       0x00000578   Zero   RW         2969    .bss                nrf_log_frontend.o
    0x200046d4        -       0x00000288   Zero   RW         3230    .bss                segger_rtt.o
    0x2000495c        -       0x000004a4   Zero   RW         5943    .bss                icm20948mpufifocontrol.o
    0x20004e00        -       0x00002000   Zero   RW         6557    HEAP                arm_startup_nrf52.o
    0x20006e00        -       0x00002000   Zero   RW         6556    STACK               arm_startup_nrf52.o


==============================================================================

Image component sizes


      Code (inc. data)   RO Data    RW Data    ZI Data      Debug   Object Name

        28          0          0          0          0       3781   app_error.o
         0          0          0          0          0        392   app_error_handler_keil.o
       192         46          0          0          0      31009   app_error_weak.o
        64         10          0          4          0       3490   app_util_platform.o
        36          8        512          0      16384        932   arm_startup_nrf52.o
         0          0          0          0          0        524   boards.o
      2352        464        112          0          0      41914   deviceicm20948.o
      1682          4          0          0          0      25341   icm20948augmented.o
      1472         14         12          0          0      10355   icm20948auxcompassakm.o
       632          0          0          0          0       8464   icm20948auxtransport.o
      5286        144        264          0          0      30787   icm20948databasecontrol.o
      2216         22          0          8          0      24928   icm20948databasedriver.o
      3450         66          0         20          0      23462   icm20948dataconverter.o
      2404         18          0          2          0      25443   icm20948dmp3driver.o
       212          0          0          0          0       1413   icm20948loadfirmware.o
      2362        100          0          0       1188      28225   icm20948mpufifocontrol.o
      1508         10        512          0          0       8468   icm20948selftest.o
      5684         94         12          0          0      34772   icm20948setup.o
      1424          0          0          4          0      17935   icm20948transport.o
      1860        626         38          8          0      13100   imu.o
      1014        234          6      14291       1328     103597   main.o
       100         18          0          8          0       2982   message.o
       364          0          0          0          0       7858   nrf_atomic.o
       206          0          0          0          0       3803   nrf_balloc.o
       372         30          6         16          0      24155   nrf_drv_twi.o
       252         42          0          9          0      17900   nrf_drv_uart.o
        70          0          0          0          0       3061   nrf_fprintf.o
      1030          6         16          0          0       7258   nrf_fprintf_format.o
       176         16         22          1         64       7165   nrf_log_backend_rtt.o
       242          0          0          0          0      11057   nrf_log_backend_serial.o
       338         52         44         22         64      16254   nrf_log_backend_uart.o
        64          8         65         16          0       3953   nrf_log_default_backends.o
      2218        150         44         20       1400      34577   nrf_log_frontend.o
       626        112        102         64          0       6104   nrf_log_str_formatter.o
       514          0          0          0          0       9811   nrf_memobj.o
        28          0          0          0          0       2391   nrf_ringbuf.o
      1702        122         77          0         76      70608   nrfx_gpiote.o
       134         14         12          8          0       5860   nrfx_prs.o
       510         30         14          0         12      17000   nrfx_timer.o
      2238         54         81          0         52      70062   nrfx_twim.o
      1668         54         59          0         44      70815   nrfx_uart.o
      1686         54         62          0         36      32715   nrfx_uarte.o
       470         44          0          0        648       8593   segger_rtt.o
        40          8       2807        520          0        749   sensor.o
      1552        158          0          4          0      10695   system_nrf52.o
        88         10          3          0          0      10024   usr_gpio.o
       188         74         16          0          0       5734   usr_tmr.o
       528         72         32          1          0      18628   usr_twi.o
         0          0          0          0          0        372   vsensor.o

    ----------------------------------------------------------------------
     51344       2988       5003      15040      21296     918516   Object Totals
         0          0         32          0          0          0   (incl. Generated)
        62          0         41         14          0          0   (incl. Padding)

    ----------------------------------------------------------------------

      Code (inc. data)   RO Data    RW Data    ZI Data      Debug   Library Member Name

       336         56          0          0          0        136   cosf.o
        38          0          0          0          0        116   fpclassifyf.o
        38         12          0          0          0        348   funder.o
       340         24         32          0          0        160   rredf.o
       400         56          0          0          0        212   sinf.o
        58          0          0          0          0        136   sqrtf.o
        86          0          0          0          0          0   __dczerorl2.o
         8          4        133          0          0         68   ctype_o.o
         0          0          0          0          0          0   entry.o
         0          0          0          0          0          0   entry10a.o
         0          0          0          0          0          0   entry11a.o
         4          0          0          0          0          0   entry12b.o
         8          4          0          0          0          0   entry2.o
         4          0          0          0          0          0   entry5.o
         0          0          0          0          0          0   entry7b.o
         0          0          0          0          0          0   entry8b.o
         8          4          0          0          0          0   entry9a.o
        12          6          0          4          0         68   errno.o
        30          0          0          0          0          0   handlers.o
        36          8          0          0          0         68   init.o
         0          0          0          0          0          0   iusefp.o
        30          0          0          0          0         68   llshl.o
        36          0          0          0          0         68   llsshr.o
        32          0          0          0          0         68   llushr.o
       188         20          0          0          0        160   malloc.o
        26          0          0          0          0         80   memcmp.o
        64          0          0          0          0         76   memmovea.o
        36          0          0          0          0        108   memseta.o
         0          0          0          8          0          0   mvars.o
        18          0          0          0          0         68   strcpy.o
        14          0          0          0          0         68   strlen.o
        98          0          0          0          0         92   uldiv.o

    ----------------------------------------------------------------------
      1952        194        165         12          4       2168   Library Totals
         4          0          0          0          4          0   (incl. Padding)

    ----------------------------------------------------------------------

      Code (inc. data)   RO Data    RW Data    ZI Data      Debug   Library Name

      1210        148         32          0          0       1108   m_wm.l
       738         46        133         12          0       1060   mc_w.l

    ----------------------------------------------------------------------
      1952        194        165         12          4       2168   Library Totals

    ----------------------------------------------------------------------

==============================================================================


      Code (inc. data)   RO Data    RW Data    ZI Data      Debug   

     53296       3182       5168      15052      21300     870552   Grand Totals
     53296       3182       5168      10748      21300     870552   ELF Image Totals (compressed)
     53296       3182       5168      10748          0          0   ROM Totals

==============================================================================

    Total RO  Size (Code + RO Data)                58464 (  57.09kB)
    Total RW  Size (RW Data + ZI Data)             36352 (  35.50kB)
    Total ROM Size (Code + RO Data + RW Data)      69212 (  67.59kB)

==============================================================================

