<!doctype html public "-//w3c//dtd html 4.0 transitional//en">
<html><head>
<title>Static Call Graph - [.\_build\nrf52832_xxaa.axf]</title></head>
<body><HR>
<H1>Static Call Graph for image .\_build\nrf52832_xxaa.axf</H1><HR>
<BR><P>#&#060CALLGRAPH&#062# ARM Linker, 5060960: Last Updated: Thu Nov 05 11:47:24 2020
<BR><P>
<H3>Maximum Stack Usage =        792 bytes + Unknown(Cycles, Untraceable Function Pointers)</H3><H3>
Call chain for Maximum Stack Depth:</H3>
inv_device_icm20948_poll &rArr; inv_icm20948_poll_sensor &rArr; inv_icm20948_updateTs &rArr; inv_icm20948_fifo_swmirror &rArr; dmp_get_fifo_all &rArr; dmp_read_fifo &rArr; dmp_reset_fifo &rArr; inv_icm20948_mpu_set_FIFO_RST_Diamond &rArr; inv_icm20948_read_mems_reg &rArr; inv_icm20948_set_chip_power_state &rArr; inv_icm20948_write_single_mems_reg_core &rArr; inv_set_bank &rArr; inv_icm20948_write_reg
<P>
<H3>
Mutually Recursive functions
</H3> <LI><a href="#[3]">NMI_Handler</a>&nbsp;&nbsp;&nbsp;&rArr;&nbsp;&nbsp;&nbsp;<a href="#[3]">NMI_Handler</a><BR>
 <LI><a href="#[4]">HardFault_Handler</a>&nbsp;&nbsp;&nbsp;&rArr;&nbsp;&nbsp;&nbsp;<a href="#[4]">HardFault_Handler</a><BR>
 <LI><a href="#[5]">MemoryManagement_Handler</a>&nbsp;&nbsp;&nbsp;&rArr;&nbsp;&nbsp;&nbsp;<a href="#[5]">MemoryManagement_Handler</a><BR>
 <LI><a href="#[6]">BusFault_Handler</a>&nbsp;&nbsp;&nbsp;&rArr;&nbsp;&nbsp;&nbsp;<a href="#[6]">BusFault_Handler</a><BR>
 <LI><a href="#[7]">UsageFault_Handler</a>&nbsp;&nbsp;&nbsp;&rArr;&nbsp;&nbsp;&nbsp;<a href="#[7]">UsageFault_Handler</a><BR>
 <LI><a href="#[8]">SVC_Handler</a>&nbsp;&nbsp;&nbsp;&rArr;&nbsp;&nbsp;&nbsp;<a href="#[8]">SVC_Handler</a><BR>
 <LI><a href="#[9]">DebugMon_Handler</a>&nbsp;&nbsp;&nbsp;&rArr;&nbsp;&nbsp;&nbsp;<a href="#[9]">DebugMon_Handler</a><BR>
 <LI><a href="#[a]">PendSV_Handler</a>&nbsp;&nbsp;&nbsp;&rArr;&nbsp;&nbsp;&nbsp;<a href="#[a]">PendSV_Handler</a><BR>
 <LI><a href="#[b]">SysTick_Handler</a>&nbsp;&nbsp;&nbsp;&rArr;&nbsp;&nbsp;&nbsp;<a href="#[b]">SysTick_Handler</a><BR>
 <LI><a href="#[1b]">CCM_AAR_IRQHandler</a>&nbsp;&nbsp;&nbsp;&rArr;&nbsp;&nbsp;&nbsp;<a href="#[1b]">CCM_AAR_IRQHandler</a><BR>
 <LI><a href="#[8e]">nrf_log_frontend_dequeue</a>&nbsp;&nbsp;&nbsp;&rArr;&nbsp;&nbsp;&nbsp;<a href="#[8f]">nrf_log_frontend_std_0</a><BR>
 <LI><a href="#[a4]">buffer_add</a>&nbsp;&nbsp;&nbsp;&rArr;&nbsp;&nbsp;&nbsp;<a href="#[a4]">buffer_add</a><BR>
</UL>
<P>
<H3>
Function Pointers
</H3><UL>
 <LI><a href="#[6]">BusFault_Handler</a> from arm_startup_nrf52.o(.text) referenced from arm_startup_nrf52.o(RESET)
 <LI><a href="#[1b]">CCM_AAR_IRQHandler</a> from arm_startup_nrf52.o(.text) referenced from arm_startup_nrf52.o(RESET)
 <LI><a href="#[1f]">COMP_LPCOMP_IRQHandler</a> from arm_startup_nrf52.o(.text) referenced from arm_startup_nrf52.o(RESET)
 <LI><a href="#[9]">DebugMon_Handler</a> from arm_startup_nrf52.o(.text) referenced from arm_startup_nrf52.o(RESET)
 <LI><a href="#[1a]">ECB_IRQHandler</a> from arm_startup_nrf52.o(.text) referenced from arm_startup_nrf52.o(RESET)
 <LI><a href="#[30]">FPU_IRQHandler</a> from arm_startup_nrf52.o(.text) referenced from arm_startup_nrf52.o(RESET)
 <LI><a href="#[12]">GPIOTE_IRQHandler</a> from nrfx_gpiote.o(i.GPIOTE_IRQHandler) referenced from arm_startup_nrf52.o(RESET)
 <LI><a href="#[4]">HardFault_Handler</a> from arm_startup_nrf52.o(.text) referenced from arm_startup_nrf52.o(RESET)
 <LI><a href="#[2f]">I2S_IRQHandler</a> from arm_startup_nrf52.o(.text) referenced from arm_startup_nrf52.o(RESET)
 <LI><a href="#[2a]">MWU_IRQHandler</a> from arm_startup_nrf52.o(.text) referenced from arm_startup_nrf52.o(RESET)
 <LI><a href="#[5]">MemoryManagement_Handler</a> from arm_startup_nrf52.o(.text) referenced from arm_startup_nrf52.o(RESET)
 <LI><a href="#[11]">NFCT_IRQHandler</a> from arm_startup_nrf52.o(.text) referenced from arm_startup_nrf52.o(RESET)
 <LI><a href="#[3]">NMI_Handler</a> from arm_startup_nrf52.o(.text) referenced from arm_startup_nrf52.o(RESET)
 <LI><a href="#[29]">PDM_IRQHandler</a> from arm_startup_nrf52.o(.text) referenced from arm_startup_nrf52.o(RESET)
 <LI><a href="#[c]">POWER_CLOCK_IRQHandler</a> from arm_startup_nrf52.o(.text) referenced from arm_startup_nrf52.o(RESET)
 <LI><a href="#[28]">PWM0_IRQHandler</a> from arm_startup_nrf52.o(.text) referenced from arm_startup_nrf52.o(RESET)
 <LI><a href="#[2b]">PWM1_IRQHandler</a> from arm_startup_nrf52.o(.text) referenced from arm_startup_nrf52.o(RESET)
 <LI><a href="#[2c]">PWM2_IRQHandler</a> from arm_startup_nrf52.o(.text) referenced from arm_startup_nrf52.o(RESET)
 <LI><a href="#[a]">PendSV_Handler</a> from arm_startup_nrf52.o(.text) referenced from arm_startup_nrf52.o(RESET)
 <LI><a href="#[1e]">QDEC_IRQHandler</a> from arm_startup_nrf52.o(.text) referenced from arm_startup_nrf52.o(RESET)
 <LI><a href="#[d]">RADIO_IRQHandler</a> from arm_startup_nrf52.o(.text) referenced from arm_startup_nrf52.o(RESET)
 <LI><a href="#[19]">RNG_IRQHandler</a> from arm_startup_nrf52.o(.text) referenced from arm_startup_nrf52.o(RESET)
 <LI><a href="#[17]">RTC0_IRQHandler</a> from arm_startup_nrf52.o(.text) referenced from arm_startup_nrf52.o(RESET)
 <LI><a href="#[1d]">RTC1_IRQHandler</a> from arm_startup_nrf52.o(.text) referenced from arm_startup_nrf52.o(RESET)
 <LI><a href="#[2e]">RTC2_IRQHandler</a> from arm_startup_nrf52.o(.text) referenced from arm_startup_nrf52.o(RESET)
 <LI><a href="#[2]">Reset_Handler</a> from arm_startup_nrf52.o(.text) referenced from arm_startup_nrf52.o(RESET)
 <LI><a href="#[13]">SAADC_IRQHandler</a> from arm_startup_nrf52.o(.text) referenced from arm_startup_nrf52.o(RESET)
 <LI><a href="#[f]">SPIM0_SPIS0_TWIM0_TWIS0_SPI0_TWI0_IRQHandler</a> from nrfx_twim.o(i.SPIM0_SPIS0_TWIM0_TWIS0_SPI0_TWI0_IRQHandler) referenced from nrfx_twim.o(.constdata)
 <LI><a href="#[f]">SPIM0_SPIS0_TWIM0_TWIS0_SPI0_TWI0_IRQHandler</a> from nrfx_twim.o(i.SPIM0_SPIS0_TWIM0_TWIS0_SPI0_TWI0_IRQHandler) referenced from arm_startup_nrf52.o(RESET)
 <LI><a href="#[10]">SPIM1_SPIS1_TWIM1_TWIS1_SPI1_TWI1_IRQHandler</a> from arm_startup_nrf52.o(.text) referenced from arm_startup_nrf52.o(RESET)
 <LI><a href="#[2d]">SPIM2_SPIS2_SPI2_IRQHandler</a> from arm_startup_nrf52.o(.text) referenced from arm_startup_nrf52.o(RESET)
 <LI><a href="#[8]">SVC_Handler</a> from arm_startup_nrf52.o(.text) referenced from arm_startup_nrf52.o(RESET)
 <LI><a href="#[20]">SWI0_EGU0_IRQHandler</a> from arm_startup_nrf52.o(.text) referenced from arm_startup_nrf52.o(RESET)
 <LI><a href="#[21]">SWI1_EGU1_IRQHandler</a> from arm_startup_nrf52.o(.text) referenced from arm_startup_nrf52.o(RESET)
 <LI><a href="#[22]">SWI2_EGU2_IRQHandler</a> from arm_startup_nrf52.o(.text) referenced from arm_startup_nrf52.o(RESET)
 <LI><a href="#[23]">SWI3_EGU3_IRQHandler</a> from arm_startup_nrf52.o(.text) referenced from arm_startup_nrf52.o(RESET)
 <LI><a href="#[24]">SWI4_EGU4_IRQHandler</a> from arm_startup_nrf52.o(.text) referenced from arm_startup_nrf52.o(RESET)
 <LI><a href="#[25]">SWI5_EGU5_IRQHandler</a> from arm_startup_nrf52.o(.text) referenced from arm_startup_nrf52.o(RESET)
 <LI><a href="#[b]">SysTick_Handler</a> from arm_startup_nrf52.o(.text) referenced from arm_startup_nrf52.o(RESET)
 <LI><a href="#[32]">SystemInit</a> from system_nrf52.o(i.SystemInit) referenced from arm_startup_nrf52.o(.text)
 <LI><a href="#[18]">TEMP_IRQHandler</a> from arm_startup_nrf52.o(.text) referenced from arm_startup_nrf52.o(RESET)
 <LI><a href="#[14]">TIMER0_IRQHandler</a> from nrfx_timer.o(i.TIMER0_IRQHandler) referenced from arm_startup_nrf52.o(RESET)
 <LI><a href="#[15]">TIMER1_IRQHandler</a> from arm_startup_nrf52.o(.text) referenced from arm_startup_nrf52.o(RESET)
 <LI><a href="#[16]">TIMER2_IRQHandler</a> from arm_startup_nrf52.o(.text) referenced from arm_startup_nrf52.o(RESET)
 <LI><a href="#[26]">TIMER3_IRQHandler</a> from arm_startup_nrf52.o(.text) referenced from arm_startup_nrf52.o(RESET)
 <LI><a href="#[27]">TIMER4_IRQHandler</a> from arm_startup_nrf52.o(.text) referenced from arm_startup_nrf52.o(RESET)
 <LI><a href="#[e]">UARTE0_UART0_IRQHandler</a> from nrfx_prs.o(i.UARTE0_UART0_IRQHandler) referenced from arm_startup_nrf52.o(RESET)
 <LI><a href="#[7]">UsageFault_Handler</a> from arm_startup_nrf52.o(.text) referenced from arm_startup_nrf52.o(RESET)
 <LI><a href="#[1c]">WDT_IRQHandler</a> from arm_startup_nrf52.o(.text) referenced from arm_startup_nrf52.o(RESET)
 <LI><a href="#[33]">__main</a> from entry.o(.ARM.Collect$$$$00000000) referenced from arm_startup_nrf52.o(.text)
 <LI><a href="#[35]">data_handler</a> from deviceicm20948.o(i.data_handler) referenced from deviceicm20948.o(i.inv_device_icm20948_poll)
 <LI><a href="#[59]">host_serif_read_reg_legacy</a> from deviceicm20948.o(i.host_serif_read_reg_legacy) referenced from deviceicm20948.o(.constdata)
 <LI><a href="#[5a]">host_serif_write_reg_legacy</a> from deviceicm20948.o(i.host_serif_write_reg_legacy) referenced from deviceicm20948.o(.constdata)
 <LI><a href="#[34]">in_pin_handler</a> from main.o(i.in_pin_handler) referenced from main.o(i.gpio_init)
 <LI><a href="#[4c]">inv_device_icm20948_cleanup</a> from deviceicm20948.o(i.inv_device_icm20948_cleanup) referenced from deviceicm20948.o(.constdata)
 <LI><a href="#[51]">inv_device_icm20948_enable_sensor</a> from deviceicm20948.o(i.inv_device_icm20948_enable_sensor) referenced from deviceicm20948.o(.constdata)
 <LI><a href="#[56]">inv_device_icm20948_get_sensor_config</a> from deviceicm20948.o(i.inv_device_icm20948_get_sensor_config) referenced from deviceicm20948.o(.constdata)
 <LI><a href="#[4d]">inv_device_icm20948_load</a> from deviceicm20948.o(i.inv_device_icm20948_load) referenced from deviceicm20948.o(.constdata)
 <LI><a href="#[50]">inv_device_icm20948_ping_sensor</a> from deviceicm20948.o(i.inv_device_icm20948_ping_sensor) referenced from deviceicm20948.o(.constdata)
 <LI><a href="#[4e]">inv_device_icm20948_poll</a> from deviceicm20948.o(i.inv_device_icm20948_poll) referenced from deviceicm20948.o(.constdata)
 <LI><a href="#[58]">inv_device_icm20948_read_mems_register</a> from deviceicm20948.o(i.inv_device_icm20948_read_mems_register) referenced from deviceicm20948.o(.constdata)
 <LI><a href="#[4a]">inv_device_icm20948_reset</a> from deviceicm20948.o(i.inv_device_icm20948_reset) referenced from deviceicm20948.o(.constdata)
 <LI><a href="#[4f]">inv_device_icm20948_self_test</a> from deviceicm20948.o(i.inv_device_icm20948_self_test) referenced from deviceicm20948.o(.constdata)
 <LI><a href="#[55]">inv_device_icm20948_set_sensor_config</a> from deviceicm20948.o(i.inv_device_icm20948_set_sensor_config) referenced from deviceicm20948.o(.constdata)
 <LI><a href="#[54]">inv_device_icm20948_set_sensor_mounting_matrix</a> from deviceicm20948.o(i.inv_device_icm20948_set_sensor_mounting_matrix) referenced from deviceicm20948.o(.constdata)
 <LI><a href="#[52]">inv_device_icm20948_set_sensor_period_us</a> from deviceicm20948.o(i.inv_device_icm20948_set_sensor_period_us) referenced from deviceicm20948.o(.constdata)
 <LI><a href="#[53]">inv_device_icm20948_set_sensor_timeout</a> from deviceicm20948.o(i.inv_device_icm20948_set_sensor_timeout) referenced from deviceicm20948.o(.constdata)
 <LI><a href="#[4b]">inv_device_icm20948_setup</a> from deviceicm20948.o(i.inv_device_icm20948_setup) referenced from deviceicm20948.o(.constdata)
 <LI><a href="#[49]">inv_device_icm20948_whoami</a> from deviceicm20948.o(i.inv_device_icm20948_whoami) referenced from deviceicm20948.o(.constdata)
 <LI><a href="#[57]">inv_device_icm20948_write_mems_register</a> from deviceicm20948.o(i.inv_device_icm20948_write_mems_register) referenced from deviceicm20948.o(.constdata)
 <LI><a href="#[31]">main</a> from main.o(i.main) referenced from entry9a.o(.ARM.Collect$$$$0000000B)
 <LI><a href="#[36]">msg_printer</a> from main.o(i.msg_printer) referenced from main.o(i.main)
 <LI><a href="#[3f]">my_serif_open_read_reg</a> from imu.o(i.my_serif_open_read_reg) referenced from main.o(.constdata)
 <LI><a href="#[40]">my_serif_open_write_reg</a> from imu.o(i.my_serif_open_write_reg) referenced from main.o(.constdata)
 <LI><a href="#[45]">nrf_log_backend_rtt_flush</a> from nrf_log_backend_rtt.o(i.nrf_log_backend_rtt_flush) referenced from nrf_log_backend_rtt.o(.constdata)
 <LI><a href="#[44]">nrf_log_backend_rtt_panic_set</a> from nrf_log_backend_rtt.o(i.nrf_log_backend_rtt_panic_set) referenced from nrf_log_backend_rtt.o(.constdata)
 <LI><a href="#[43]">nrf_log_backend_rtt_put</a> from nrf_log_backend_rtt.o(i.nrf_log_backend_rtt_put) referenced from nrf_log_backend_rtt.o(.constdata)
 <LI><a href="#[48]">nrf_log_backend_uart_flush</a> from nrf_log_backend_uart.o(i.nrf_log_backend_uart_flush) referenced from nrf_log_backend_uart.o(.constdata)
 <LI><a href="#[47]">nrf_log_backend_uart_panic_set</a> from nrf_log_backend_uart.o(i.nrf_log_backend_uart_panic_set) referenced from nrf_log_backend_uart.o(.constdata)
 <LI><a href="#[46]">nrf_log_backend_uart_put</a> from nrf_log_backend_uart.o(i.nrf_log_backend_uart_put) referenced from nrf_log_backend_uart.o(.constdata)
 <LI><a href="#[41]">nrfx_uart_0_irq_handler</a> from nrfx_uart.o(i.nrfx_uart_0_irq_handler) referenced from nrfx_uart.o(.constdata)
 <LI><a href="#[42]">nrfx_uarte_0_irq_handler</a> from nrfx_uarte.o(i.nrfx_uarte_0_irq_handler) referenced from nrfx_uarte.o(.constdata)
 <LI><a href="#[1]">sensor_event_cb</a> from main.o(i.sensor_event_cb) referenced 2 times from main.o(.data)
 <LI><a href="#[3a]">serial_tx</a> from nrf_log_backend_rtt.o(i.serial_tx) referenced from nrf_log_backend_rtt.o(i.nrf_log_backend_rtt_put)
 <LI><a href="#[3b]">serial_tx</a> from nrf_log_backend_uart.o(i.serial_tx) referenced from nrf_log_backend_uart.o(i.nrf_log_backend_uart_put)
 <LI><a href="#[3c]">timer_led_event_handler</a> from main.o(i.timer_led_event_handler) referenced from main.o(i.timer_init)
 <LI><a href="#[3d]">twi_handler</a> from usr_twi.o(i.twi_handler) referenced from usr_twi.o(i.twi_init)
 <LI><a href="#[37]">twim_evt_handler</a> from nrf_drv_twi.o(i.twim_evt_handler) referenced from nrf_drv_twi.o(i.nrf_drv_twi_init)
 <LI><a href="#[39]">uart_evt_handler</a> from nrf_drv_uart.o(i.uart_evt_handler) referenced from nrf_drv_uart.o(i.nrf_drv_uart_init)
 <LI><a href="#[3e]">uart_evt_handler</a> from nrf_log_backend_uart.o(i.uart_evt_handler) referenced from nrf_log_backend_uart.o(i.uart_init)
 <LI><a href="#[38]">uarte_evt_handler</a> from nrf_drv_uart.o(i.uarte_evt_handler) referenced from nrf_drv_uart.o(i.nrf_drv_uart_init)
</UL>
<P>
<H3>
Global Symbols
</H3>
<P><STRONG><a name="[33]"></a>__main</STRONG> (Thumb, 0 bytes, Stack size unknown bytes, entry.o(.ARM.Collect$$$$00000000))
<BR>[Address Reference Count : 1]<UL><LI> arm_startup_nrf52.o(.text)
</UL>
<P><STRONG><a name="[23e]"></a>_main_stk</STRONG> (Thumb, 0 bytes, Stack size unknown bytes, entry2.o(.ARM.Collect$$$$00000001))

<P><STRONG><a name="[5b]"></a>_main_scatterload</STRONG> (Thumb, 0 bytes, Stack size unknown bytes, entry5.o(.ARM.Collect$$$$00000004))
<BR><BR>[Calls]<UL><LI><a href="#[5c]">&gt;&gt;</a>&nbsp;&nbsp;&nbsp;__scatterload
</UL>

<P><STRONG><a name="[63]"></a>__main_after_scatterload</STRONG> (Thumb, 0 bytes, Stack size unknown bytes, entry5.o(.ARM.Collect$$$$00000004))
<BR><BR>[Called By]<UL><LI><a href="#[5c]">&gt;&gt;</a>&nbsp;&nbsp;&nbsp;__scatterload
</UL>

<P><STRONG><a name="[23f]"></a>_main_clock</STRONG> (Thumb, 0 bytes, Stack size unknown bytes, entry7b.o(.ARM.Collect$$$$00000008))

<P><STRONG><a name="[240]"></a>_main_cpp_init</STRONG> (Thumb, 0 bytes, Stack size unknown bytes, entry8b.o(.ARM.Collect$$$$0000000A))

<P><STRONG><a name="[241]"></a>_main_init</STRONG> (Thumb, 0 bytes, Stack size unknown bytes, entry9a.o(.ARM.Collect$$$$0000000B))

<P><STRONG><a name="[242]"></a>__rt_lib_shutdown_fini</STRONG> (Thumb, 0 bytes, Stack size unknown bytes, entry12b.o(.ARM.Collect$$$$0000000E))

<P><STRONG><a name="[243]"></a>__rt_final_cpp</STRONG> (Thumb, 0 bytes, Stack size unknown bytes, entry10a.o(.ARM.Collect$$$$0000000F))

<P><STRONG><a name="[244]"></a>__rt_final_exit</STRONG> (Thumb, 0 bytes, Stack size unknown bytes, entry11a.o(.ARM.Collect$$$$00000011))

<P><STRONG><a name="[1b9]"></a>__asm___12_nrf_atomic_c_85ca2469__nrf_atomic_internal_mov</STRONG> (Thumb, 24 bytes, Stack size 0 bytes, nrf_atomic.o(.emb_text))
<BR><BR>[Called By]<UL><LI><a href="#[d5]">&gt;&gt;</a>&nbsp;&nbsp;&nbsp;nrf_atomic_u32_fetch_store
</UL>

<P><STRONG><a name="[1ba]"></a>__asm___12_nrf_atomic_c_85ca2469__nrf_atomic_internal_orr</STRONG> (Thumb, 26 bytes, Stack size 0 bytes, nrf_atomic.o(.emb_text))
<BR><BR>[Called By]<UL><LI><a href="#[1b6]">&gt;&gt;</a>&nbsp;&nbsp;&nbsp;nrf_atomic_u32_or
</UL>

<P><STRONG><a name="[1b8]"></a>__asm___12_nrf_atomic_c_85ca2469__nrf_atomic_internal_and</STRONG> (Thumb, 26 bytes, Stack size 0 bytes, nrf_atomic.o(.emb_text))
<BR><BR>[Called By]<UL><LI><a href="#[1b5]">&gt;&gt;</a>&nbsp;&nbsp;&nbsp;nrf_atomic_u32_fetch_and
</UL>

<P><STRONG><a name="[245]"></a>__asm___12_nrf_atomic_c_85ca2469__nrf_atomic_internal_eor</STRONG> (Thumb, 26 bytes, Stack size 0 bytes, nrf_atomic.o(.emb_text), UNUSED)

<P><STRONG><a name="[1b7]"></a>__asm___12_nrf_atomic_c_85ca2469__nrf_atomic_internal_add</STRONG> (Thumb, 26 bytes, Stack size 0 bytes, nrf_atomic.o(.emb_text))
<BR><BR>[Called By]<UL><LI><a href="#[a2]">&gt;&gt;</a>&nbsp;&nbsp;&nbsp;nrf_atomic_u32_add
</UL>

<P><STRONG><a name="[1bc]"></a>__asm___12_nrf_atomic_c_85ca2469__nrf_atomic_internal_sub</STRONG> (Thumb, 26 bytes, Stack size 0 bytes, nrf_atomic.o(.emb_text))
<BR><BR>[Called By]<UL><LI><a href="#[1bb]">&gt;&gt;</a>&nbsp;&nbsp;&nbsp;nrf_atomic_u32_sub
</UL>

<P><STRONG><a name="[246]"></a>__asm___12_nrf_atomic_c_85ca2469__nrf_atomic_internal_cmp_exch</STRONG> (Thumb, 42 bytes, Stack size 0 bytes, nrf_atomic.o(.emb_text), UNUSED)

<P><STRONG><a name="[247]"></a>__asm___12_nrf_atomic_c_85ca2469__nrf_atomic_internal_sub_hs</STRONG> (Thumb, 30 bytes, Stack size 0 bytes, nrf_atomic.o(.emb_text), UNUSED)

<P><STRONG><a name="[2]"></a>Reset_Handler</STRONG> (Thumb, 8 bytes, Stack size 0 bytes, arm_startup_nrf52.o(.text))
<BR>[Address Reference Count : 1]<UL><LI> arm_startup_nrf52.o(RESET)
</UL>
<P><STRONG><a name="[3]"></a>NMI_Handler</STRONG> (Thumb, 2 bytes, Stack size 0 bytes, arm_startup_nrf52.o(.text))
<BR><BR>[Calls]<UL><LI><a href="#[3]">&gt;&gt;</a>&nbsp;&nbsp;&nbsp;NMI_Handler
</UL>
<BR>[Called By]<UL><LI><a href="#[3]">&gt;&gt;</a>&nbsp;&nbsp;&nbsp;NMI_Handler
</UL>
<BR>[Address Reference Count : 1]<UL><LI> arm_startup_nrf52.o(RESET)
</UL>
<P><STRONG><a name="[4]"></a>HardFault_Handler</STRONG> (Thumb, 2 bytes, Stack size 0 bytes, arm_startup_nrf52.o(.text))
<BR><BR>[Calls]<UL><LI><a href="#[4]">&gt;&gt;</a>&nbsp;&nbsp;&nbsp;HardFault_Handler
</UL>
<BR>[Called By]<UL><LI><a href="#[4]">&gt;&gt;</a>&nbsp;&nbsp;&nbsp;HardFault_Handler
</UL>
<BR>[Address Reference Count : 1]<UL><LI> arm_startup_nrf52.o(RESET)
</UL>
<P><STRONG><a name="[5]"></a>MemoryManagement_Handler</STRONG> (Thumb, 2 bytes, Stack size 0 bytes, arm_startup_nrf52.o(.text))
<BR><BR>[Calls]<UL><LI><a href="#[5]">&gt;&gt;</a>&nbsp;&nbsp;&nbsp;MemoryManagement_Handler
</UL>
<BR>[Called By]<UL><LI><a href="#[5]">&gt;&gt;</a>&nbsp;&nbsp;&nbsp;MemoryManagement_Handler
</UL>
<BR>[Address Reference Count : 1]<UL><LI> arm_startup_nrf52.o(RESET)
</UL>
<P><STRONG><a name="[6]"></a>BusFault_Handler</STRONG> (Thumb, 2 bytes, Stack size 0 bytes, arm_startup_nrf52.o(.text))
<BR><BR>[Calls]<UL><LI><a href="#[6]">&gt;&gt;</a>&nbsp;&nbsp;&nbsp;BusFault_Handler
</UL>
<BR>[Called By]<UL><LI><a href="#[6]">&gt;&gt;</a>&nbsp;&nbsp;&nbsp;BusFault_Handler
</UL>
<BR>[Address Reference Count : 1]<UL><LI> arm_startup_nrf52.o(RESET)
</UL>
<P><STRONG><a name="[7]"></a>UsageFault_Handler</STRONG> (Thumb, 2 bytes, Stack size 0 bytes, arm_startup_nrf52.o(.text))
<BR><BR>[Calls]<UL><LI><a href="#[7]">&gt;&gt;</a>&nbsp;&nbsp;&nbsp;UsageFault_Handler
</UL>
<BR>[Called By]<UL><LI><a href="#[7]">&gt;&gt;</a>&nbsp;&nbsp;&nbsp;UsageFault_Handler
</UL>
<BR>[Address Reference Count : 1]<UL><LI> arm_startup_nrf52.o(RESET)
</UL>
<P><STRONG><a name="[8]"></a>SVC_Handler</STRONG> (Thumb, 2 bytes, Stack size 0 bytes, arm_startup_nrf52.o(.text))
<BR><BR>[Calls]<UL><LI><a href="#[8]">&gt;&gt;</a>&nbsp;&nbsp;&nbsp;SVC_Handler
</UL>
<BR>[Called By]<UL><LI><a href="#[8]">&gt;&gt;</a>&nbsp;&nbsp;&nbsp;SVC_Handler
</UL>
<BR>[Address Reference Count : 1]<UL><LI> arm_startup_nrf52.o(RESET)
</UL>
<P><STRONG><a name="[9]"></a>DebugMon_Handler</STRONG> (Thumb, 2 bytes, Stack size 0 bytes, arm_startup_nrf52.o(.text))
<BR><BR>[Calls]<UL><LI><a href="#[9]">&gt;&gt;</a>&nbsp;&nbsp;&nbsp;DebugMon_Handler
</UL>
<BR>[Called By]<UL><LI><a href="#[9]">&gt;&gt;</a>&nbsp;&nbsp;&nbsp;DebugMon_Handler
</UL>
<BR>[Address Reference Count : 1]<UL><LI> arm_startup_nrf52.o(RESET)
</UL>
<P><STRONG><a name="[a]"></a>PendSV_Handler</STRONG> (Thumb, 2 bytes, Stack size 0 bytes, arm_startup_nrf52.o(.text))
<BR><BR>[Calls]<UL><LI><a href="#[a]">&gt;&gt;</a>&nbsp;&nbsp;&nbsp;PendSV_Handler
</UL>
<BR>[Called By]<UL><LI><a href="#[a]">&gt;&gt;</a>&nbsp;&nbsp;&nbsp;PendSV_Handler
</UL>
<BR>[Address Reference Count : 1]<UL><LI> arm_startup_nrf52.o(RESET)
</UL>
<P><STRONG><a name="[b]"></a>SysTick_Handler</STRONG> (Thumb, 2 bytes, Stack size 0 bytes, arm_startup_nrf52.o(.text))
<BR><BR>[Calls]<UL><LI><a href="#[b]">&gt;&gt;</a>&nbsp;&nbsp;&nbsp;SysTick_Handler
</UL>
<BR>[Called By]<UL><LI><a href="#[b]">&gt;&gt;</a>&nbsp;&nbsp;&nbsp;SysTick_Handler
</UL>
<BR>[Address Reference Count : 1]<UL><LI> arm_startup_nrf52.o(RESET)
</UL>
<P><STRONG><a name="[1b]"></a>CCM_AAR_IRQHandler</STRONG> (Thumb, 0 bytes, Stack size 0 bytes, arm_startup_nrf52.o(.text))
<BR><BR>[Calls]<UL><LI><a href="#[1b]">&gt;&gt;</a>&nbsp;&nbsp;&nbsp;CCM_AAR_IRQHandler
</UL>
<BR>[Called By]<UL><LI><a href="#[1b]">&gt;&gt;</a>&nbsp;&nbsp;&nbsp;CCM_AAR_IRQHandler
</UL>
<BR>[Address Reference Count : 1]<UL><LI> arm_startup_nrf52.o(RESET)
</UL>
<P><STRONG><a name="[1f]"></a>COMP_LPCOMP_IRQHandler</STRONG> (Thumb, 0 bytes, Stack size 0 bytes, arm_startup_nrf52.o(.text))
<BR>[Address Reference Count : 1]<UL><LI> arm_startup_nrf52.o(RESET)
</UL>
<P><STRONG><a name="[1a]"></a>ECB_IRQHandler</STRONG> (Thumb, 0 bytes, Stack size 0 bytes, arm_startup_nrf52.o(.text))
<BR>[Address Reference Count : 1]<UL><LI> arm_startup_nrf52.o(RESET)
</UL>
<P><STRONG><a name="[30]"></a>FPU_IRQHandler</STRONG> (Thumb, 0 bytes, Stack size 0 bytes, arm_startup_nrf52.o(.text))
<BR>[Address Reference Count : 1]<UL><LI> arm_startup_nrf52.o(RESET)
</UL>
<P><STRONG><a name="[2f]"></a>I2S_IRQHandler</STRONG> (Thumb, 0 bytes, Stack size 0 bytes, arm_startup_nrf52.o(.text))
<BR>[Address Reference Count : 1]<UL><LI> arm_startup_nrf52.o(RESET)
</UL>
<P><STRONG><a name="[2a]"></a>MWU_IRQHandler</STRONG> (Thumb, 0 bytes, Stack size 0 bytes, arm_startup_nrf52.o(.text))
<BR>[Address Reference Count : 1]<UL><LI> arm_startup_nrf52.o(RESET)
</UL>
<P><STRONG><a name="[11]"></a>NFCT_IRQHandler</STRONG> (Thumb, 0 bytes, Stack size 0 bytes, arm_startup_nrf52.o(.text))
<BR>[Address Reference Count : 1]<UL><LI> arm_startup_nrf52.o(RESET)
</UL>
<P><STRONG><a name="[29]"></a>PDM_IRQHandler</STRONG> (Thumb, 0 bytes, Stack size 0 bytes, arm_startup_nrf52.o(.text))
<BR>[Address Reference Count : 1]<UL><LI> arm_startup_nrf52.o(RESET)
</UL>
<P><STRONG><a name="[c]"></a>POWER_CLOCK_IRQHandler</STRONG> (Thumb, 0 bytes, Stack size 0 bytes, arm_startup_nrf52.o(.text))
<BR>[Address Reference Count : 1]<UL><LI> arm_startup_nrf52.o(RESET)
</UL>
<P><STRONG><a name="[28]"></a>PWM0_IRQHandler</STRONG> (Thumb, 0 bytes, Stack size 0 bytes, arm_startup_nrf52.o(.text))
<BR>[Address Reference Count : 1]<UL><LI> arm_startup_nrf52.o(RESET)
</UL>
<P><STRONG><a name="[2b]"></a>PWM1_IRQHandler</STRONG> (Thumb, 0 bytes, Stack size 0 bytes, arm_startup_nrf52.o(.text))
<BR>[Address Reference Count : 1]<UL><LI> arm_startup_nrf52.o(RESET)
</UL>
<P><STRONG><a name="[2c]"></a>PWM2_IRQHandler</STRONG> (Thumb, 0 bytes, Stack size 0 bytes, arm_startup_nrf52.o(.text))
<BR>[Address Reference Count : 1]<UL><LI> arm_startup_nrf52.o(RESET)
</UL>
<P><STRONG><a name="[1e]"></a>QDEC_IRQHandler</STRONG> (Thumb, 0 bytes, Stack size 0 bytes, arm_startup_nrf52.o(.text))
<BR>[Address Reference Count : 1]<UL><LI> arm_startup_nrf52.o(RESET)
</UL>
<P><STRONG><a name="[d]"></a>RADIO_IRQHandler</STRONG> (Thumb, 0 bytes, Stack size 0 bytes, arm_startup_nrf52.o(.text))
<BR>[Address Reference Count : 1]<UL><LI> arm_startup_nrf52.o(RESET)
</UL>
<P><STRONG><a name="[19]"></a>RNG_IRQHandler</STRONG> (Thumb, 0 bytes, Stack size 0 bytes, arm_startup_nrf52.o(.text))
<BR>[Address Reference Count : 1]<UL><LI> arm_startup_nrf52.o(RESET)
</UL>
<P><STRONG><a name="[17]"></a>RTC0_IRQHandler</STRONG> (Thumb, 0 bytes, Stack size 0 bytes, arm_startup_nrf52.o(.text))
<BR>[Address Reference Count : 1]<UL><LI> arm_startup_nrf52.o(RESET)
</UL>
<P><STRONG><a name="[1d]"></a>RTC1_IRQHandler</STRONG> (Thumb, 0 bytes, Stack size 0 bytes, arm_startup_nrf52.o(.text))
<BR>[Address Reference Count : 1]<UL><LI> arm_startup_nrf52.o(RESET)
</UL>
<P><STRONG><a name="[2e]"></a>RTC2_IRQHandler</STRONG> (Thumb, 0 bytes, Stack size 0 bytes, arm_startup_nrf52.o(.text))
<BR>[Address Reference Count : 1]<UL><LI> arm_startup_nrf52.o(RESET)
</UL>
<P><STRONG><a name="[13]"></a>SAADC_IRQHandler</STRONG> (Thumb, 0 bytes, Stack size 0 bytes, arm_startup_nrf52.o(.text))
<BR>[Address Reference Count : 1]<UL><LI> arm_startup_nrf52.o(RESET)
</UL>
<P><STRONG><a name="[10]"></a>SPIM1_SPIS1_TWIM1_TWIS1_SPI1_TWI1_IRQHandler</STRONG> (Thumb, 0 bytes, Stack size 0 bytes, arm_startup_nrf52.o(.text))
<BR>[Address Reference Count : 1]<UL><LI> arm_startup_nrf52.o(RESET)
</UL>
<P><STRONG><a name="[2d]"></a>SPIM2_SPIS2_SPI2_IRQHandler</STRONG> (Thumb, 0 bytes, Stack size 0 bytes, arm_startup_nrf52.o(.text))
<BR>[Address Reference Count : 1]<UL><LI> arm_startup_nrf52.o(RESET)
</UL>
<P><STRONG><a name="[20]"></a>SWI0_EGU0_IRQHandler</STRONG> (Thumb, 0 bytes, Stack size 0 bytes, arm_startup_nrf52.o(.text))
<BR>[Address Reference Count : 1]<UL><LI> arm_startup_nrf52.o(RESET)
</UL>
<P><STRONG><a name="[21]"></a>SWI1_EGU1_IRQHandler</STRONG> (Thumb, 0 bytes, Stack size 0 bytes, arm_startup_nrf52.o(.text))
<BR>[Address Reference Count : 1]<UL><LI> arm_startup_nrf52.o(RESET)
</UL>
<P><STRONG><a name="[22]"></a>SWI2_EGU2_IRQHandler</STRONG> (Thumb, 0 bytes, Stack size 0 bytes, arm_startup_nrf52.o(.text))
<BR>[Address Reference Count : 1]<UL><LI> arm_startup_nrf52.o(RESET)
</UL>
<P><STRONG><a name="[23]"></a>SWI3_EGU3_IRQHandler</STRONG> (Thumb, 0 bytes, Stack size 0 bytes, arm_startup_nrf52.o(.text))
<BR>[Address Reference Count : 1]<UL><LI> arm_startup_nrf52.o(RESET)
</UL>
<P><STRONG><a name="[24]"></a>SWI4_EGU4_IRQHandler</STRONG> (Thumb, 0 bytes, Stack size 0 bytes, arm_startup_nrf52.o(.text))
<BR>[Address Reference Count : 1]<UL><LI> arm_startup_nrf52.o(RESET)
</UL>
<P><STRONG><a name="[25]"></a>SWI5_EGU5_IRQHandler</STRONG> (Thumb, 0 bytes, Stack size 0 bytes, arm_startup_nrf52.o(.text))
<BR>[Address Reference Count : 1]<UL><LI> arm_startup_nrf52.o(RESET)
</UL>
<P><STRONG><a name="[18]"></a>TEMP_IRQHandler</STRONG> (Thumb, 0 bytes, Stack size 0 bytes, arm_startup_nrf52.o(.text))
<BR>[Address Reference Count : 1]<UL><LI> arm_startup_nrf52.o(RESET)
</UL>
<P><STRONG><a name="[15]"></a>TIMER1_IRQHandler</STRONG> (Thumb, 0 bytes, Stack size 0 bytes, arm_startup_nrf52.o(.text))
<BR>[Address Reference Count : 1]<UL><LI> arm_startup_nrf52.o(RESET)
</UL>
<P><STRONG><a name="[16]"></a>TIMER2_IRQHandler</STRONG> (Thumb, 0 bytes, Stack size 0 bytes, arm_startup_nrf52.o(.text))
<BR>[Address Reference Count : 1]<UL><LI> arm_startup_nrf52.o(RESET)
</UL>
<P><STRONG><a name="[26]"></a>TIMER3_IRQHandler</STRONG> (Thumb, 0 bytes, Stack size 0 bytes, arm_startup_nrf52.o(.text))
<BR>[Address Reference Count : 1]<UL><LI> arm_startup_nrf52.o(RESET)
</UL>
<P><STRONG><a name="[27]"></a>TIMER4_IRQHandler</STRONG> (Thumb, 0 bytes, Stack size 0 bytes, arm_startup_nrf52.o(.text))
<BR>[Address Reference Count : 1]<UL><LI> arm_startup_nrf52.o(RESET)
</UL>
<P><STRONG><a name="[1c]"></a>WDT_IRQHandler</STRONG> (Thumb, 0 bytes, Stack size 0 bytes, arm_startup_nrf52.o(.text))
<BR>[Address Reference Count : 1]<UL><LI> arm_startup_nrf52.o(RESET)
</UL>
<P><STRONG><a name="[5d]"></a>__aeabi_uldivmod</STRONG> (Thumb, 98 bytes, Stack size 40 bytes, uldiv.o(.text))
<BR><BR>[Stack]<UL><LI>Max Depth = 40<LI>Call Chain = __aeabi_uldivmod
</UL>
<BR>[Calls]<UL><LI><a href="#[5e]">&gt;&gt;</a>&nbsp;&nbsp;&nbsp;__aeabi_llsr
<LI><a href="#[5f]">&gt;&gt;</a>&nbsp;&nbsp;&nbsp;__aeabi_llsl
</UL>
<BR>[Called By]<UL><LI><a href="#[11e]">&gt;&gt;</a>&nbsp;&nbsp;&nbsp;inv_icm20948_set_gyro_sf
<LI><a href="#[174]">&gt;&gt;</a>&nbsp;&nbsp;&nbsp;inv_icm20948_updateTs
</UL>

<P><STRONG><a name="[5f]"></a>__aeabi_llsl</STRONG> (Thumb, 30 bytes, Stack size 0 bytes, llshl.o(.text))
<BR><BR>[Called By]<UL><LI><a href="#[11e]">&gt;&gt;</a>&nbsp;&nbsp;&nbsp;inv_icm20948_set_gyro_sf
<LI><a href="#[5d]">&gt;&gt;</a>&nbsp;&nbsp;&nbsp;__aeabi_uldivmod
</UL>

<P><STRONG><a name="[248]"></a>_ll_shift_l</STRONG> (Thumb, 0 bytes, Stack size 0 bytes, llshl.o(.text), UNUSED)

<P><STRONG><a name="[136]"></a>__aeabi_lasr</STRONG> (Thumb, 36 bytes, Stack size 0 bytes, llsshr.o(.text))
<BR><BR>[Called By]<UL><LI><a href="#[126]">&gt;&gt;</a>&nbsp;&nbsp;&nbsp;inv_icm20948_convert_mult_qfix_fxp
</UL>

<P><STRONG><a name="[249]"></a>_ll_sshift_r</STRONG> (Thumb, 0 bytes, Stack size 0 bytes, llsshr.o(.text), UNUSED)

<P><STRONG><a name="[1e6]"></a>__rt_ctype_table</STRONG> (Thumb, 4 bytes, Stack size 0 bytes, ctype_o.o(.text))
<BR><BR>[Called By]<UL><LI><a href="#[1d7]">&gt;&gt;</a>&nbsp;&nbsp;&nbsp;nrf_log_hexdump_entry_process
</UL>

<P><STRONG><a name="[24a]"></a>___aeabi_memcpy8$move</STRONG> (Thumb, 0 bytes, Stack size 8 bytes, memmovea.o(.text), UNUSED)

<P><STRONG><a name="[82]"></a>__aeabi_memcpy</STRONG> (Thumb, 64 bytes, Stack size 8 bytes, memmovea.o(.text))
<BR><BR>[Stack]<UL><LI>Max Depth = 8<LI>Call Chain = __aeabi_memcpy
</UL>
<BR>[Called By]<UL><LI><a href="#[1b2]">&gt;&gt;</a>&nbsp;&nbsp;&nbsp;memobj_op
<LI><a href="#[e4]">&gt;&gt;</a>&nbsp;&nbsp;&nbsp;i2c_write_byte
<LI><a href="#[71]">&gt;&gt;</a>&nbsp;&nbsp;&nbsp;_WriteNoCheck
<LI><a href="#[72]">&gt;&gt;</a>&nbsp;&nbsp;&nbsp;_WriteBlocking
<LI><a href="#[a8]">&gt;&gt;</a>&nbsp;&nbsp;&nbsp;build_sensor_event_data
</UL>

<P><STRONG><a name="[da]"></a>__aeabi_memcpy4</STRONG> (Thumb, 0 bytes, Stack size 8 bytes, memmovea.o(.text))
<BR><BR>[Stack]<UL><LI>Max Depth = 8<LI>Call Chain = __aeabi_memcpy4
</UL>
<BR>[Called By]<UL><LI><a href="#[1c5]">&gt;&gt;</a>&nbsp;&nbsp;&nbsp;nrf_drv_uart_init
<LI><a href="#[fe]">&gt;&gt;</a>&nbsp;&nbsp;&nbsp;inv_device_icm20948_init2
<LI><a href="#[e3]">&gt;&gt;</a>&nbsp;&nbsp;&nbsp;nrfx_twim_rx
<LI><a href="#[209]">&gt;&gt;</a>&nbsp;&nbsp;&nbsp;twim_xfer
<LI><a href="#[73]">&gt;&gt;</a>&nbsp;&nbsp;&nbsp;twim_irq_handler
<LI><a href="#[1da]">&gt;&gt;</a>&nbsp;&nbsp;&nbsp;uart_init
<LI><a href="#[116]">&gt;&gt;</a>&nbsp;&nbsp;&nbsp;inv_enable_sensor_internal
<LI><a href="#[dc]">&gt;&gt;</a>&nbsp;&nbsp;&nbsp;getMinDlyGyro
<LI><a href="#[db]">&gt;&gt;</a>&nbsp;&nbsp;&nbsp;getMinDlyCompass
<LI><a href="#[d9]">&gt;&gt;</a>&nbsp;&nbsp;&nbsp;getMinDlyAccel
</UL>

<P><STRONG><a name="[15b]"></a>__aeabi_memmove</STRONG> (Thumb, 0 bytes, Stack size 8 bytes, memmovea.o(.text))
<BR><BR>[Stack]<UL><LI>Max Depth = 8<LI>Call Chain = __aeabi_memmove
</UL>
<BR>[Called By]<UL><LI><a href="#[159]">&gt;&gt;</a>&nbsp;&nbsp;&nbsp;inv_icm20948_fifo_pop
</UL>

<P><STRONG><a name="[24b]"></a>__aeabi_memmove4</STRONG> (Thumb, 0 bytes, Stack size 8 bytes, memmovea.o(.text), UNUSED)

<P><STRONG><a name="[24c]"></a>__aeabi_memmove8</STRONG> (Thumb, 0 bytes, Stack size 8 bytes, memmovea.o(.text), UNUSED)

<P><STRONG><a name="[61]"></a>__aeabi_memset</STRONG> (Thumb, 14 bytes, Stack size 0 bytes, memseta.o(.text))
<BR><BR>[Called By]<UL><LI><a href="#[62]">&gt;&gt;</a>&nbsp;&nbsp;&nbsp;memset
<LI><a href="#[60]">&gt;&gt;</a>&nbsp;&nbsp;&nbsp;__aeabi_memclr
</UL>

<P><STRONG><a name="[24d]"></a>__aeabi_memset4</STRONG> (Thumb, 0 bytes, Stack size 0 bytes, memseta.o(.text), UNUSED)

<P><STRONG><a name="[24e]"></a>__aeabi_memset8</STRONG> (Thumb, 0 bytes, Stack size 0 bytes, memseta.o(.text), UNUSED)

<P><STRONG><a name="[60]"></a>__aeabi_memclr</STRONG> (Thumb, 4 bytes, Stack size 0 bytes, memseta.o(.text))
<BR><BR>[Calls]<UL><LI><a href="#[61]">&gt;&gt;</a>&nbsp;&nbsp;&nbsp;__aeabi_memset
</UL>
<BR>[Called By]<UL><LI><a href="#[169]">&gt;&gt;</a>&nbsp;&nbsp;&nbsp;inv_icm20948_initialize_lower_driver
<LI><a href="#[12c]">&gt;&gt;</a>&nbsp;&nbsp;&nbsp;inv_icm20948_base_control_init
</UL>

<P><STRONG><a name="[a7]"></a>__aeabi_memclr4</STRONG> (Thumb, 0 bytes, Stack size 0 bytes, memseta.o(.text))
<BR><BR>[Called By]<UL><LI><a href="#[fe]">&gt;&gt;</a>&nbsp;&nbsp;&nbsp;inv_device_icm20948_init2
<LI><a href="#[1c4]">&gt;&gt;</a>&nbsp;&nbsp;&nbsp;nrfx_twim_tx
<LI><a href="#[1d3]">&gt;&gt;</a>&nbsp;&nbsp;&nbsp;nrf_log_backend_serial_put
<LI><a href="#[a6]">&gt;&gt;</a>&nbsp;&nbsp;&nbsp;build_sensor_event
<LI><a href="#[19d]">&gt;&gt;</a>&nbsp;&nbsp;&nbsp;inv_icm20948_setup_compass_akm
<LI><a href="#[10d]">&gt;&gt;</a>&nbsp;&nbsp;&nbsp;inv_icm20948_init_matrix
<LI><a href="#[174]">&gt;&gt;</a>&nbsp;&nbsp;&nbsp;inv_icm20948_updateTs
</UL>

<P><STRONG><a name="[24f]"></a>__aeabi_memclr8</STRONG> (Thumb, 0 bytes, Stack size 0 bytes, memseta.o(.text), UNUSED)

<P><STRONG><a name="[62]"></a>memset</STRONG> (Thumb, 18 bytes, Stack size 8 bytes, memseta.o(.text), UNUSED)
<BR><BR>[Calls]<UL><LI><a href="#[61]">&gt;&gt;</a>&nbsp;&nbsp;&nbsp;__aeabi_memset
</UL>

<P><STRONG><a name="[222]"></a>strlen</STRONG> (Thumb, 14 bytes, Stack size 0 bytes, strlen.o(.text))
<BR><BR>[Called By]<UL><LI><a href="#[1ca]">&gt;&gt;</a>&nbsp;&nbsp;&nbsp;string_print
</UL>

<P><STRONG><a name="[15e]"></a>memcmp</STRONG> (Thumb, 26 bytes, Stack size 12 bytes, memcmp.o(.text))
<BR><BR>[Stack]<UL><LI>Max Depth = 12<LI>Call Chain = memcmp
</UL>
<BR>[Called By]<UL><LI><a href="#[15d]">&gt;&gt;</a>&nbsp;&nbsp;&nbsp;inv_icm20948_firmware_load
</UL>

<P><STRONG><a name="[81]"></a>strcpy</STRONG> (Thumb, 18 bytes, Stack size 0 bytes, strcpy.o(.text))
<BR><BR>[Called By]<UL><LI><a href="#[6e]">&gt;&gt;</a>&nbsp;&nbsp;&nbsp;_DoInit
</UL>

<P><STRONG><a name="[5e]"></a>__aeabi_llsr</STRONG> (Thumb, 32 bytes, Stack size 0 bytes, llushr.o(.text))
<BR><BR>[Called By]<UL><LI><a href="#[5d]">&gt;&gt;</a>&nbsp;&nbsp;&nbsp;__aeabi_uldivmod
</UL>

<P><STRONG><a name="[250]"></a>_ll_ushift_r</STRONG> (Thumb, 0 bytes, Stack size 0 bytes, llushr.o(.text), UNUSED)

<P><STRONG><a name="[251]"></a>__I$use$fp</STRONG> (Thumb, 0 bytes, Stack size unknown bytes, iusefp.o(.text), UNUSED)

<P><STRONG><a name="[5c]"></a>__scatterload</STRONG> (Thumb, 28 bytes, Stack size 0 bytes, init.o(.text))
<BR><BR>[Calls]<UL><LI><a href="#[63]">&gt;&gt;</a>&nbsp;&nbsp;&nbsp;__main_after_scatterload
</UL>
<BR>[Called By]<UL><LI><a href="#[5b]">&gt;&gt;</a>&nbsp;&nbsp;&nbsp;_main_scatterload
</UL>

<P><STRONG><a name="[252]"></a>__scatterload_rt2</STRONG> (Thumb, 0 bytes, Stack size 0 bytes, init.o(.text), UNUSED)

<P><STRONG><a name="[253]"></a>__decompress</STRONG> (Thumb, 0 bytes, Stack size unknown bytes, __dczerorl2.o(.text), UNUSED)

<P><STRONG><a name="[254]"></a>__decompress1</STRONG> (Thumb, 86 bytes, Stack size unknown bytes, __dczerorl2.o(.text), UNUSED)

<P><STRONG><a name="[12]"></a>GPIOTE_IRQHandler</STRONG> (Thumb, 180 bytes, Stack size 40 bytes, nrfx_gpiote.o(i.GPIOTE_IRQHandler))
<BR><BR>[Stack]<UL><LI>Max Depth = 104<LI>Call Chain = GPIOTE_IRQHandler &rArr; port_event_handle &rArr; latch_pending_read_and_check &rArr; nrf_gpio_latches_read_and_clear
</UL>
<BR>[Calls]<UL><LI><a href="#[6a]">&gt;&gt;</a>&nbsp;&nbsp;&nbsp;port_event_handle
<LI><a href="#[66]">&gt;&gt;</a>&nbsp;&nbsp;&nbsp;nrf_gpiote_event_is_set
<LI><a href="#[67]">&gt;&gt;</a>&nbsp;&nbsp;&nbsp;nrf_gpiote_event_clear
<LI><a href="#[68]">&gt;&gt;</a>&nbsp;&nbsp;&nbsp;nrf_gpio_latches_read_and_clear
<LI><a href="#[69]">&gt;&gt;</a>&nbsp;&nbsp;&nbsp;channel_handler_get
</UL>
<BR>[Address Reference Count : 1]<UL><LI> arm_startup_nrf52.o(RESET)
</UL>
<P><STRONG><a name="[6d]"></a>SEGGER_RTT_Init</STRONG> (Thumb, 8 bytes, Stack size 8 bytes, segger_rtt.o(i.SEGGER_RTT_Init))
<BR><BR>[Stack]<UL><LI>Max Depth = 16<LI>Call Chain = SEGGER_RTT_Init &rArr; _DoInit
</UL>
<BR>[Calls]<UL><LI><a href="#[6e]">&gt;&gt;</a>&nbsp;&nbsp;&nbsp;_DoInit
</UL>
<BR>[Called By]<UL><LI><a href="#[1d2]">&gt;&gt;</a>&nbsp;&nbsp;&nbsp;nrf_log_backend_rtt_init
</UL>

<P><STRONG><a name="[6f]"></a>SEGGER_RTT_WriteNoLock</STRONG> (Thumb, 126 bytes, Stack size 32 bytes, segger_rtt.o(i.SEGGER_RTT_WriteNoLock))
<BR><BR>[Stack]<UL><LI>Max Depth = 72<LI>Call Chain = SEGGER_RTT_WriteNoLock &rArr; _WriteNoCheck &rArr; __aeabi_memcpy
</UL>
<BR>[Calls]<UL><LI><a href="#[71]">&gt;&gt;</a>&nbsp;&nbsp;&nbsp;_WriteNoCheck
<LI><a href="#[72]">&gt;&gt;</a>&nbsp;&nbsp;&nbsp;_WriteBlocking
<LI><a href="#[70]">&gt;&gt;</a>&nbsp;&nbsp;&nbsp;_GetAvailWriteSpace
</UL>
<BR>[Called By]<UL><LI><a href="#[3a]">&gt;&gt;</a>&nbsp;&nbsp;&nbsp;serial_tx
</UL>

<P><STRONG><a name="[f]"></a>SPIM0_SPIS0_TWIM0_TWIS0_SPI0_TWI0_IRQHandler</STRONG> (Thumb, 12 bytes, Stack size 8 bytes, nrfx_twim.o(i.SPIM0_SPIS0_TWIM0_TWIS0_SPI0_TWI0_IRQHandler))
<BR><BR>[Stack]<UL><LI>Max Depth = 72<LI>Call Chain = SPIM0_SPIS0_TWIM0_TWIS0_SPI0_TWI0_IRQHandler &rArr; twim_irq_handler &rArr; xfer_completeness_check
</UL>
<BR>[Calls]<UL><LI><a href="#[73]">&gt;&gt;</a>&nbsp;&nbsp;&nbsp;twim_irq_handler
</UL>
<BR>[Address Reference Count : 2]<UL><LI> nrfx_twim.o(.constdata)
<LI> arm_startup_nrf52.o(RESET)
</UL>
<P><STRONG><a name="[7f]"></a>SystemCoreClockUpdate</STRONG> (Thumb, 8 bytes, Stack size 0 bytes, system_nrf52.o(i.SystemCoreClockUpdate))
<BR><BR>[Called By]<UL><LI><a href="#[32]">&gt;&gt;</a>&nbsp;&nbsp;&nbsp;SystemInit
</UL>

<P><STRONG><a name="[32]"></a>SystemInit</STRONG> (Thumb, 596 bytes, Stack size 8 bytes, system_nrf52.o(i.SystemInit))
<BR><BR>[Stack]<UL><LI>Max Depth = 8<LI>Call Chain = SystemInit
</UL>
<BR>[Calls]<UL><LI><a href="#[7b]">&gt;&gt;</a>&nbsp;&nbsp;&nbsp;nrf52_errata_66
<LI><a href="#[7a]">&gt;&gt;</a>&nbsp;&nbsp;&nbsp;nrf52_errata_57
<LI><a href="#[79]">&gt;&gt;</a>&nbsp;&nbsp;&nbsp;nrf52_errata_37
<LI><a href="#[78]">&gt;&gt;</a>&nbsp;&nbsp;&nbsp;nrf52_errata_36
<LI><a href="#[77]">&gt;&gt;</a>&nbsp;&nbsp;&nbsp;nrf52_errata_32
<LI><a href="#[76]">&gt;&gt;</a>&nbsp;&nbsp;&nbsp;nrf52_errata_31
<LI><a href="#[7e]">&gt;&gt;</a>&nbsp;&nbsp;&nbsp;nrf52_errata_182
<LI><a href="#[75]">&gt;&gt;</a>&nbsp;&nbsp;&nbsp;nrf52_errata_16
<LI><a href="#[7d]">&gt;&gt;</a>&nbsp;&nbsp;&nbsp;nrf52_errata_136
<LI><a href="#[74]">&gt;&gt;</a>&nbsp;&nbsp;&nbsp;nrf52_errata_12
<LI><a href="#[7c]">&gt;&gt;</a>&nbsp;&nbsp;&nbsp;nrf52_errata_108
<LI><a href="#[7f]">&gt;&gt;</a>&nbsp;&nbsp;&nbsp;SystemCoreClockUpdate
</UL>
<BR>[Address Reference Count : 1]<UL><LI> arm_startup_nrf52.o(.text)
</UL>
<P><STRONG><a name="[14]"></a>TIMER0_IRQHandler</STRONG> (Thumb, 14 bytes, Stack size 8 bytes, nrfx_timer.o(i.TIMER0_IRQHandler))
<BR><BR>[Stack]<UL><LI>Max Depth = 48<LI>Call Chain = TIMER0_IRQHandler &rArr; irq_handler &rArr; nrf_timer_event_clear
</UL>
<BR>[Calls]<UL><LI><a href="#[80]">&gt;&gt;</a>&nbsp;&nbsp;&nbsp;irq_handler
</UL>
<BR>[Address Reference Count : 1]<UL><LI> arm_startup_nrf52.o(RESET)
</UL>
<P><STRONG><a name="[e]"></a>UARTE0_UART0_IRQHandler</STRONG> (Thumb, 10 bytes, Stack size 8 bytes, nrfx_prs.o(i.UARTE0_UART0_IRQHandler))
<BR><BR>[Stack]<UL><LI>Max Depth = 8<LI>Call Chain = UARTE0_UART0_IRQHandler
</UL>
<BR>[Address Reference Count : 1]<UL><LI> arm_startup_nrf52.o(RESET)
</UL>
<P><STRONG><a name="[89]"></a>__ARM_fpclassifyf</STRONG> (Thumb, 38 bytes, Stack size 0 bytes, fpclassifyf.o(i.__ARM_fpclassifyf))
<BR><BR>[Called By]<UL><LI><a href="#[88]">&gt;&gt;</a>&nbsp;&nbsp;&nbsp;__hardfp_sinf
</UL>

<P><STRONG><a name="[83]"></a>__hardfp_cosf</STRONG> (Thumb, 280 bytes, Stack size 8 bytes, cosf.o(i.__hardfp_cosf))
<BR><BR>[Stack]<UL><LI>Max Depth = 28<LI>Call Chain = __hardfp_cosf &rArr; __mathlib_rredf2
</UL>
<BR>[Calls]<UL><LI><a href="#[85]">&gt;&gt;</a>&nbsp;&nbsp;&nbsp;__set_errno
<LI><a href="#[84]">&gt;&gt;</a>&nbsp;&nbsp;&nbsp;__mathlib_rredf2
<LI><a href="#[86]">&gt;&gt;</a>&nbsp;&nbsp;&nbsp;__mathlib_flt_invalid
<LI><a href="#[87]">&gt;&gt;</a>&nbsp;&nbsp;&nbsp;__mathlib_flt_infnan
</UL>
<BR>[Called By]<UL><LI><a href="#[163]">&gt;&gt;</a>&nbsp;&nbsp;&nbsp;inv_icm20948_set_chip_to_body_axis_quaternion
</UL>

<P><STRONG><a name="[88]"></a>__hardfp_sinf</STRONG> (Thumb, 344 bytes, Stack size 16 bytes, sinf.o(i.__hardfp_sinf))
<BR><BR>[Stack]<UL><LI>Max Depth = 36<LI>Call Chain = __hardfp_sinf &rArr; __mathlib_rredf2
</UL>
<BR>[Calls]<UL><LI><a href="#[85]">&gt;&gt;</a>&nbsp;&nbsp;&nbsp;__set_errno
<LI><a href="#[84]">&gt;&gt;</a>&nbsp;&nbsp;&nbsp;__mathlib_rredf2
<LI><a href="#[8a]">&gt;&gt;</a>&nbsp;&nbsp;&nbsp;__mathlib_flt_underflow
<LI><a href="#[86]">&gt;&gt;</a>&nbsp;&nbsp;&nbsp;__mathlib_flt_invalid
<LI><a href="#[87]">&gt;&gt;</a>&nbsp;&nbsp;&nbsp;__mathlib_flt_infnan
<LI><a href="#[89]">&gt;&gt;</a>&nbsp;&nbsp;&nbsp;__ARM_fpclassifyf
</UL>
<BR>[Called By]<UL><LI><a href="#[163]">&gt;&gt;</a>&nbsp;&nbsp;&nbsp;inv_icm20948_set_chip_to_body_axis_quaternion
</UL>

<P><STRONG><a name="[8b]"></a>__hardfp_sqrtf</STRONG> (Thumb, 58 bytes, Stack size 16 bytes, sqrtf.o(i.__hardfp_sqrtf))
<BR><BR>[Stack]<UL><LI>Max Depth = 16<LI>Call Chain = __hardfp_sqrtf
</UL>
<BR>[Calls]<UL><LI><a href="#[85]">&gt;&gt;</a>&nbsp;&nbsp;&nbsp;__set_errno
</UL>
<BR>[Called By]<UL><LI><a href="#[135]">&gt;&gt;</a>&nbsp;&nbsp;&nbsp;inv_icm20948_convert_matrix_to_quat_flt
</UL>

<P><STRONG><a name="[87]"></a>__mathlib_flt_infnan</STRONG> (Thumb, 6 bytes, Stack size 0 bytes, funder.o(i.__mathlib_flt_infnan))
<BR><BR>[Called By]<UL><LI><a href="#[88]">&gt;&gt;</a>&nbsp;&nbsp;&nbsp;__hardfp_sinf
<LI><a href="#[83]">&gt;&gt;</a>&nbsp;&nbsp;&nbsp;__hardfp_cosf
</UL>

<P><STRONG><a name="[86]"></a>__mathlib_flt_invalid</STRONG> (Thumb, 10 bytes, Stack size 0 bytes, funder.o(i.__mathlib_flt_invalid))
<BR><BR>[Called By]<UL><LI><a href="#[88]">&gt;&gt;</a>&nbsp;&nbsp;&nbsp;__hardfp_sinf
<LI><a href="#[83]">&gt;&gt;</a>&nbsp;&nbsp;&nbsp;__hardfp_cosf
</UL>

<P><STRONG><a name="[8a]"></a>__mathlib_flt_underflow</STRONG> (Thumb, 10 bytes, Stack size 0 bytes, funder.o(i.__mathlib_flt_underflow))
<BR><BR>[Called By]<UL><LI><a href="#[88]">&gt;&gt;</a>&nbsp;&nbsp;&nbsp;__hardfp_sinf
</UL>

<P><STRONG><a name="[84]"></a>__mathlib_rredf2</STRONG> (Thumb, 316 bytes, Stack size 20 bytes, rredf.o(i.__mathlib_rredf2))
<BR><BR>[Stack]<UL><LI>Max Depth = 20<LI>Call Chain = __mathlib_rredf2
</UL>
<BR>[Called By]<UL><LI><a href="#[88]">&gt;&gt;</a>&nbsp;&nbsp;&nbsp;__hardfp_sinf
<LI><a href="#[83]">&gt;&gt;</a>&nbsp;&nbsp;&nbsp;__hardfp_cosf
</UL>

<P><STRONG><a name="[255]"></a>__scatterload_copy</STRONG> (Thumb, 14 bytes, Stack size unknown bytes, handlers.o(i.__scatterload_copy), UNUSED)

<P><STRONG><a name="[256]"></a>__scatterload_null</STRONG> (Thumb, 2 bytes, Stack size unknown bytes, handlers.o(i.__scatterload_null), UNUSED)

<P><STRONG><a name="[257]"></a>__scatterload_zeroinit</STRONG> (Thumb, 14 bytes, Stack size unknown bytes, handlers.o(i.__scatterload_zeroinit), UNUSED)

<P><STRONG><a name="[85]"></a>__set_errno</STRONG> (Thumb, 6 bytes, Stack size 0 bytes, errno.o(i.__set_errno))
<BR><BR>[Called By]<UL><LI><a href="#[8b]">&gt;&gt;</a>&nbsp;&nbsp;&nbsp;__hardfp_sqrtf
<LI><a href="#[88]">&gt;&gt;</a>&nbsp;&nbsp;&nbsp;__hardfp_sinf
<LI><a href="#[83]">&gt;&gt;</a>&nbsp;&nbsp;&nbsp;__hardfp_cosf
</UL>

<P><STRONG><a name="[220]"></a>activityName</STRONG> (Thumb, 78 bytes, Stack size 0 bytes, main.o(i.activityName))
<BR><BR>[Called By]<UL><LI><a href="#[1]">&gt;&gt;</a>&nbsp;&nbsp;&nbsp;sensor_event_cb
</UL>

<P><STRONG><a name="[8c]"></a>app_error_fault_handler</STRONG> (Thumb, 146 bytes, Stack size 8 bytes, app_error_weak.o(i.app_error_fault_handler))
<BR><BR>[Stack]<UL><LI>Max Depth = 264<LI>Call Chain = app_error_fault_handler &rArr; nrf_log_frontend_std_0 &rArr; std_n &rArr; nrf_log_frontend_dequeue &rArr;  nrf_log_frontend_std_0 (Cycle)
</UL>
<BR>[Calls]<UL><LI><a href="#[8f]">&gt;&gt;</a>&nbsp;&nbsp;&nbsp;nrf_log_frontend_std_0
<LI><a href="#[8e]">&gt;&gt;</a>&nbsp;&nbsp;&nbsp;nrf_log_frontend_dequeue
<LI><a href="#[8d]">&gt;&gt;</a>&nbsp;&nbsp;&nbsp;nrf_log_panic
</UL>
<BR>[Called By]<UL><LI><a href="#[90]">&gt;&gt;</a>&nbsp;&nbsp;&nbsp;app_error_handler_bare
</UL>

<P><STRONG><a name="[90]"></a>app_error_handler_bare</STRONG> (Thumb, 28 bytes, Stack size 24 bytes, app_error.o(i.app_error_handler_bare))
<BR><BR>[Stack]<UL><LI>Max Depth = 288<LI>Call Chain = app_error_handler_bare &rArr; app_error_fault_handler &rArr; nrf_log_frontend_std_0 &rArr; std_n &rArr; nrf_log_frontend_dequeue &rArr;  nrf_log_frontend_std_0 (Cycle)
</UL>
<BR>[Calls]<UL><LI><a href="#[8c]">&gt;&gt;</a>&nbsp;&nbsp;&nbsp;app_error_fault_handler
</UL>
<BR>[Called By]<UL><LI><a href="#[1b0]">&gt;&gt;</a>&nbsp;&nbsp;&nbsp;twi_init
<LI><a href="#[1af]">&gt;&gt;</a>&nbsp;&nbsp;&nbsp;timer_init
<LI><a href="#[31]">&gt;&gt;</a>&nbsp;&nbsp;&nbsp;main
<LI><a href="#[dd]">&gt;&gt;</a>&nbsp;&nbsp;&nbsp;gpio_init
<LI><a href="#[1da]">&gt;&gt;</a>&nbsp;&nbsp;&nbsp;uart_init
<LI><a href="#[3b]">&gt;&gt;</a>&nbsp;&nbsp;&nbsp;serial_tx
<LI><a href="#[e4]">&gt;&gt;</a>&nbsp;&nbsp;&nbsp;i2c_write_byte
<LI><a href="#[e1]">&gt;&gt;</a>&nbsp;&nbsp;&nbsp;i2c_read_bytes
<LI><a href="#[e2]">&gt;&gt;</a>&nbsp;&nbsp;&nbsp;i2c_write_forread_byte
</UL>

<P><STRONG><a name="[91]"></a>app_util_critical_region_enter</STRONG> (Thumb, 10 bytes, Stack size 4 bytes, app_util_platform.o(i.app_util_critical_region_enter))
<BR><BR>[Stack]<UL><LI>Max Depth = 4<LI>Call Chain = app_util_critical_region_enter
</UL>
<BR>[Calls]<UL><LI><a href="#[92]">&gt;&gt;</a>&nbsp;&nbsp;&nbsp;app_util_disable_irq
</UL>
<BR>[Called By]<UL><LI><a href="#[8e]">&gt;&gt;</a>&nbsp;&nbsp;&nbsp;nrf_log_frontend_dequeue
<LI><a href="#[1fc]">&gt;&gt;</a>&nbsp;&nbsp;&nbsp;nrfx_prs_acquire
<LI><a href="#[a1]">&gt;&gt;</a>&nbsp;&nbsp;&nbsp;buf_prealloc
<LI><a href="#[1bf]">&gt;&gt;</a>&nbsp;&nbsp;&nbsp;nrf_balloc_free
<LI><a href="#[1bd]">&gt;&gt;</a>&nbsp;&nbsp;&nbsp;nrf_balloc_alloc
</UL>

<P><STRONG><a name="[93]"></a>app_util_critical_region_exit</STRONG> (Thumb, 10 bytes, Stack size 4 bytes, app_util_platform.o(i.app_util_critical_region_exit))
<BR><BR>[Stack]<UL><LI>Max Depth = 4<LI>Call Chain = app_util_critical_region_exit
</UL>
<BR>[Calls]<UL><LI><a href="#[94]">&gt;&gt;</a>&nbsp;&nbsp;&nbsp;app_util_enable_irq
</UL>
<BR>[Called By]<UL><LI><a href="#[8e]">&gt;&gt;</a>&nbsp;&nbsp;&nbsp;nrf_log_frontend_dequeue
<LI><a href="#[1fc]">&gt;&gt;</a>&nbsp;&nbsp;&nbsp;nrfx_prs_acquire
<LI><a href="#[a1]">&gt;&gt;</a>&nbsp;&nbsp;&nbsp;buf_prealloc
<LI><a href="#[1bf]">&gt;&gt;</a>&nbsp;&nbsp;&nbsp;nrf_balloc_free
<LI><a href="#[1bd]">&gt;&gt;</a>&nbsp;&nbsp;&nbsp;nrf_balloc_alloc
</UL>

<P><STRONG><a name="[92]"></a>app_util_disable_irq</STRONG> (Thumb, 14 bytes, Stack size 0 bytes, app_util_platform.o(i.app_util_disable_irq))
<BR><BR>[Called By]<UL><LI><a href="#[91]">&gt;&gt;</a>&nbsp;&nbsp;&nbsp;app_util_critical_region_enter
</UL>

<P><STRONG><a name="[94]"></a>app_util_enable_irq</STRONG> (Thumb, 20 bytes, Stack size 0 bytes, app_util_platform.o(i.app_util_enable_irq))
<BR><BR>[Called By]<UL><LI><a href="#[93]">&gt;&gt;</a>&nbsp;&nbsp;&nbsp;app_util_critical_region_exit
</UL>

<P><STRONG><a name="[1de]"></a>buffer_is_empty</STRONG> (Thumb, 20 bytes, Stack size 0 bytes, nrf_log_frontend.o(i.buffer_is_empty))
<BR><BR>[Called By]<UL><LI><a href="#[8e]">&gt;&gt;</a>&nbsp;&nbsp;&nbsp;nrf_log_frontend_dequeue
</UL>

<P><STRONG><a name="[b4]"></a>dmp_icm20948_get_bias_acc</STRONG> (Thumb, 92 bytes, Stack size 24 bytes, icm20948dmp3driver.o(i.dmp_icm20948_get_bias_acc))
<BR><BR>[Stack]<UL><LI>Max Depth = 192<LI>Call Chain = dmp_icm20948_get_bias_acc &rArr; inv_icm20948_read_mems &rArr; inv_icm20948_set_chip_power_state &rArr; inv_icm20948_write_single_mems_reg_core &rArr; inv_set_bank &rArr; inv_icm20948_write_reg
</UL>
<BR>[Calls]<UL><LI><a href="#[b5]">&gt;&gt;</a>&nbsp;&nbsp;&nbsp;inv_icm20948_read_mems
<LI><a href="#[b6]">&gt;&gt;</a>&nbsp;&nbsp;&nbsp;inv_icm20948_convert_big8_to_int32
</UL>
<BR>[Called By]<UL><LI><a href="#[143]">&gt;&gt;</a>&nbsp;&nbsp;&nbsp;inv_icm20948_ctrl_get_acc_bias
</UL>

<P><STRONG><a name="[b7]"></a>dmp_icm20948_get_bias_cmp</STRONG> (Thumb, 92 bytes, Stack size 24 bytes, icm20948dmp3driver.o(i.dmp_icm20948_get_bias_cmp))
<BR><BR>[Stack]<UL><LI>Max Depth = 192<LI>Call Chain = dmp_icm20948_get_bias_cmp &rArr; inv_icm20948_read_mems &rArr; inv_icm20948_set_chip_power_state &rArr; inv_icm20948_write_single_mems_reg_core &rArr; inv_set_bank &rArr; inv_icm20948_write_reg
</UL>
<BR>[Calls]<UL><LI><a href="#[b5]">&gt;&gt;</a>&nbsp;&nbsp;&nbsp;inv_icm20948_read_mems
<LI><a href="#[b6]">&gt;&gt;</a>&nbsp;&nbsp;&nbsp;inv_icm20948_convert_big8_to_int32
</UL>
<BR>[Called By]<UL><LI><a href="#[145]">&gt;&gt;</a>&nbsp;&nbsp;&nbsp;inv_icm20948_ctrl_get_mag_bias
</UL>

<P><STRONG><a name="[b8]"></a>dmp_icm20948_get_bias_gyr</STRONG> (Thumb, 92 bytes, Stack size 24 bytes, icm20948dmp3driver.o(i.dmp_icm20948_get_bias_gyr))
<BR><BR>[Stack]<UL><LI>Max Depth = 192<LI>Call Chain = dmp_icm20948_get_bias_gyr &rArr; inv_icm20948_read_mems &rArr; inv_icm20948_set_chip_power_state &rArr; inv_icm20948_write_single_mems_reg_core &rArr; inv_set_bank &rArr; inv_icm20948_write_reg
</UL>
<BR>[Calls]<UL><LI><a href="#[b5]">&gt;&gt;</a>&nbsp;&nbsp;&nbsp;inv_icm20948_read_mems
<LI><a href="#[b6]">&gt;&gt;</a>&nbsp;&nbsp;&nbsp;inv_icm20948_convert_big8_to_int32
</UL>
<BR>[Called By]<UL><LI><a href="#[144]">&gt;&gt;</a>&nbsp;&nbsp;&nbsp;inv_icm20948_ctrl_get_gyr_bias
</UL>

<P><STRONG><a name="[b9]"></a>dmp_icm20948_get_pedometer_num_of_steps</STRONG> (Thumb, 66 bytes, Stack size 24 bytes, icm20948dmp3driver.o(i.dmp_icm20948_get_pedometer_num_of_steps))
<BR><BR>[Stack]<UL><LI>Max Depth = 192<LI>Call Chain = dmp_icm20948_get_pedometer_num_of_steps &rArr; inv_icm20948_read_mems &rArr; inv_icm20948_set_chip_power_state &rArr; inv_icm20948_write_single_mems_reg_core &rArr; inv_set_bank &rArr; inv_icm20948_write_reg
</UL>
<BR>[Calls]<UL><LI><a href="#[b5]">&gt;&gt;</a>&nbsp;&nbsp;&nbsp;inv_icm20948_read_mems
</UL>
<BR>[Called By]<UL><LI><a href="#[116]">&gt;&gt;</a>&nbsp;&nbsp;&nbsp;inv_enable_sensor_internal
<LI><a href="#[104]">&gt;&gt;</a>&nbsp;&nbsp;&nbsp;inv_icm20948_poll_sensor
</UL>

<P><STRONG><a name="[ba]"></a>dmp_icm20948_reset_control_registers</STRONG> (Thumb, 88 bytes, Stack size 16 bytes, icm20948dmp3driver.o(i.dmp_icm20948_reset_control_registers))
<BR><BR>[Stack]<UL><LI>Max Depth = 168<LI>Call Chain = dmp_icm20948_reset_control_registers &rArr; inv_icm20948_write_mems &rArr; inv_icm20948_set_chip_power_state &rArr; inv_icm20948_write_single_mems_reg_core &rArr; inv_set_bank &rArr; inv_icm20948_write_reg
</UL>
<BR>[Calls]<UL><LI><a href="#[bb]">&gt;&gt;</a>&nbsp;&nbsp;&nbsp;inv_icm20948_write_mems
</UL>
<BR>[Called By]<UL><LI><a href="#[169]">&gt;&gt;</a>&nbsp;&nbsp;&nbsp;inv_icm20948_initialize_lower_driver
</UL>

<P><STRONG><a name="[bc]"></a>dmp_icm20948_set_B2S_matrix</STRONG> (Thumb, 254 bytes, Stack size 24 bytes, icm20948dmp3driver.o(i.dmp_icm20948_set_B2S_matrix))
<BR><BR>[Stack]<UL><LI>Max Depth = 176<LI>Call Chain = dmp_icm20948_set_B2S_matrix &rArr; inv_icm20948_write_mems &rArr; inv_icm20948_set_chip_power_state &rArr; inv_icm20948_write_single_mems_reg_core &rArr; inv_set_bank &rArr; inv_icm20948_write_reg
</UL>
<BR>[Calls]<UL><LI><a href="#[bb]">&gt;&gt;</a>&nbsp;&nbsp;&nbsp;inv_icm20948_write_mems
<LI><a href="#[bd]">&gt;&gt;</a>&nbsp;&nbsp;&nbsp;inv_icm20948_convert_int32_to_big8
</UL>
<BR>[Called By]<UL><LI><a href="#[10a]">&gt;&gt;</a>&nbsp;&nbsp;&nbsp;inv_icm20948_set_matrix
</UL>

<P><STRONG><a name="[be]"></a>dmp_icm20948_set_FIFO_watermark</STRONG> (Thumb, 46 bytes, Stack size 24 bytes, icm20948dmp3driver.o(i.dmp_icm20948_set_FIFO_watermark))
<BR><BR>[Stack]<UL><LI>Max Depth = 176<LI>Call Chain = dmp_icm20948_set_FIFO_watermark &rArr; inv_icm20948_write_mems &rArr; inv_icm20948_set_chip_power_state &rArr; inv_icm20948_write_single_mems_reg_core &rArr; inv_set_bank &rArr; inv_icm20948_write_reg
</UL>
<BR>[Calls]<UL><LI><a href="#[bb]">&gt;&gt;</a>&nbsp;&nbsp;&nbsp;inv_icm20948_write_mems
<LI><a href="#[bf]">&gt;&gt;</a>&nbsp;&nbsp;&nbsp;inv_icm20948_convert_int16_to_big8
</UL>
<BR>[Called By]<UL><LI><a href="#[169]">&gt;&gt;</a>&nbsp;&nbsp;&nbsp;inv_icm20948_initialize_lower_driver
</UL>

<P><STRONG><a name="[c0]"></a>dmp_icm20948_set_accel_cal_params</STRONG> (Thumb, 100 bytes, Stack size 24 bytes, icm20948dmp3driver.o(i.dmp_icm20948_set_accel_cal_params))
<BR><BR>[Stack]<UL><LI>Max Depth = 176<LI>Call Chain = dmp_icm20948_set_accel_cal_params &rArr; inv_icm20948_write_mems &rArr; inv_icm20948_set_chip_power_state &rArr; inv_icm20948_write_single_mems_reg_core &rArr; inv_set_bank &rArr; inv_icm20948_write_reg
</UL>
<BR>[Calls]<UL><LI><a href="#[bb]">&gt;&gt;</a>&nbsp;&nbsp;&nbsp;inv_icm20948_write_mems
<LI><a href="#[bd]">&gt;&gt;</a>&nbsp;&nbsp;&nbsp;inv_icm20948_convert_int32_to_big8
<LI><a href="#[bf]">&gt;&gt;</a>&nbsp;&nbsp;&nbsp;inv_icm20948_convert_int16_to_big8
</UL>
<BR>[Called By]<UL><LI><a href="#[147]">&gt;&gt;</a>&nbsp;&nbsp;&nbsp;inv_icm20948_ctrl_set_accel_cal_params
</UL>

<P><STRONG><a name="[c1]"></a>dmp_icm20948_set_accel_feedback_gain</STRONG> (Thumb, 46 bytes, Stack size 24 bytes, icm20948dmp3driver.o(i.dmp_icm20948_set_accel_feedback_gain))
<BR><BR>[Stack]<UL><LI>Max Depth = 176<LI>Call Chain = dmp_icm20948_set_accel_feedback_gain &rArr; inv_icm20948_write_mems &rArr; inv_icm20948_set_chip_power_state &rArr; inv_icm20948_write_single_mems_reg_core &rArr; inv_set_bank &rArr; inv_icm20948_write_reg
</UL>
<BR>[Calls]<UL><LI><a href="#[bb]">&gt;&gt;</a>&nbsp;&nbsp;&nbsp;inv_icm20948_write_mems
<LI><a href="#[bd]">&gt;&gt;</a>&nbsp;&nbsp;&nbsp;inv_icm20948_convert_int32_to_big8
</UL>
<BR>[Called By]<UL><LI><a href="#[148]">&gt;&gt;</a>&nbsp;&nbsp;&nbsp;inv_icm20948_ctrl_set_accel_quaternion_gain
</UL>

<P><STRONG><a name="[c2]"></a>dmp_icm20948_set_accel_fsr</STRONG> (Thumb, 110 bytes, Stack size 32 bytes, icm20948dmp3driver.o(i.dmp_icm20948_set_accel_fsr))
<BR><BR>[Stack]<UL><LI>Max Depth = 184<LI>Call Chain = dmp_icm20948_set_accel_fsr &rArr; inv_icm20948_write_mems &rArr; inv_icm20948_set_chip_power_state &rArr; inv_icm20948_write_single_mems_reg_core &rArr; inv_set_bank &rArr; inv_icm20948_write_reg
</UL>
<BR>[Calls]<UL><LI><a href="#[bb]">&gt;&gt;</a>&nbsp;&nbsp;&nbsp;inv_icm20948_write_mems
<LI><a href="#[bd]">&gt;&gt;</a>&nbsp;&nbsp;&nbsp;inv_icm20948_convert_int32_to_big8
</UL>
<BR>[Called By]<UL><LI><a href="#[164]">&gt;&gt;</a>&nbsp;&nbsp;&nbsp;inv_icm20948_set_accel_fullscale
</UL>

<P><STRONG><a name="[c3]"></a>dmp_icm20948_set_accel_scale2</STRONG> (Thumb, 110 bytes, Stack size 32 bytes, icm20948dmp3driver.o(i.dmp_icm20948_set_accel_scale2))
<BR><BR>[Stack]<UL><LI>Max Depth = 184<LI>Call Chain = dmp_icm20948_set_accel_scale2 &rArr; inv_icm20948_write_mems &rArr; inv_icm20948_set_chip_power_state &rArr; inv_icm20948_write_single_mems_reg_core &rArr; inv_set_bank &rArr; inv_icm20948_write_reg
</UL>
<BR>[Calls]<UL><LI><a href="#[bb]">&gt;&gt;</a>&nbsp;&nbsp;&nbsp;inv_icm20948_write_mems
<LI><a href="#[bd]">&gt;&gt;</a>&nbsp;&nbsp;&nbsp;inv_icm20948_convert_int32_to_big8
</UL>
<BR>[Called By]<UL><LI><a href="#[164]">&gt;&gt;</a>&nbsp;&nbsp;&nbsp;inv_icm20948_set_accel_fullscale
</UL>

<P><STRONG><a name="[c4]"></a>dmp_icm20948_set_b2s_rate</STRONG> (Thumb, 108 bytes, Stack size 32 bytes, icm20948dmp3driver.o(i.dmp_icm20948_set_b2s_rate))
<BR><BR>[Stack]<UL><LI>Max Depth = 184<LI>Call Chain = dmp_icm20948_set_b2s_rate &rArr; inv_icm20948_write_mems &rArr; inv_icm20948_set_chip_power_state &rArr; inv_icm20948_write_single_mems_reg_core &rArr; inv_set_bank &rArr; inv_icm20948_write_reg
</UL>
<BR>[Calls]<UL><LI><a href="#[bb]">&gt;&gt;</a>&nbsp;&nbsp;&nbsp;inv_icm20948_write_mems
<LI><a href="#[bf]">&gt;&gt;</a>&nbsp;&nbsp;&nbsp;inv_icm20948_convert_int16_to_big8
</UL>
<BR>[Called By]<UL><LI><a href="#[169]">&gt;&gt;</a>&nbsp;&nbsp;&nbsp;inv_icm20948_initialize_lower_driver
<LI><a href="#[11b]">&gt;&gt;</a>&nbsp;&nbsp;&nbsp;inv_set_hw_smplrt_dmp_odrs
</UL>

<P><STRONG><a name="[c5]"></a>dmp_icm20948_set_bac_rate</STRONG> (Thumb, 108 bytes, Stack size 32 bytes, icm20948dmp3driver.o(i.dmp_icm20948_set_bac_rate))
<BR><BR>[Stack]<UL><LI>Max Depth = 184<LI>Call Chain = dmp_icm20948_set_bac_rate &rArr; inv_icm20948_write_mems &rArr; inv_icm20948_set_chip_power_state &rArr; inv_icm20948_write_single_mems_reg_core &rArr; inv_set_bank &rArr; inv_icm20948_write_reg
</UL>
<BR>[Calls]<UL><LI><a href="#[bb]">&gt;&gt;</a>&nbsp;&nbsp;&nbsp;inv_icm20948_write_mems
<LI><a href="#[bf]">&gt;&gt;</a>&nbsp;&nbsp;&nbsp;inv_icm20948_convert_int16_to_big8
</UL>
<BR>[Called By]<UL><LI><a href="#[169]">&gt;&gt;</a>&nbsp;&nbsp;&nbsp;inv_icm20948_initialize_lower_driver
<LI><a href="#[11b]">&gt;&gt;</a>&nbsp;&nbsp;&nbsp;inv_set_hw_smplrt_dmp_odrs
</UL>

<P><STRONG><a name="[c6]"></a>dmp_icm20948_set_batchmode_params</STRONG> (Thumb, 96 bytes, Stack size 32 bytes, icm20948dmp3driver.o(i.dmp_icm20948_set_batchmode_params))
<BR><BR>[Stack]<UL><LI>Max Depth = 184<LI>Call Chain = dmp_icm20948_set_batchmode_params &rArr; inv_icm20948_write_mems &rArr; inv_icm20948_set_chip_power_state &rArr; inv_icm20948_write_single_mems_reg_core &rArr; inv_set_bank &rArr; inv_icm20948_write_reg
</UL>
<BR>[Calls]<UL><LI><a href="#[bb]">&gt;&gt;</a>&nbsp;&nbsp;&nbsp;inv_icm20948_write_mems
<LI><a href="#[bd]">&gt;&gt;</a>&nbsp;&nbsp;&nbsp;inv_icm20948_convert_int32_to_big8
<LI><a href="#[bf]">&gt;&gt;</a>&nbsp;&nbsp;&nbsp;inv_icm20948_convert_int16_to_big8
</UL>
<BR>[Called By]<UL><LI><a href="#[149]">&gt;&gt;</a>&nbsp;&nbsp;&nbsp;inv_icm20948_ctrl_set_batch_timeout_ms
</UL>

<P><STRONG><a name="[c7]"></a>dmp_icm20948_set_bias_acc</STRONG> (Thumb, 98 bytes, Stack size 24 bytes, icm20948dmp3driver.o(i.dmp_icm20948_set_bias_acc))
<BR><BR>[Stack]<UL><LI>Max Depth = 176<LI>Call Chain = dmp_icm20948_set_bias_acc &rArr; inv_icm20948_write_mems &rArr; inv_icm20948_set_chip_power_state &rArr; inv_icm20948_write_single_mems_reg_core &rArr; inv_set_bank &rArr; inv_icm20948_write_reg
</UL>
<BR>[Calls]<UL><LI><a href="#[bb]">&gt;&gt;</a>&nbsp;&nbsp;&nbsp;inv_icm20948_write_mems
<LI><a href="#[bd]">&gt;&gt;</a>&nbsp;&nbsp;&nbsp;inv_icm20948_convert_int32_to_big8
</UL>
<BR>[Called By]<UL><LI><a href="#[146]">&gt;&gt;</a>&nbsp;&nbsp;&nbsp;inv_icm20948_ctrl_set_acc_bias
</UL>

<P><STRONG><a name="[c8]"></a>dmp_icm20948_set_bias_cmp</STRONG> (Thumb, 98 bytes, Stack size 24 bytes, icm20948dmp3driver.o(i.dmp_icm20948_set_bias_cmp))
<BR><BR>[Stack]<UL><LI>Max Depth = 176<LI>Call Chain = dmp_icm20948_set_bias_cmp &rArr; inv_icm20948_write_mems &rArr; inv_icm20948_set_chip_power_state &rArr; inv_icm20948_write_single_mems_reg_core &rArr; inv_set_bank &rArr; inv_icm20948_write_reg
</UL>
<BR>[Calls]<UL><LI><a href="#[bb]">&gt;&gt;</a>&nbsp;&nbsp;&nbsp;inv_icm20948_write_mems
<LI><a href="#[bd]">&gt;&gt;</a>&nbsp;&nbsp;&nbsp;inv_icm20948_convert_int32_to_big8
</UL>
<BR>[Called By]<UL><LI><a href="#[14d]">&gt;&gt;</a>&nbsp;&nbsp;&nbsp;inv_icm20948_ctrl_set_mag_bias
</UL>

<P><STRONG><a name="[c9]"></a>dmp_icm20948_set_bias_gyr</STRONG> (Thumb, 98 bytes, Stack size 24 bytes, icm20948dmp3driver.o(i.dmp_icm20948_set_bias_gyr))
<BR><BR>[Stack]<UL><LI>Max Depth = 176<LI>Call Chain = dmp_icm20948_set_bias_gyr &rArr; inv_icm20948_write_mems &rArr; inv_icm20948_set_chip_power_state &rArr; inv_icm20948_write_single_mems_reg_core &rArr; inv_set_bank &rArr; inv_icm20948_write_reg
</UL>
<BR>[Calls]<UL><LI><a href="#[bb]">&gt;&gt;</a>&nbsp;&nbsp;&nbsp;inv_icm20948_write_mems
<LI><a href="#[bd]">&gt;&gt;</a>&nbsp;&nbsp;&nbsp;inv_icm20948_convert_int32_to_big8
</UL>
<BR>[Called By]<UL><LI><a href="#[14c]">&gt;&gt;</a>&nbsp;&nbsp;&nbsp;inv_icm20948_ctrl_set_gyr_bias
</UL>

<P><STRONG><a name="[ca]"></a>dmp_icm20948_set_compass_matrix</STRONG> (Thumb, 254 bytes, Stack size 24 bytes, icm20948dmp3driver.o(i.dmp_icm20948_set_compass_matrix))
<BR><BR>[Stack]<UL><LI>Max Depth = 176<LI>Call Chain = dmp_icm20948_set_compass_matrix &rArr; inv_icm20948_write_mems &rArr; inv_icm20948_set_chip_power_state &rArr; inv_icm20948_write_single_mems_reg_core &rArr; inv_set_bank &rArr; inv_icm20948_write_reg
</UL>
<BR>[Calls]<UL><LI><a href="#[bb]">&gt;&gt;</a>&nbsp;&nbsp;&nbsp;inv_icm20948_write_mems
<LI><a href="#[bd]">&gt;&gt;</a>&nbsp;&nbsp;&nbsp;inv_icm20948_convert_int32_to_big8
</UL>
<BR>[Called By]<UL><LI><a href="#[130]">&gt;&gt;</a>&nbsp;&nbsp;&nbsp;inv_icm20948_compass_dmp_cal
</UL>

<P><STRONG><a name="[cb]"></a>dmp_icm20948_set_data_interrupt_control</STRONG> (Thumb, 44 bytes, Stack size 24 bytes, icm20948dmp3driver.o(i.dmp_icm20948_set_data_interrupt_control))
<BR><BR>[Stack]<UL><LI>Max Depth = 176<LI>Call Chain = dmp_icm20948_set_data_interrupt_control &rArr; inv_icm20948_write_mems &rArr; inv_icm20948_set_chip_power_state &rArr; inv_icm20948_write_single_mems_reg_core &rArr; inv_set_bank &rArr; inv_icm20948_write_reg
</UL>
<BR>[Calls]<UL><LI><a href="#[bb]">&gt;&gt;</a>&nbsp;&nbsp;&nbsp;inv_icm20948_write_mems
<LI><a href="#[bf]">&gt;&gt;</a>&nbsp;&nbsp;&nbsp;inv_icm20948_convert_int16_to_big8
</UL>
<BR>[Called By]<UL><LI><a href="#[116]">&gt;&gt;</a>&nbsp;&nbsp;&nbsp;inv_enable_sensor_internal
</UL>

<P><STRONG><a name="[cc]"></a>dmp_icm20948_set_data_output_control1</STRONG> (Thumb, 36 bytes, Stack size 24 bytes, icm20948dmp3driver.o(i.dmp_icm20948_set_data_output_control1))
<BR><BR>[Stack]<UL><LI>Max Depth = 176<LI>Call Chain = dmp_icm20948_set_data_output_control1 &rArr; inv_icm20948_write_mems &rArr; inv_icm20948_set_chip_power_state &rArr; inv_icm20948_write_single_mems_reg_core &rArr; inv_set_bank &rArr; inv_icm20948_write_reg
</UL>
<BR>[Calls]<UL><LI><a href="#[bb]">&gt;&gt;</a>&nbsp;&nbsp;&nbsp;inv_icm20948_write_mems
</UL>
<BR>[Called By]<UL><LI><a href="#[116]">&gt;&gt;</a>&nbsp;&nbsp;&nbsp;inv_enable_sensor_internal
</UL>

<P><STRONG><a name="[cd]"></a>dmp_icm20948_set_data_output_control2</STRONG> (Thumb, 32 bytes, Stack size 16 bytes, icm20948dmp3driver.o(i.dmp_icm20948_set_data_output_control2))
<BR><BR>[Stack]<UL><LI>Max Depth = 168<LI>Call Chain = dmp_icm20948_set_data_output_control2 &rArr; inv_icm20948_write_mems &rArr; inv_icm20948_set_chip_power_state &rArr; inv_icm20948_write_single_mems_reg_core &rArr; inv_set_bank &rArr; inv_icm20948_write_reg
</UL>
<BR>[Calls]<UL><LI><a href="#[bb]">&gt;&gt;</a>&nbsp;&nbsp;&nbsp;inv_icm20948_write_mems
</UL>
<BR>[Called By]<UL><LI><a href="#[13c]">&gt;&gt;</a>&nbsp;&nbsp;&nbsp;inv_icm20948_ctrl_enable_batch
<LI><a href="#[116]">&gt;&gt;</a>&nbsp;&nbsp;&nbsp;inv_enable_sensor_internal
</UL>

<P><STRONG><a name="[ce]"></a>dmp_icm20948_set_data_rdy_status</STRONG> (Thumb, 44 bytes, Stack size 24 bytes, icm20948dmp3driver.o(i.dmp_icm20948_set_data_rdy_status))
<BR><BR>[Stack]<UL><LI>Max Depth = 176<LI>Call Chain = dmp_icm20948_set_data_rdy_status &rArr; inv_icm20948_write_mems &rArr; inv_icm20948_set_chip_power_state &rArr; inv_icm20948_write_single_mems_reg_core &rArr; inv_set_bank &rArr; inv_icm20948_write_reg
</UL>
<BR>[Calls]<UL><LI><a href="#[bb]">&gt;&gt;</a>&nbsp;&nbsp;&nbsp;inv_icm20948_write_mems
<LI><a href="#[bf]">&gt;&gt;</a>&nbsp;&nbsp;&nbsp;inv_icm20948_convert_int16_to_big8
</UL>
<BR>[Called By]<UL><LI><a href="#[116]">&gt;&gt;</a>&nbsp;&nbsp;&nbsp;inv_enable_sensor_internal
</UL>

<P><STRONG><a name="[cf]"></a>dmp_icm20948_set_gyro_sf</STRONG> (Thumb, 36 bytes, Stack size 24 bytes, icm20948dmp3driver.o(i.dmp_icm20948_set_gyro_sf))
<BR><BR>[Stack]<UL><LI>Max Depth = 176<LI>Call Chain = dmp_icm20948_set_gyro_sf &rArr; inv_icm20948_write_mems &rArr; inv_icm20948_set_chip_power_state &rArr; inv_icm20948_write_single_mems_reg_core &rArr; inv_set_bank &rArr; inv_icm20948_write_reg
</UL>
<BR>[Calls]<UL><LI><a href="#[bb]">&gt;&gt;</a>&nbsp;&nbsp;&nbsp;inv_icm20948_write_mems
<LI><a href="#[bd]">&gt;&gt;</a>&nbsp;&nbsp;&nbsp;inv_icm20948_convert_int32_to_big8
</UL>
<BR>[Called By]<UL><LI><a href="#[11e]">&gt;&gt;</a>&nbsp;&nbsp;&nbsp;inv_icm20948_set_gyro_sf
</UL>

<P><STRONG><a name="[d0]"></a>dmp_icm20948_set_motion_event_control</STRONG> (Thumb, 36 bytes, Stack size 24 bytes, icm20948dmp3driver.o(i.dmp_icm20948_set_motion_event_control))
<BR><BR>[Stack]<UL><LI>Max Depth = 176<LI>Call Chain = dmp_icm20948_set_motion_event_control &rArr; inv_icm20948_write_mems &rArr; inv_icm20948_set_chip_power_state &rArr; inv_icm20948_write_single_mems_reg_core &rArr; inv_set_bank &rArr; inv_icm20948_write_reg
</UL>
<BR>[Calls]<UL><LI><a href="#[bb]">&gt;&gt;</a>&nbsp;&nbsp;&nbsp;inv_icm20948_write_mems
</UL>
<BR>[Called By]<UL><LI><a href="#[116]">&gt;&gt;</a>&nbsp;&nbsp;&nbsp;inv_enable_sensor_internal
</UL>

<P><STRONG><a name="[d1]"></a>dmp_icm20948_set_ped_y_ratio</STRONG> (Thumb, 40 bytes, Stack size 24 bytes, icm20948dmp3driver.o(i.dmp_icm20948_set_ped_y_ratio))
<BR><BR>[Stack]<UL><LI>Max Depth = 176<LI>Call Chain = dmp_icm20948_set_ped_y_ratio &rArr; inv_icm20948_write_mems &rArr; inv_icm20948_set_chip_power_state &rArr; inv_icm20948_write_single_mems_reg_core &rArr; inv_set_bank &rArr; inv_icm20948_write_reg
</UL>
<BR>[Calls]<UL><LI><a href="#[bb]">&gt;&gt;</a>&nbsp;&nbsp;&nbsp;inv_icm20948_write_mems
<LI><a href="#[bd]">&gt;&gt;</a>&nbsp;&nbsp;&nbsp;inv_icm20948_convert_int32_to_big8
</UL>
<BR>[Called By]<UL><LI><a href="#[116]">&gt;&gt;</a>&nbsp;&nbsp;&nbsp;inv_enable_sensor_internal
</UL>

<P><STRONG><a name="[65]"></a>dmp_icm20948_set_sensor_rate</STRONG> (Thumb, 146 bytes, Stack size 32 bytes, icm20948dmp3driver.o(i.dmp_icm20948_set_sensor_rate))
<BR><BR>[Stack]<UL><LI>Max Depth = 184<LI>Call Chain = dmp_icm20948_set_sensor_rate &rArr; inv_icm20948_write_mems &rArr; inv_icm20948_set_chip_power_state &rArr; inv_icm20948_write_single_mems_reg_core &rArr; inv_set_bank &rArr; inv_icm20948_write_reg
</UL>
<BR>[Calls]<UL><LI><a href="#[bb]">&gt;&gt;</a>&nbsp;&nbsp;&nbsp;inv_icm20948_write_mems
<LI><a href="#[bf]">&gt;&gt;</a>&nbsp;&nbsp;&nbsp;inv_icm20948_convert_int16_to_big8
</UL>
<BR>[Called By]<UL><LI><a href="#[64]">&gt;&gt;</a>&nbsp;&nbsp;&nbsp;DividerRateSet
</UL>

<P><STRONG><a name="[e7]"></a>free</STRONG> (Thumb, 76 bytes, Stack size 8 bytes, malloc.o(i.free))
<BR><BR>[Stack]<UL><LI>Max Depth = 8<LI>Call Chain = free
</UL>
<BR>[Called By]<UL><LI><a href="#[e4]">&gt;&gt;</a>&nbsp;&nbsp;&nbsp;i2c_write_byte
</UL>

<P><STRONG><a name="[e1]"></a>i2c_read_bytes</STRONG> (Thumb, 96 bytes, Stack size 32 bytes, usr_twi.o(i.i2c_read_bytes))
<BR><BR>[Stack]<UL><LI>Max Depth = 360<LI>Call Chain = i2c_read_bytes &rArr; i2c_write_forread_byte &rArr; app_error_handler_bare &rArr; app_error_fault_handler &rArr; nrf_log_frontend_std_0 &rArr; std_n &rArr; nrf_log_frontend_dequeue &rArr;  nrf_log_frontend_std_0 (Cycle)
</UL>
<BR>[Calls]<UL><LI><a href="#[90]">&gt;&gt;</a>&nbsp;&nbsp;&nbsp;app_error_handler_bare
<LI><a href="#[e3]">&gt;&gt;</a>&nbsp;&nbsp;&nbsp;nrfx_twim_rx
<LI><a href="#[e2]">&gt;&gt;</a>&nbsp;&nbsp;&nbsp;i2c_write_forread_byte
</UL>
<BR>[Called By]<UL><LI><a href="#[3f]">&gt;&gt;</a>&nbsp;&nbsp;&nbsp;my_serif_open_read_reg
</UL>

<P><STRONG><a name="[e4]"></a>i2c_write_byte</STRONG> (Thumb, 118 bytes, Stack size 64 bytes, usr_twi.o(i.i2c_write_byte))
<BR><BR>[Stack]<UL><LI>Max Depth = 352<LI>Call Chain = i2c_write_byte &rArr; app_error_handler_bare &rArr; app_error_fault_handler &rArr; nrf_log_frontend_std_0 &rArr; std_n &rArr; nrf_log_frontend_dequeue &rArr;  nrf_log_frontend_std_0 (Cycle)
</UL>
<BR>[Calls]<UL><LI><a href="#[90]">&gt;&gt;</a>&nbsp;&nbsp;&nbsp;app_error_handler_bare
<LI><a href="#[e6]">&gt;&gt;</a>&nbsp;&nbsp;&nbsp;nrf_drv_twi_tx
<LI><a href="#[e5]">&gt;&gt;</a>&nbsp;&nbsp;&nbsp;malloc
<LI><a href="#[e7]">&gt;&gt;</a>&nbsp;&nbsp;&nbsp;free
<LI><a href="#[82]">&gt;&gt;</a>&nbsp;&nbsp;&nbsp;__aeabi_memcpy
</UL>
<BR>[Called By]<UL><LI><a href="#[40]">&gt;&gt;</a>&nbsp;&nbsp;&nbsp;my_serif_open_write_reg
</UL>

<P><STRONG><a name="[e2]"></a>i2c_write_forread_byte</STRONG> (Thumb, 66 bytes, Stack size 40 bytes, usr_twi.o(i.i2c_write_forread_byte))
<BR><BR>[Stack]<UL><LI>Max Depth = 328<LI>Call Chain = i2c_write_forread_byte &rArr; app_error_handler_bare &rArr; app_error_fault_handler &rArr; nrf_log_frontend_std_0 &rArr; std_n &rArr; nrf_log_frontend_dequeue &rArr;  nrf_log_frontend_std_0 (Cycle)
</UL>
<BR>[Calls]<UL><LI><a href="#[90]">&gt;&gt;</a>&nbsp;&nbsp;&nbsp;app_error_handler_bare
<LI><a href="#[e6]">&gt;&gt;</a>&nbsp;&nbsp;&nbsp;nrf_drv_twi_tx
</UL>
<BR>[Called By]<UL><LI><a href="#[e1]">&gt;&gt;</a>&nbsp;&nbsp;&nbsp;i2c_read_bytes
</UL>

<P><STRONG><a name="[34]"></a>in_pin_handler</STRONG> (Thumb, 8 bytes, Stack size 0 bytes, main.o(i.in_pin_handler))
<BR>[Address Reference Count : 1]<UL><LI> main.o(i.gpio_init)
</UL>
<P><STRONG><a name="[4c]"></a>inv_device_icm20948_cleanup</STRONG> (Thumb, 48 bytes, Stack size 16 bytes, deviceicm20948.o(i.inv_device_icm20948_cleanup))
<BR><BR>[Stack]<UL><LI>Max Depth = 568<LI>Call Chain = inv_device_icm20948_cleanup &rArr; inv_device_icm20948_enable_sensor &rArr; inv_icm20948_enable_sensor &rArr; inv_icm20948_ctrl_enable_sensor &rArr; inv_enable_sensor_internal &rArr; inv_set_hw_smplrt_dmp_odrs &rArr; DividerRateSet &rArr; dmp_icm20948_set_sensor_rate &rArr; inv_icm20948_write_mems &rArr; inv_icm20948_set_chip_power_state &rArr; inv_icm20948_write_single_mems_reg_core &rArr; inv_set_bank &rArr; inv_icm20948_write_reg
</UL>
<BR>[Calls]<UL><LI><a href="#[50]">&gt;&gt;</a>&nbsp;&nbsp;&nbsp;inv_device_icm20948_ping_sensor
<LI><a href="#[51]">&gt;&gt;</a>&nbsp;&nbsp;&nbsp;inv_device_icm20948_enable_sensor
<LI><a href="#[f8]">&gt;&gt;</a>&nbsp;&nbsp;&nbsp;inv_icm20948_soft_reset
</UL>
<BR>[Called By]<UL><LI><a href="#[4f]">&gt;&gt;</a>&nbsp;&nbsp;&nbsp;inv_device_icm20948_self_test
<LI><a href="#[4a]">&gt;&gt;</a>&nbsp;&nbsp;&nbsp;inv_device_icm20948_reset
</UL>
<BR>[Address Reference Count : 1]<UL><LI> deviceicm20948.o(.constdata)
</UL>
<P><STRONG><a name="[51]"></a>inv_device_icm20948_enable_sensor</STRONG> (Thumb, 36 bytes, Stack size 24 bytes, deviceicm20948.o(i.inv_device_icm20948_enable_sensor))
<BR><BR>[Stack]<UL><LI>Max Depth = 552<LI>Call Chain = inv_device_icm20948_enable_sensor &rArr; inv_icm20948_enable_sensor &rArr; inv_icm20948_ctrl_enable_sensor &rArr; inv_enable_sensor_internal &rArr; inv_set_hw_smplrt_dmp_odrs &rArr; DividerRateSet &rArr; dmp_icm20948_set_sensor_rate &rArr; inv_icm20948_write_mems &rArr; inv_icm20948_set_chip_power_state &rArr; inv_icm20948_write_single_mems_reg_core &rArr; inv_set_bank &rArr; inv_icm20948_write_reg
</UL>
<BR>[Calls]<UL><LI><a href="#[f9]">&gt;&gt;</a>&nbsp;&nbsp;&nbsp;idd_sensortype_2_driver
<LI><a href="#[fa]">&gt;&gt;</a>&nbsp;&nbsp;&nbsp;inv_icm20948_enable_sensor
</UL>
<BR>[Called By]<UL><LI><a href="#[4c]">&gt;&gt;</a>&nbsp;&nbsp;&nbsp;inv_device_icm20948_cleanup
</UL>
<BR>[Address Reference Count : 1]<UL><LI> deviceicm20948.o(.constdata)
</UL>
<P><STRONG><a name="[56]"></a>inv_device_icm20948_get_sensor_config</STRONG> (Thumb, 102 bytes, Stack size 32 bytes, deviceicm20948.o(i.inv_device_icm20948_get_sensor_config))
<BR><BR>[Stack]<UL><LI>Max Depth = 288<LI>Call Chain = inv_device_icm20948_get_sensor_config &rArr; inv_icm20948_get_bias &rArr; inv_icm20948_ctrl_get_mag_bias &rArr; dmp_icm20948_get_bias_cmp &rArr; inv_icm20948_read_mems &rArr; inv_icm20948_set_chip_power_state &rArr; inv_icm20948_write_single_mems_reg_core &rArr; inv_set_bank &rArr; inv_icm20948_write_reg
</UL>
<BR>[Calls]<UL><LI><a href="#[f9]">&gt;&gt;</a>&nbsp;&nbsp;&nbsp;idd_sensortype_2_driver
<LI><a href="#[fc]">&gt;&gt;</a>&nbsp;&nbsp;&nbsp;inv_icm20948_get_lowpower_or_highperformance
<LI><a href="#[fb]">&gt;&gt;</a>&nbsp;&nbsp;&nbsp;inv_icm20948_get_fsr
<LI><a href="#[fd]">&gt;&gt;</a>&nbsp;&nbsp;&nbsp;inv_icm20948_get_bias
</UL>
<BR>[Address Reference Count : 1]<UL><LI> deviceicm20948.o(.constdata)
</UL>
<P><STRONG><a name="[fe]"></a>inv_device_icm20948_init2</STRONG> (Thumb, 146 bytes, Stack size 56 bytes, deviceicm20948.o(i.inv_device_icm20948_init2))
<BR><BR>[Stack]<UL><LI>Max Depth = 88<LI>Call Chain = inv_device_icm20948_init2 &rArr; inv_icm20948_init_structure &rArr; inv_icm20948_base_control_init
</UL>
<BR>[Calls]<UL><LI><a href="#[100]">&gt;&gt;</a>&nbsp;&nbsp;&nbsp;inv_device_icm20948_init_aux_compass
<LI><a href="#[ff]">&gt;&gt;</a>&nbsp;&nbsp;&nbsp;inv_icm20948_init_structure
<LI><a href="#[a7]">&gt;&gt;</a>&nbsp;&nbsp;&nbsp;__aeabi_memclr4
<LI><a href="#[da]">&gt;&gt;</a>&nbsp;&nbsp;&nbsp;__aeabi_memcpy4
</UL>
<BR>[Called By]<UL><LI><a href="#[31]">&gt;&gt;</a>&nbsp;&nbsp;&nbsp;main
</UL>

<P><STRONG><a name="[100]"></a>inv_device_icm20948_init_aux_compass</STRONG> (Thumb, 22 bytes, Stack size 16 bytes, deviceicm20948.o(i.inv_device_icm20948_init_aux_compass))
<BR><BR>[Stack]<UL><LI>Max Depth = 24<LI>Call Chain = inv_device_icm20948_init_aux_compass &rArr; inv_icm20948_register_aux_compass
</UL>
<BR>[Calls]<UL><LI><a href="#[101]">&gt;&gt;</a>&nbsp;&nbsp;&nbsp;inv_icm20948_register_aux_compass
</UL>
<BR>[Called By]<UL><LI><a href="#[fe]">&gt;&gt;</a>&nbsp;&nbsp;&nbsp;inv_device_icm20948_init2
</UL>

<P><STRONG><a name="[4d]"></a>inv_device_icm20948_load</STRONG> (Thumb, 34 bytes, Stack size 32 bytes, deviceicm20948.o(i.inv_device_icm20948_load))
<BR><BR>[Stack]<UL><LI>Max Depth = 288<LI>Call Chain = inv_device_icm20948_load &rArr; inv_icm20948_load &rArr; inv_icm20948_firmware_load &rArr; inv_icm20948_read_mems &rArr; inv_icm20948_set_chip_power_state &rArr; inv_icm20948_write_single_mems_reg_core &rArr; inv_set_bank &rArr; inv_icm20948_write_reg
</UL>
<BR>[Calls]<UL><LI><a href="#[102]">&gt;&gt;</a>&nbsp;&nbsp;&nbsp;inv_icm20948_load
</UL>
<BR>[Address Reference Count : 1]<UL><LI> deviceicm20948.o(.constdata)
</UL>
<P><STRONG><a name="[50]"></a>inv_device_icm20948_ping_sensor</STRONG> (Thumb, 112 bytes, Stack size 16 bytes, deviceicm20948.o(i.inv_device_icm20948_ping_sensor))
<BR><BR>[Stack]<UL><LI>Max Depth = 16<LI>Call Chain = inv_device_icm20948_ping_sensor
</UL>
<BR>[Calls]<UL><LI><a href="#[103]">&gt;&gt;</a>&nbsp;&nbsp;&nbsp;inv_icm20948_compass_isconnected
</UL>
<BR>[Called By]<UL><LI><a href="#[4f]">&gt;&gt;</a>&nbsp;&nbsp;&nbsp;inv_device_icm20948_self_test
<LI><a href="#[4c]">&gt;&gt;</a>&nbsp;&nbsp;&nbsp;inv_device_icm20948_cleanup
</UL>
<BR>[Address Reference Count : 1]<UL><LI> deviceicm20948.o(.constdata)
</UL>
<P><STRONG><a name="[4e]"></a>inv_device_icm20948_poll</STRONG> (Thumb, 20 bytes, Stack size 16 bytes, deviceicm20948.o(i.inv_device_icm20948_poll))
<BR><BR>[Stack]<UL><LI>Max Depth = 792<LI>Call Chain = inv_device_icm20948_poll &rArr; inv_icm20948_poll_sensor &rArr; inv_icm20948_updateTs &rArr; inv_icm20948_fifo_swmirror &rArr; dmp_get_fifo_all &rArr; dmp_read_fifo &rArr; dmp_reset_fifo &rArr; inv_icm20948_mpu_set_FIFO_RST_Diamond &rArr; inv_icm20948_read_mems_reg &rArr; inv_icm20948_set_chip_power_state &rArr; inv_icm20948_write_single_mems_reg_core &rArr; inv_set_bank &rArr; inv_icm20948_write_reg
</UL>
<BR>[Calls]<UL><LI><a href="#[104]">&gt;&gt;</a>&nbsp;&nbsp;&nbsp;inv_icm20948_poll_sensor
</UL>
<BR>[Address Reference Count : 1]<UL><LI> deviceicm20948.o(.constdata)
</UL>
<P><STRONG><a name="[58]"></a>inv_device_icm20948_read_mems_register</STRONG> (Thumb, 34 bytes, Stack size 32 bytes, deviceicm20948.o(i.inv_device_icm20948_read_mems_register))
<BR><BR>[Stack]<UL><LI>Max Depth = 64<LI>Call Chain = inv_device_icm20948_read_mems_register &rArr; inv_icm20948_read_reg
</UL>
<BR>[Calls]<UL><LI><a href="#[105]">&gt;&gt;</a>&nbsp;&nbsp;&nbsp;inv_icm20948_read_reg
</UL>
<BR>[Address Reference Count : 1]<UL><LI> deviceicm20948.o(.constdata)
</UL>
<P><STRONG><a name="[4a]"></a>inv_device_icm20948_reset</STRONG> (Thumb, 50 bytes, Stack size 16 bytes, deviceicm20948.o(i.inv_device_icm20948_reset))
<BR><BR>[Stack]<UL><LI>Max Depth = 584<LI>Call Chain = inv_device_icm20948_reset &rArr; inv_device_icm20948_cleanup &rArr; inv_device_icm20948_enable_sensor &rArr; inv_icm20948_enable_sensor &rArr; inv_icm20948_ctrl_enable_sensor &rArr; inv_enable_sensor_internal &rArr; inv_set_hw_smplrt_dmp_odrs &rArr; DividerRateSet &rArr; dmp_icm20948_set_sensor_rate &rArr; inv_icm20948_write_mems &rArr; inv_icm20948_set_chip_power_state &rArr; inv_icm20948_write_single_mems_reg_core &rArr; inv_set_bank &rArr; inv_icm20948_write_reg
</UL>
<BR>[Calls]<UL><LI><a href="#[a9]">&gt;&gt;</a>&nbsp;&nbsp;&nbsp;inv_msg
<LI><a href="#[4c]">&gt;&gt;</a>&nbsp;&nbsp;&nbsp;inv_device_icm20948_cleanup
<LI><a href="#[4b]">&gt;&gt;</a>&nbsp;&nbsp;&nbsp;inv_device_icm20948_setup
</UL>
<BR>[Called By]<UL><LI><a href="#[4f]">&gt;&gt;</a>&nbsp;&nbsp;&nbsp;inv_device_icm20948_self_test
</UL>
<BR>[Address Reference Count : 1]<UL><LI> deviceicm20948.o(.constdata)
</UL>
<P><STRONG><a name="[4f]"></a>inv_device_icm20948_self_test</STRONG> (Thumb, 118 bytes, Stack size 24 bytes, deviceicm20948.o(i.inv_device_icm20948_self_test))
<BR><BR>[Stack]<UL><LI>Max Depth = 608<LI>Call Chain = inv_device_icm20948_self_test &rArr; inv_device_icm20948_reset &rArr; inv_device_icm20948_cleanup &rArr; inv_device_icm20948_enable_sensor &rArr; inv_icm20948_enable_sensor &rArr; inv_icm20948_ctrl_enable_sensor &rArr; inv_enable_sensor_internal &rArr; inv_set_hw_smplrt_dmp_odrs &rArr; DividerRateSet &rArr; dmp_icm20948_set_sensor_rate &rArr; inv_icm20948_write_mems &rArr; inv_icm20948_set_chip_power_state &rArr; inv_icm20948_write_single_mems_reg_core &rArr; inv_set_bank &rArr; inv_icm20948_write_reg
</UL>
<BR>[Calls]<UL><LI><a href="#[a9]">&gt;&gt;</a>&nbsp;&nbsp;&nbsp;inv_msg
<LI><a href="#[4a]">&gt;&gt;</a>&nbsp;&nbsp;&nbsp;inv_device_icm20948_reset
<LI><a href="#[50]">&gt;&gt;</a>&nbsp;&nbsp;&nbsp;inv_device_icm20948_ping_sensor
<LI><a href="#[4c]">&gt;&gt;</a>&nbsp;&nbsp;&nbsp;inv_device_icm20948_cleanup
<LI><a href="#[106]">&gt;&gt;</a>&nbsp;&nbsp;&nbsp;inv_icm20948_run_selftest
</UL>
<BR>[Address Reference Count : 1]<UL><LI> deviceicm20948.o(.constdata)
</UL>
<P><STRONG><a name="[55]"></a>inv_device_icm20948_set_sensor_config</STRONG> (Thumb, 154 bytes, Stack size 48 bytes, deviceicm20948.o(i.inv_device_icm20948_set_sensor_config))
<BR><BR>[Stack]<UL><LI>Max Depth = 344<LI>Call Chain = inv_device_icm20948_set_sensor_config &rArr; inv_icm20948_set_fsr &rArr; inv_icm20948_set_gyro_fullscale &rArr; inv_icm20948_set_gyro_sf &rArr; dmp_icm20948_set_gyro_sf &rArr; inv_icm20948_write_mems &rArr; inv_icm20948_set_chip_power_state &rArr; inv_icm20948_write_single_mems_reg_core &rArr; inv_set_bank &rArr; inv_icm20948_write_reg
</UL>
<BR>[Calls]<UL><LI><a href="#[f9]">&gt;&gt;</a>&nbsp;&nbsp;&nbsp;idd_sensortype_2_driver
<LI><a href="#[109]">&gt;&gt;</a>&nbsp;&nbsp;&nbsp;inv_icm20948_set_lowpower_or_highperformance
<LI><a href="#[107]">&gt;&gt;</a>&nbsp;&nbsp;&nbsp;inv_icm20948_set_fsr
<LI><a href="#[108]">&gt;&gt;</a>&nbsp;&nbsp;&nbsp;inv_icm20948_set_bias
<LI><a href="#[fd]">&gt;&gt;</a>&nbsp;&nbsp;&nbsp;inv_icm20948_get_bias
</UL>
<BR>[Address Reference Count : 1]<UL><LI> deviceicm20948.o(.constdata)
</UL>
<P><STRONG><a name="[54]"></a>inv_device_icm20948_set_sensor_mounting_matrix</STRONG> (Thumb, 36 bytes, Stack size 24 bytes, deviceicm20948.o(i.inv_device_icm20948_set_sensor_mounting_matrix))
<BR><BR>[Stack]<UL><LI>Max Depth = 432<LI>Call Chain = inv_device_icm20948_set_sensor_mounting_matrix &rArr; inv_icm20948_set_matrix &rArr; inv_icm20948_compass_dmp_cal &rArr; dmp_icm20948_set_compass_matrix &rArr; inv_icm20948_write_mems &rArr; inv_icm20948_set_chip_power_state &rArr; inv_icm20948_write_single_mems_reg_core &rArr; inv_set_bank &rArr; inv_icm20948_write_reg
</UL>
<BR>[Calls]<UL><LI><a href="#[f9]">&gt;&gt;</a>&nbsp;&nbsp;&nbsp;idd_sensortype_2_driver
<LI><a href="#[10a]">&gt;&gt;</a>&nbsp;&nbsp;&nbsp;inv_icm20948_set_matrix
</UL>
[...]
</UL>

<P><STRONG><a name="[194]"></a>inv_rotation_to_quaternion</STRONG> (Thumb, 98 bytes, Stack size 32 bytes, icm20948dataconverter.o(i.inv_rotation_to_quaternion))
<BR><BR>[Stack]<UL><LI>Max Depth = 104<LI>Call Chain = inv_rotation_to_quaternion &rArr; inv_icm20948_convert_matrix_to_quat_flt &rArr; __hardfp_sqrtf
</UL>
<BR>[Calls]<UL><LI><a href="#[135]">&gt;&gt;</a>&nbsp;&nbsp;&nbsp;inv_icm20948_convert_matrix_to_quat_flt
</UL>
<BR>[Called By]<UL><LI><a href="#[163]">&gt;&gt;</a>&nbsp;&nbsp;&nbsp;inv_icm20948_set_chip_to_body_axis_quaternion
</UL>

<P><STRONG><a name="[1a4]"></a>invn_convert_inv_sqrt_q15_fxp</STRONG> (Thumb, 212 bytes, Stack size 48 bytes, icm20948dataconverter.o(i.invn_convert_inv_sqrt_q15_fxp))
<BR><BR>[Stack]<UL><LI>Max Depth = 60<LI>Call Chain = invn_convert_inv_sqrt_q15_fxp &rArr; invn_convert_mult_q15_fxp
</UL>
<BR>[Calls]<UL><LI><a href="#[173]">&gt;&gt;</a>&nbsp;&nbsp;&nbsp;invn_convert_mult_q15_fxp
</UL>
<BR>[Called By]<UL><LI><a href="#[172]">&gt;&gt;</a>&nbsp;&nbsp;&nbsp;invn_convert_inverse_q15_fxp
</UL>

<P><STRONG><a name="[172]"></a>invn_convert_inverse_q15_fxp</STRONG> (Thumb, 68 bytes, Stack size 16 bytes, icm20948dataconverter.o(i.invn_convert_inverse_q15_fxp))
<BR><BR>[Stack]<UL><LI>Max Depth = 76<LI>Call Chain = invn_convert_inverse_q15_fxp &rArr; invn_convert_inv_sqrt_q15_fxp &rArr; invn_convert_mult_q15_fxp
</UL>
<BR>[Calls]<UL><LI><a href="#[173]">&gt;&gt;</a>&nbsp;&nbsp;&nbsp;invn_convert_mult_q15_fxp
<LI><a href="#[1a4]">&gt;&gt;</a>&nbsp;&nbsp;&nbsp;invn_convert_inv_sqrt_q15_fxp
</UL>
<BR>[Called By]<UL><LI><a href="#[129]">&gt;&gt;</a>&nbsp;&nbsp;&nbsp;inv_icm20948_math_atan2_q15_fxp
</UL>

<P><STRONG><a name="[173]"></a>invn_convert_mult_q15_fxp</STRONG> (Thumb, 16 bytes, Stack size 12 bytes, icm20948dataconverter.o(i.invn_convert_mult_q15_fxp))
<BR><BR>[Stack]<UL><LI>Max Depth = 12<LI>Call Chain = invn_convert_mult_q15_fxp
</UL>
<BR>[Called By]<UL><LI><a href="#[129]">&gt;&gt;</a>&nbsp;&nbsp;&nbsp;inv_icm20948_math_atan2_q15_fxp
<LI><a href="#[172]">&gt;&gt;</a>&nbsp;&nbsp;&nbsp;invn_convert_inverse_q15_fxp
<LI><a href="#[1a4]">&gt;&gt;</a>&nbsp;&nbsp;&nbsp;invn_convert_inv_sqrt_q15_fxp
</UL>

<P><STRONG><a name="[139]"></a>invn_convert_mult_q29_fxp</STRONG> (Thumb, 18 bytes, Stack size 20 bytes, icm20948dataconverter.o(i.invn_convert_mult_q29_fxp))
<BR><BR>[Stack]<UL><LI>Max Depth = 20<LI>Call Chain = invn_convert_mult_q29_fxp
</UL>
<BR>[Called By]<UL><LI><a href="#[128]">&gt;&gt;</a>&nbsp;&nbsp;&nbsp;inv_icm20948_convert_quat_to_col_major_matrix_fxp
</UL>

<P><STRONG><a name="[138]"></a>invn_convert_quat_invert_fxp</STRONG> (Thumb, 24 bytes, Stack size 0 bytes, icm20948dataconverter.o(i.invn_convert_quat_invert_fxp))
<BR><BR>[Called By]<UL><LI><a href="#[133]">&gt;&gt;</a>&nbsp;&nbsp;&nbsp;inv_icm20948_convert_quat_rotate_fxp
</UL>

<P><STRONG><a name="[137]"></a>invn_convert_quat_mult_fxp</STRONG> (Thumb, 178 bytes, Stack size 20 bytes, icm20948dataconverter.o(i.invn_convert_quat_mult_fxp))
<BR><BR>[Stack]<UL><LI>Max Depth = 40<LI>Call Chain = invn_convert_quat_mult_fxp &rArr; inv_icm20948_convert_mult_q30_fxp
</UL>
<BR>[Calls]<UL><LI><a href="#[131]">&gt;&gt;</a>&nbsp;&nbsp;&nbsp;inv_icm20948_convert_mult_q30_fxp
</UL>
<BR>[Called By]<UL><LI><a href="#[163]">&gt;&gt;</a>&nbsp;&nbsp;&nbsp;inv_icm20948_set_chip_to_body_axis_quaternion
<LI><a href="#[133]">&gt;&gt;</a>&nbsp;&nbsp;&nbsp;inv_icm20948_convert_quat_rotate_fxp
</UL>

<P><STRONG><a name="[d8]"></a>check_fifo_decoded_headers</STRONG> (Thumb, 126 bytes, Stack size 8 bytes, icm20948mpufifocontrol.o(i.check_fifo_decoded_headers))
<BR><BR>[Stack]<UL><LI>Max Depth = 8<LI>Call Chain = check_fifo_decoded_headers
</UL>
<BR>[Called By]<UL><LI><a href="#[d6]">&gt;&gt;</a>&nbsp;&nbsp;&nbsp;extract_sample_cnt
</UL>

<P><STRONG><a name="[af]"></a>dmp_get_fifo_all</STRONG> (Thumb, 104 bytes, Stack size 32 bytes, icm20948mpufifocontrol.o(i.dmp_get_fifo_all))
<BR><BR>[Stack]<UL><LI>Max Depth = 280<LI>Call Chain = dmp_get_fifo_all &rArr; dmp_read_fifo &rArr; dmp_reset_fifo &rArr; inv_icm20948_mpu_set_FIFO_RST_Diamond &rArr; inv_icm20948_read_mems_reg &rArr; inv_icm20948_set_chip_power_state &rArr; inv_icm20948_write_single_mems_reg_core &rArr; inv_set_bank &rArr; inv_icm20948_write_reg
</UL>
<BR>[Calls]<UL><LI><a href="#[b1]">&gt;&gt;</a>&nbsp;&nbsp;&nbsp;dmp_reset_fifo
<LI><a href="#[b2]">&gt;&gt;</a>&nbsp;&nbsp;&nbsp;dmp_read_fifo
<LI><a href="#[b0]">&gt;&gt;</a>&nbsp;&nbsp;&nbsp;dmp_get_fifo_length
</UL>
<BR>[Called By]<UL><LI><a href="#[15c]">&gt;&gt;</a>&nbsp;&nbsp;&nbsp;inv_icm20948_fifo_swmirror
</UL>

<P><STRONG><a name="[b0]"></a>dmp_get_fifo_length</STRONG> (Thumb, 68 bytes, Stack size 24 bytes, icm20948mpufifocontrol.o(i.dmp_get_fifo_length))
<BR><BR>[Stack]<UL><LI>Max Depth = 192<LI>Call Chain = dmp_get_fifo_length &rArr; inv_icm20948_read_mems_reg &rArr; inv_icm20948_set_chip_power_state &rArr; inv_icm20948_write_single_mems_reg_core &rArr; inv_set_bank &rArr; inv_icm20948_write_reg
</UL>
<BR>[Calls]<UL><LI><a href="#[b3]">&gt;&gt;</a>&nbsp;&nbsp;&nbsp;inv_icm20948_read_mems_reg
</UL>
<BR>[Called By]<UL><LI><a href="#[b1]">&gt;&gt;</a>&nbsp;&nbsp;&nbsp;dmp_reset_fifo
<LI><a href="#[af]">&gt;&gt;</a>&nbsp;&nbsp;&nbsp;dmp_get_fifo_all
</UL>

<P><STRONG><a name="[b2]"></a>dmp_read_fifo</STRONG> (Thumb, 78 bytes, Stack size 32 bytes, icm20948mpufifocontrol.o(i.dmp_read_fifo))
<BR><BR>[Stack]<UL><LI>Max Depth = 248<LI>Call Chain = dmp_read_fifo &rArr; dmp_reset_fifo &rArr; inv_icm20948_mpu_set_FIFO_RST_Diamond &rArr; inv_icm20948_read_mems_reg &rArr; inv_icm20948_set_chip_power_state &rArr; inv_icm20948_write_single_mems_reg_core &rArr; inv_set_bank &rArr; inv_icm20948_write_reg
</UL>
<BR>[Calls]<UL><LI><a href="#[b3]">&gt;&gt;</a>&nbsp;&nbsp;&nbsp;inv_icm20948_read_mems_reg
<LI><a href="#[b1]">&gt;&gt;</a>&nbsp;&nbsp;&nbsp;dmp_reset_fifo
</UL>
<BR>[Called By]<UL><LI><a href="#[af]">&gt;&gt;</a>&nbsp;&nbsp;&nbsp;dmp_get_fifo_all
</UL>

<P><STRONG><a name="[b1]"></a>dmp_reset_fifo</STRONG> (Thumb, 130 bytes, Stack size 24 bytes, icm20948mpufifocontrol.o(i.dmp_reset_fifo))
<BR><BR>[Stack]<UL><LI>Max Depth = 216<LI>Call Chain = dmp_reset_fifo &rArr; inv_icm20948_mpu_set_FIFO_RST_Diamond &rArr; inv_icm20948_read_mems_reg &rArr; inv_icm20948_set_chip_power_state &rArr; inv_icm20948_write_single_mems_reg_core &rArr; inv_set_bank &rArr; inv_icm20948_write_reg
</UL>
<BR>[Calls]<UL><LI><a href="#[d2]">&gt;&gt;</a>&nbsp;&nbsp;&nbsp;inv_icm20948_write_single_mems_reg
<LI><a href="#[d3]">&gt;&gt;</a>&nbsp;&nbsp;&nbsp;inv_icm20948_mpu_set_FIFO_RST_Diamond
<LI><a href="#[b0]">&gt;&gt;</a>&nbsp;&nbsp;&nbsp;dmp_get_fifo_length
</UL>
<BR>[Called By]<UL><LI><a href="#[d6]">&gt;&gt;</a>&nbsp;&nbsp;&nbsp;extract_sample_cnt
<LI><a href="#[b2]">&gt;&gt;</a>&nbsp;&nbsp;&nbsp;dmp_read_fifo
<LI><a href="#[af]">&gt;&gt;</a>&nbsp;&nbsp;&nbsp;dmp_get_fifo_all
</UL>

<P><STRONG><a name="[d6]"></a>extract_sample_cnt</STRONG> (Thumb, 114 bytes, Stack size 40 bytes, icm20948mpufifocontrol.o(i.extract_sample_cnt))
<BR><BR>[Stack]<UL><LI>Max Depth = 256<LI>Call Chain = extract_sample_cnt &rArr; dmp_reset_fifo &rArr; inv_icm20948_mpu_set_FIFO_RST_Diamond &rArr; inv_icm20948_read_mems_reg &rArr; inv_icm20948_set_chip_power_state &rArr; inv_icm20948_write_single_mems_reg_core &rArr; inv_set_bank &rArr; inv_icm20948_write_reg
</UL>
<BR>[Calls]<UL><LI><a href="#[d7]">&gt;&gt;</a>&nbsp;&nbsp;&nbsp;get_packet_size_and_samplecnt
<LI><a href="#[b1]">&gt;&gt;</a>&nbsp;&nbsp;&nbsp;dmp_reset_fifo
<LI><a href="#[d8]">&gt;&gt;</a>&nbsp;&nbsp;&nbsp;check_fifo_decoded_headers
</UL>
<BR>[Called By]<UL><LI><a href="#[15c]">&gt;&gt;</a>&nbsp;&nbsp;&nbsp;inv_icm20948_fifo_swmirror
</UL>

<P><STRONG><a name="[d7]"></a>get_packet_size_and_samplecnt</STRONG> (Thumb, 326 bytes, Stack size 16 bytes, icm20948mpufifocontrol.o(i.get_packet_size_and_samplecnt))
<BR><BR>[Stack]<UL><LI>Max Depth = 16<LI>Call Chain = get_packet_size_and_samplecnt
</UL>
<BR>[Called By]<UL><LI><a href="#[159]">&gt;&gt;</a>&nbsp;&nbsp;&nbsp;inv_icm20948_fifo_pop
<LI><a href="#[d6]">&gt;&gt;</a>&nbsp;&nbsp;&nbsp;extract_sample_cnt
</UL>

<P><STRONG><a name="[16f]"></a>inv_decode_3_16bit_elements</STRONG> (Thumb, 38 bytes, Stack size 0 bytes, icm20948mpufifocontrol.o(i.inv_decode_3_16bit_elements))
<BR><BR>[Called By]<UL><LI><a href="#[15a]">&gt;&gt;</a>&nbsp;&nbsp;&nbsp;inv_icm20948_inv_decode_one_ivory_fifo_packet
</UL>

<P><STRONG><a name="[171]"></a>inv_decode_3_32bit_elements</STRONG> (Thumb, 68 bytes, Stack size 0 bytes, icm20948mpufifocontrol.o(i.inv_decode_3_32bit_elements))
<BR><BR>[Called By]<UL><LI><a href="#[15a]">&gt;&gt;</a>&nbsp;&nbsp;&nbsp;inv_icm20948_inv_decode_one_ivory_fifo_packet
</UL>

<P><STRONG><a name="[18c]"></a>inv_check_accelgyro_self_test</STRONG> (Thumb, 140 bytes, Stack size 44 bytes, icm20948selftest.o(i.inv_check_accelgyro_self_test))
<BR><BR>[Stack]<UL><LI>Max Depth = 44<LI>Call Chain = inv_check_accelgyro_self_test
</UL>
<BR>[Called By]<UL><LI><a href="#[106]">&gt;&gt;</a>&nbsp;&nbsp;&nbsp;inv_icm20948_run_selftest
</UL>

<P><STRONG><a name="[113]"></a>inv_do_test_accelgyro</STRONG> (Thumb, 188 bytes, Stack size 40 bytes, icm20948selftest.o(i.inv_do_test_accelgyro))
<BR><BR>[Stack]<UL><LI>Max Depth = 256<LI>Call Chain = inv_do_test_accelgyro &rArr; inv_selftest_read_samples &rArr; inv_icm20948_read_mems_reg &rArr; inv_icm20948_set_chip_power_state &rArr; inv_icm20948_write_single_mems_reg_core &rArr; inv_set_bank &rArr; inv_icm20948_write_reg
</UL>
<BR>[Calls]<UL><LI><a href="#[115]">&gt;&gt;</a>&nbsp;&nbsp;&nbsp;inv_icm20948_sleep_us
<LI><a href="#[d2]">&gt;&gt;</a>&nbsp;&nbsp;&nbsp;inv_icm20948_write_single_mems_reg
<LI><a href="#[114]">&gt;&gt;</a>&nbsp;&nbsp;&nbsp;inv_selftest_read_samples
</UL>
<BR>[Called By]<UL><LI><a href="#[106]">&gt;&gt;</a>&nbsp;&nbsp;&nbsp;inv_icm20948_run_selftest
</UL>

<P><STRONG><a name="[18d]"></a>inv_recover_setting</STRONG> (Thumb, 278 bytes, Stack size 16 bytes, icm20948selftest.o(i.inv_recover_setting))
<BR><BR>[Stack]<UL><LI>Max Depth = 272<LI>Call Chain = inv_recover_setting &rArr; inv_icm20948_setup_compass_akm &rArr; inv_icm20948_execute_read_secondary &rArr; inv_icm20948_read_secondary &rArr; inv_icm20948_write_mems_reg &rArr; inv_icm20948_set_chip_power_state &rArr; inv_icm20948_write_single_mems_reg_core &rArr; inv_set_bank &rArr; inv_icm20948_write_reg
</UL>
<BR>[Calls]<UL><LI><a href="#[115]">&gt;&gt;</a>&nbsp;&nbsp;&nbsp;inv_icm20948_sleep_us
<LI><a href="#[19b]">&gt;&gt;</a>&nbsp;&nbsp;&nbsp;inv_icm20948_set_secondary
<LI><a href="#[16c]">&gt;&gt;</a>&nbsp;&nbsp;&nbsp;inv_icm20948_set_dmp_address
<LI><a href="#[11f]">&gt;&gt;</a>&nbsp;&nbsp;&nbsp;inv_icm20948_sleep_mems
<LI><a href="#[d2]">&gt;&gt;</a>&nbsp;&nbsp;&nbsp;inv_icm20948_write_single_mems_reg
<LI><a href="#[19d]">&gt;&gt;</a>&nbsp;&nbsp;&nbsp;inv_icm20948_setup_compass_akm
</UL>
<BR>[Called By]<UL><LI><a href="#[106]">&gt;&gt;</a>&nbsp;&nbsp;&nbsp;inv_icm20948_run_selftest
</UL>

<P><STRONG><a name="[1a1]"></a>inv_save_setting</STRONG> (Thumb, 264 bytes, Stack size 16 bytes, icm20948selftest.o(i.inv_save_setting))
<BR><BR>[Stack]<UL><LI>Max Depth = 184<LI>Call Chain = inv_save_setting &rArr; inv_icm20948_read_mems_reg &rArr; inv_icm20948_set_chip_power_state &rArr; inv_icm20948_write_single_mems_reg_core &rArr; inv_set_bank &rArr; inv_icm20948_write_reg
</UL>
<BR>[Calls]<UL><LI><a href="#[b3]">&gt;&gt;</a>&nbsp;&nbsp;&nbsp;inv_icm20948_read_mems_reg
</UL>
<BR>[Called By]<UL><LI><a href="#[18b]">&gt;&gt;</a>&nbsp;&nbsp;&nbsp;inv_setup_selftest
</UL>

<P><STRONG><a name="[114]"></a>inv_selftest_read_samples</STRONG> (Thumb, 122 bytes, Stack size 48 bytes, icm20948selftest.o(i.inv_selftest_read_samples))
<BR><BR>[Stack]<UL><LI>Max Depth = 216<LI>Call Chain = inv_selftest_read_samples &rArr; inv_icm20948_read_mems_reg &rArr; inv_icm20948_set_chip_power_state &rArr; inv_icm20948_write_single_mems_reg_core &rArr; inv_set_bank &rArr; inv_icm20948_write_reg
</UL>
<BR>[Calls]<UL><LI><a href="#[115]">&gt;&gt;</a>&nbsp;&nbsp;&nbsp;inv_icm20948_sleep_us
<LI><a href="#[b3]">&gt;&gt;</a>&nbsp;&nbsp;&nbsp;inv_icm20948_read_mems_reg
</UL>
<BR>[Called By]<UL><LI><a href="#[113]">&gt;&gt;</a>&nbsp;&nbsp;&nbsp;inv_do_test_accelgyro
</UL>

<P><STRONG><a name="[18b]"></a>inv_setup_selftest</STRONG> (Thumb, 314 bytes, Stack size 16 bytes, icm20948selftest.o(i.inv_setup_selftest))
<BR><BR>[Stack]<UL><LI>Max Depth = 200<LI>Call Chain = inv_setup_selftest &rArr; inv_save_setting &rArr; inv_icm20948_read_mems_reg &rArr; inv_icm20948_set_chip_power_state &rArr; inv_icm20948_write_single_mems_reg_core &rArr; inv_set_bank &rArr; inv_icm20948_write_reg
</UL>
<BR>[Calls]<UL><LI><a href="#[115]">&gt;&gt;</a>&nbsp;&nbsp;&nbsp;inv_icm20948_sleep_us
<LI><a href="#[d2]">&gt;&gt;</a>&nbsp;&nbsp;&nbsp;inv_icm20948_write_single_mems_reg
<LI><a href="#[b3]">&gt;&gt;</a>&nbsp;&nbsp;&nbsp;inv_icm20948_read_mems_reg
<LI><a href="#[1a1]">&gt;&gt;</a>&nbsp;&nbsp;&nbsp;inv_save_setting
</UL>
<BR>[Called By]<UL><LI><a href="#[106]">&gt;&gt;</a>&nbsp;&nbsp;&nbsp;inv_icm20948_run_selftest
</UL>

<P><STRONG><a name="[198]"></a>DmpDriver_convertion</STRONG> (Thumb, 24 bytes, Stack size 0 bytes, icm20948setup.o(i.DmpDriver_convertion))
<BR><BR>[Called By]<UL><LI><a href="#[10a]">&gt;&gt;</a>&nbsp;&nbsp;&nbsp;inv_icm20948_set_matrix
</UL>

<P><STRONG><a name="[1a0]"></a>inv_icm20948_is_streamed_sensor</STRONG> (Thumb, 56 bytes, Stack size 0 bytes, icm20948setup.o(i.inv_icm20948_is_streamed_sensor))
<BR><BR>[Called By]<UL><LI><a href="#[174]">&gt;&gt;</a>&nbsp;&nbsp;&nbsp;inv_icm20948_updateTs
</UL>

<P><STRONG><a name="[174]"></a>inv_icm20948_updateTs</STRONG> (Thumb, 492 bytes, Stack size 160 bytes, icm20948setup.o(i.inv_icm20948_updateTs))
<BR><BR>[Stack]<UL><LI>Max Depth = 464<LI>Call Chain = inv_icm20948_updateTs &rArr; inv_icm20948_fifo_swmirror &rArr; dmp_get_fifo_all &rArr; dmp_read_fifo &rArr; dmp_reset_fifo &rArr; inv_icm20948_mpu_set_FIFO_RST_Diamond &rArr; inv_icm20948_read_mems_reg &rArr; inv_icm20948_set_chip_power_state &rArr; inv_icm20948_write_single_mems_reg_core &rArr; inv_set_bank &rArr; inv_icm20948_write_reg
</UL>
<BR>[Calls]<UL><LI><a href="#[117]">&gt;&gt;</a>&nbsp;&nbsp;&nbsp;inv_icm20948_sensor_android_2_sensor_type
<LI><a href="#[1a0]">&gt;&gt;</a>&nbsp;&nbsp;&nbsp;inv_icm20948_is_streamed_sensor
<LI><a href="#[15c]">&gt;&gt;</a>&nbsp;&nbsp;&nbsp;inv_icm20948_fifo_swmirror
<LI><a href="#[a7]">&gt;&gt;</a>&nbsp;&nbsp;&nbsp;__aeabi_memclr4
<LI><a href="#[5d]">&gt;&gt;</a>&nbsp;&nbsp;&nbsp;__aeabi_uldivmod
</UL>
<BR>[Called By]<UL><LI><a href="#[104]">&gt;&gt;</a>&nbsp;&nbsp;&nbsp;inv_icm20948_poll_sensor
</UL>

<P><STRONG><a name="[151]"></a>sensor_type_2_android_sensor</STRONG> (Thumb, 114 bytes, Stack size 0 bytes, icm20948setup.o(i.sensor_type_2_android_sensor))
<BR><BR>[Called By]<UL><LI><a href="#[10b]">&gt;&gt;</a>&nbsp;&nbsp;&nbsp;inv_icm20948_set_sensor_period
<LI><a href="#[fa]">&gt;&gt;</a>&nbsp;&nbsp;&nbsp;inv_icm20948_enable_sensor
</UL>

<P><STRONG><a name="[176]"></a>skip_sensor</STRONG> (Thumb, 44 bytes, Stack size 16 bytes, icm20948setup.o(i.skip_sensor))
<BR><BR>[Stack]<UL><LI>Max Depth = 16<LI>Call Chain = skip_sensor
</UL>
<BR>[Calls]<UL><LI><a href="#[117]">&gt;&gt;</a>&nbsp;&nbsp;&nbsp;inv_icm20948_sensor_android_2_sensor_type
</UL>
<BR>[Called By]<UL><LI><a href="#[104]">&gt;&gt;</a>&nbsp;&nbsp;&nbsp;inv_icm20948_poll_sensor
</UL>

<P><STRONG><a name="[ac]"></a>check_reg_access_lp_disable</STRONG> (Thumb, 114 bytes, Stack size 16 bytes, icm20948transport.o(i.check_reg_access_lp_disable))
<BR><BR>[Stack]<UL><LI>Max Depth = 16<LI>Call Chain = check_reg_access_lp_disable
</UL>
<BR>[Calls]<UL><LI><a href="#[ad]">&gt;&gt;</a>&nbsp;&nbsp;&nbsp;inv_icm20948_ctrl_get_batch_mode_status
</UL>
<BR>[Called By]<UL><LI><a href="#[14e]">&gt;&gt;</a>&nbsp;&nbsp;&nbsp;inv_icm20948_write_mems_reg
<LI><a href="#[d2]">&gt;&gt;</a>&nbsp;&nbsp;&nbsp;inv_icm20948_write_single_mems_reg
<LI><a href="#[b3]">&gt;&gt;</a>&nbsp;&nbsp;&nbsp;inv_icm20948_read_mems_reg
<LI><a href="#[b5]">&gt;&gt;</a>&nbsp;&nbsp;&nbsp;inv_icm20948_read_mems
</UL>

<P><STRONG><a name="[18a]"></a>inv_set_bank</STRONG> (Thumb, 88 bytes, Stack size 16 bytes, icm20948transport.o(i.inv_set_bank))
<BR><BR>[Stack]<UL><LI>Max Depth = 48<LI>Call Chain = inv_set_bank &rArr; inv_icm20948_write_reg
</UL>
<BR>[Calls]<UL><LI><a href="#[112]">&gt;&gt;</a>&nbsp;&nbsp;&nbsp;inv_icm20948_write_reg
<LI><a href="#[105]">&gt;&gt;</a>&nbsp;&nbsp;&nbsp;inv_icm20948_read_reg
</UL>
<BR>[Called By]<UL><LI><a href="#[191]">&gt;&gt;</a>&nbsp;&nbsp;&nbsp;inv_icm20948_write_single_mems_reg_core
<LI><a href="#[14e]">&gt;&gt;</a>&nbsp;&nbsp;&nbsp;inv_icm20948_write_mems_reg
<LI><a href="#[d2]">&gt;&gt;</a>&nbsp;&nbsp;&nbsp;inv_icm20948_write_single_mems_reg
<LI><a href="#[b3]">&gt;&gt;</a>&nbsp;&nbsp;&nbsp;inv_icm20948_read_mems_reg
<LI><a href="#[bb]">&gt;&gt;</a>&nbsp;&nbsp;&nbsp;inv_icm20948_write_mems
<LI><a href="#[b5]">&gt;&gt;</a>&nbsp;&nbsp;&nbsp;inv_icm20948_read_mems
</UL>

<P><STRONG><a name="[e6]"></a>nrf_drv_twi_tx</STRONG> (Thumb, 44 bytes, Stack size 32 bytes, usr_twi.o(i.nrf_drv_twi_tx))
<BR><BR>[Stack]<UL><LI>Max Depth = 168<LI>Call Chain = nrf_drv_twi_tx &rArr; nrfx_twim_tx &rArr; nrfx_twim_xfer &rArr; twim_xfer &rArr; xfer_completeness_check
</UL>
<BR>[Calls]<UL><LI><a href="#[1c4]">&gt;&gt;</a>&nbsp;&nbsp;&nbsp;nrfx_twim_tx
</UL>
<BR>[Called By]<UL><LI><a href="#[e4]">&gt;&gt;</a>&nbsp;&nbsp;&nbsp;i2c_write_byte
<LI><a href="#[e2]">&gt;&gt;</a>&nbsp;&nbsp;&nbsp;i2c_write_forread_byte
</UL>

<P><STRONG><a name="[7c]"></a>nrf52_errata_108</STRONG> (Thumb, 82 bytes, Stack size 0 bytes, system_nrf52.o(i.nrf52_errata_108))
<BR><BR>[Called By]<UL><LI><a href="#[32]">&gt;&gt;</a>&nbsp;&nbsp;&nbsp;SystemInit
</UL>

<P><STRONG><a name="[74]"></a>nrf52_errata_12</STRONG> (Thumb, 82 bytes, Stack size 0 bytes, system_nrf52.o(i.nrf52_errata_12))
<BR><BR>[Called By]<UL><LI><a href="#[32]">&gt;&gt;</a>&nbsp;&nbsp;&nbsp;SystemInit
</UL>

<P><STRONG><a name="[7d]"></a>nrf52_errata_136</STRONG> (Thumb, 82 bytes, Stack size 0 bytes, system_nrf52.o(i.nrf52_errata_136))
<BR><BR>[Called By]<UL><LI><a href="#[32]">&gt;&gt;</a>&nbsp;&nbsp;&nbsp;SystemInit
</UL>

<P><STRONG><a name="[75]"></a>nrf52_errata_16</STRONG> (Thumb, 60 bytes, Stack size 0 bytes, system_nrf52.o(i.nrf52_errata_16))
<BR><BR>[Called By]<UL><LI><a href="#[32]">&gt;&gt;</a>&nbsp;&nbsp;&nbsp;SystemInit
</UL>

<P><STRONG><a name="[7e]"></a>nrf52_errata_182</STRONG> (Thumb, 58 bytes, Stack size 0 bytes, system_nrf52.o(i.nrf52_errata_182))
<BR><BR>[Called By]<UL><LI><a href="#[32]">&gt;&gt;</a>&nbsp;&nbsp;&nbsp;SystemInit
</UL>

<P><STRONG><a name="[76]"></a>nrf52_errata_31</STRONG> (Thumb, 82 bytes, Stack size 0 bytes, system_nrf52.o(i.nrf52_errata_31))
<BR><BR>[Called By]<UL><LI><a href="#[32]">&gt;&gt;</a>&nbsp;&nbsp;&nbsp;SystemInit
</UL>

<P><STRONG><a name="[77]"></a>nrf52_errata_32</STRONG> (Thumb, 60 bytes, Stack size 0 bytes, system_nrf52.o(i.nrf52_errata_32))
<BR><BR>[Called By]<UL><LI><a href="#[32]">&gt;&gt;</a>&nbsp;&nbsp;&nbsp;SystemInit
</UL>

<P><STRONG><a name="[78]"></a>nrf52_errata_36</STRONG> (Thumb, 82 bytes, Stack size 0 bytes, system_nrf52.o(i.nrf52_errata_36))
<BR><BR>[Called By]<UL><LI><a href="#[32]">&gt;&gt;</a>&nbsp;&nbsp;&nbsp;SystemInit
</UL>

<P><STRONG><a name="[79]"></a>nrf52_errata_37</STRONG> (Thumb, 60 bytes, Stack size 0 bytes, system_nrf52.o(i.nrf52_errata_37))
<BR><BR>[Called By]<UL><LI><a href="#[32]">&gt;&gt;</a>&nbsp;&nbsp;&nbsp;SystemInit
</UL>

<P><STRONG><a name="[7a]"></a>nrf52_errata_57</STRONG> (Thumb, 60 bytes, Stack size 0 bytes, system_nrf52.o(i.nrf52_errata_57))
<BR><BR>[Called By]<UL><LI><a href="#[32]">&gt;&gt;</a>&nbsp;&nbsp;&nbsp;SystemInit
</UL>

<P><STRONG><a name="[7b]"></a>nrf52_errata_66</STRONG> (Thumb, 82 bytes, Stack size 0 bytes, system_nrf52.o(i.nrf52_errata_66))
<BR><BR>[Called By]<UL><LI><a href="#[32]">&gt;&gt;</a>&nbsp;&nbsp;&nbsp;SystemInit
</UL>
<P>
<H3>
Undefined Global Symbols
</H3><HR></body></html>
