<html>
<body>
<pre>
<h1>µVision Build Log</h1>
<h2>Tool Versions:</h2>
IDE-Version: µVision V5.32.0.0
Copyright (C) 2020 ARM Ltd and ARM Germany GmbH. All rights reserved.
License Information: Jona Cappelle KU Leuven Flex license: MDK Professional 5.32 (Flex) (mdk_pro) Operation stops: 22 Jul 2021
 
Tool Versions:
Toolchain:       MDK Professional 5.32 (Flex)  Version: 5.32.0.0
Toolchain Path:  C:\Keil_v5\ARM\ARMCC\Bin
C Compiler:      Armcc.exe V5.06 update 7 (build 960)
Assembler:       Armasm.exe V5.06 update 7 (build 960)
Linker/Locator:  ArmLink.exe V5.06 update 7 (build 960)
Library Manager: ArmAr.exe V5.06 update 7 (build 960)
Hex Converter:   FromElf.exe V5.06 update 7 (build 960)
CPU DLL:         
Dialog DLL:      
Target DLL:      Segger\JL2CM3.dll V2.99.38.0
Dialog DLL:      TCM.DLL V1.46.0.0
 
<h2>Project:</h2>
C:\Users\u0139004\Box\NOMADe\SOFTWARE\nRF5_SDK_17.0.2_d674dde\examples\peripheral\nRF52-IMU\pca10040\blank\arm5_no_packs\twi_sensor_pca10040.uvprojx
Project File Date:  11/04/2020

<h2>Output:</h2>
*** Using Compiler 'V5.06 update 7 (build 960)', folder: 'C:\Keil_v5\ARM\ARMCC\Bin'
Build target 'nrf52832_xxaa'
compiling main.c...
..\..\blank\Invn/DynamicProtocol/DynProtocol.h(276): warning:  #1-D: last line of file ends without a newline
  #endif /* _GSH_PROTOCOL_H_ */
..\..\blank\Invn/DynamicProtocol/DynProtocolTransportUart.h(88): warning:  #1-D: last line of file ends without a newline
  #endif /* _DYN_PRO_TRANSPORT_UART_H_ */
..\..\..\main.c(600): warning:  #128-D: loop is not reachable
      while (true)
..\..\..\main.c(503): warning:  #177-D: variable "data1"  was declared but never referenced
  		uint8_t data1[4] = { 0x01, 0x02, 0x03, 0x04 };
..\..\..\main.c(509): warning:  #177-D: variable "time_us"  was declared but never referenced
  		uint32_t time_us;
..\..\..\main.c(510): warning:  #177-D: variable "time_ticks"  was declared but never referenced
  		uint32_t time_ticks;
..\..\..\main.c: 6 warnings, 0 errors
linking...
Program Size: Code=53072 RO-data=5160 RW-data=15052 ZI-data=21300  
FromELF: creating hex file...
".\_build\nrf52832_xxaa.axf" - 0 Error(s), 6 Warning(s).

<h2>Software Packages used:</h2>

Package Vendor: ARM
                http://www.keil.com/pack/ARM.CMSIS.5.6.0.pack
                ARM.CMSIS.5.6.0
                CMSIS (Cortex Microcontroller Software Interface Standard)
   * Component: CORE Version: 5.3.0

Package Vendor: NordicSemiconductor
                http://developer.nordicsemi.com/nRF5_SDK/pieces/nRF_DeviceFamilyPack/NordicSemiconductor.nRF_DeviceFamilyPack.8.35.0.pack
                NordicSemiconductor.nRF_DeviceFamilyPack.8.35.0
                Nordic Semiconductor nRF ARM devices Device Family Pack with BSD license.
   * Component: Startup Version: 8.35.0

<h2>Collection of Component include folders:</h2>
  .\RTE\_nrf52832_xxaa
  C:\Users\u0139004\AppData\Local\Arm\Packs\ARM\CMSIS\5.6.0\CMSIS\Core\Include
  C:\Users\u0139004\AppData\Local\Arm\Packs\NordicSemiconductor\nRF_DeviceFamilyPack\8.35.0\Device\Include

<h2>Collection of Component Files used:</h2>

   * Component: ARM::CMSIS:CORE:5.3.0

   * Component: NordicSemiconductor::Device:Startup:8.35.0
      Source file:   Device\Source\arm\arm_startup_nrf52.s
      Source file:   Device\Source\system_nrf52.c
      Include file:  Device\Include\system_nrf52.h
      Include file:  Device\Include\system_nrf.h
Build Time Elapsed:  00:00:15
</pre>
</body>
</html>
