Component: ARM Compiler 5.06 update 7 (build 960) Tool: armlink [4d3601]

==============================================================================

Section Cross References

    main.o(i.i2c_read_bytes) refers to main.o(i.i2c_write_forread_byte) for i2c_write_forread_byte
    main.o(i.i2c_read_bytes) refers to nrfx_twim.o(i.nrfx_twim_rx) for nrfx_twim_rx
    main.o(i.i2c_read_bytes) refers to app_error.o(i.app_error_handler_bare) for app_error_handler_bare
    main.o(i.i2c_read_bytes) refers to main.o(.data) for m_xfer_done
    main.o(i.i2c_write_byte) refers to main.o(i.nrf_drv_twi_tx) for nrf_drv_twi_tx
    main.o(i.i2c_write_byte) refers to app_error.o(i.app_error_handler_bare) for app_error_handler_bare
    main.o(i.i2c_write_byte) refers to main.o(.data) for m_xfer_done
    main.o(i.i2c_write_forread_byte) refers to main.o(i.nrf_drv_twi_tx) for nrf_drv_twi_tx
    main.o(i.i2c_write_forread_byte) refers to app_error.o(i.app_error_handler_bare) for app_error_handler_bare
    main.o(i.i2c_write_forread_byte) refers to main.o(.data) for m_xfer_done
    main.o(i.inv_icm20948_sleep_us) refers to main.o(i.nrfx_coredep_delay_us) for nrfx_coredep_delay_us
    main.o(i.main) refers to nrf_log_frontend.o(i.nrf_log_init) for nrf_log_init
    main.o(i.main) refers to app_error.o(i.app_error_handler_bare) for app_error_handler_bare
    main.o(i.main) refers to nrf_log_default_backends.o(i.nrf_log_default_backends_init) for nrf_log_default_backends_init
    main.o(i.main) refers to nrf_log_frontend.o(i.nrf_log_frontend_std_0) for nrf_log_frontend_std_0
    main.o(i.main) refers to nrf_log_frontend.o(i.nrf_log_frontend_dequeue) for nrf_log_frontend_dequeue
    main.o(i.main) refers to main.o(i.twi_init) for twi_init
    main.o(i.main) refers to deviceicm20948.o(i.inv_device_icm20948_init2) for inv_device_icm20948_init2
    main.o(i.main) refers to nrf_log_frontend.o(i.nrf_log_frontend_std_1) for nrf_log_frontend_std_1
    main.o(i.main) refers to nrf_log_frontend.o(log_const_data) for m_nrf_log_app_logs_data_const
    main.o(i.main) refers to main.o(.data) for dmp3_image
    main.o(i.main) refers to main.o(.constdata) for serif_instance
    main.o(i.main) refers to main.o(.bss) for device_icm20948
    main.o(i.nrf_drv_twi_tx) refers to nrfx_twim.o(i.nrfx_twim_tx) for nrfx_twim_tx
    main.o(i.nrfx_coredep_delay_us) refers to main.o(.constdata) for delay_machine_code
    main.o(i.twi_handler) refers to nrf_log_frontend.o(i.nrf_log_frontend_std_1) for nrf_log_frontend_std_1
    main.o(i.twi_handler) refers to nrf_log_frontend.o(i.nrf_log_frontend_std_0) for nrf_log_frontend_std_0
    main.o(i.twi_handler) refers to main.o(.data) for data
    main.o(i.twi_handler) refers to nrf_log_frontend.o(log_const_data) for m_nrf_log_app_logs_data_const
    main.o(i.twi_init) refers to nrf_drv_twi.o(i.nrf_drv_twi_init) for nrf_drv_twi_init
    main.o(i.twi_init) refers to app_error.o(i.app_error_handler_bare) for app_error_handler_bare
    main.o(i.twi_init) refers to nrfx_twim.o(i.nrfx_twim_enable) for nrfx_twim_enable
    main.o(i.twi_init) refers to main.o(.constdata) for .constdata
    main.o(i.twi_init) refers to main.o(i.twi_handler) for twi_handler
    main.o(.constdata) refers to imu.o(i.my_serif_open_read_reg) for my_serif_open_read_reg
    main.o(.constdata) refers to imu.o(i.my_serif_open_write_reg) for my_serif_open_write_reg
    main.o(.data) refers to main.o(i.sensor_event_cb) for sensor_event_cb
    boards.o(i.bsp_board_button_idx_to_pin) refers to boards.o(.constdata) for m_board_btn_list
    boards.o(i.bsp_board_button_state_get) refers to boards.o(.constdata) for m_board_btn_list
    boards.o(i.bsp_board_buttons_init) refers to boards.o(i.nrf_gpio_cfg) for nrf_gpio_cfg
    boards.o(i.bsp_board_buttons_init) refers to boards.o(.constdata) for m_board_btn_list
    boards.o(i.bsp_board_init) refers to boards.o(i.bsp_board_leds_init) for bsp_board_leds_init
    boards.o(i.bsp_board_init) refers to boards.o(i.bsp_board_buttons_init) for bsp_board_buttons_init
    boards.o(i.bsp_board_led_idx_to_pin) refers to boards.o(.constdata) for m_board_led_list
    boards.o(i.bsp_board_led_invert) refers to boards.o(.constdata) for m_board_led_list
    boards.o(i.bsp_board_led_off) refers to boards.o(i.nrf_gpio_pin_write) for nrf_gpio_pin_write
    boards.o(i.bsp_board_led_off) refers to boards.o(.constdata) for m_board_led_list
    boards.o(i.bsp_board_led_on) refers to boards.o(i.nrf_gpio_pin_write) for nrf_gpio_pin_write
    boards.o(i.bsp_board_led_on) refers to boards.o(.constdata) for m_board_led_list
    boards.o(i.bsp_board_led_state_get) refers to boards.o(.constdata) for m_board_led_list
    boards.o(i.bsp_board_leds_init) refers to boards.o(i.nrf_gpio_cfg) for nrf_gpio_cfg
    boards.o(i.bsp_board_leds_init) refers to boards.o(i.bsp_board_leds_off) for bsp_board_leds_off
    boards.o(i.bsp_board_leds_init) refers to boards.o(.constdata) for m_board_led_list
[...]
    inv_icm20948_dmp_get_bac_state           0x00004d99   Thumb Code    22  icm20948mpufifocontrol.o(i.inv_icm20948_dmp_get_bac_state)
    inv_icm20948_dmp_get_bac_ts              0x00004db5   Thumb Code    22  icm20948mpufifocontrol.o(i.inv_icm20948_dmp_get_bac_ts)
    inv_icm20948_dmp_get_calibrated_compass  0x00004dd1   Thumb Code    24  icm20948mpufifocontrol.o(i.inv_icm20948_dmp_get_calibrated_compass)
    inv_icm20948_dmp_get_calibrated_gyro     0x00004ded   Thumb Code    56  icm20948mpufifocontrol.o(i.inv_icm20948_dmp_get_calibrated_gyro)
    inv_icm20948_dmp_get_flip_pickup_state   0x00004e25   Thumb Code    22  icm20948mpufifocontrol.o(i.inv_icm20948_dmp_get_flip_pickup_state)
    inv_icm20948_dmp_get_gmrvquaternion      0x00004e41   Thumb Code    24  icm20948mpufifocontrol.o(i.inv_icm20948_dmp_get_gmrvquaternion)
    inv_icm20948_dmp_get_gyro_bias           0x00004e5d   Thumb Code    24  icm20948mpufifocontrol.o(i.inv_icm20948_dmp_get_gyro_bias)
    inv_icm20948_dmp_get_raw_compass         0x00004e79   Thumb Code    24  icm20948mpufifocontrol.o(i.inv_icm20948_dmp_get_raw_compass)
    inv_icm20948_dmp_get_raw_gyro            0x00004e95   Thumb Code    38  icm20948mpufifocontrol.o(i.inv_icm20948_dmp_get_raw_gyro)
    inv_icm20948_enable_batch_timeout        0x00004ec1   Thumb Code    52  icm20948setup.o(i.inv_icm20948_enable_batch_timeout)
    inv_icm20948_enable_hw_sensors           0x00004ef5   Thumb Code   114  icm20948databasedriver.o(i.inv_icm20948_enable_hw_sensors)
    inv_icm20948_enable_sensor               0x00004f67   Thumb Code    58  icm20948setup.o(i.inv_icm20948_enable_sensor)
    inv_icm20948_enter_duty_cycle_mode       0x00004fa1   Thumb Code    26  icm20948databasedriver.o(i.inv_icm20948_enter_duty_cycle_mode)
    inv_icm20948_enter_low_noise_mode        0x00004fbb   Thumb Code    26  icm20948databasedriver.o(i.inv_icm20948_enter_low_noise_mode)
    inv_icm20948_execute_read_secondary      0x00004fd5   Thumb Code    90  icm20948auxtransport.o(i.inv_icm20948_execute_read_secondary)
    inv_icm20948_execute_write_secondary     0x0000502f   Thumb Code    76  icm20948auxtransport.o(i.inv_icm20948_execute_write_secondary)
    inv_icm20948_fifo_pop                    0x0000507d   Thumb Code   130  icm20948mpufifocontrol.o(i.inv_icm20948_fifo_pop)
    inv_icm20948_fifo_swmirror               0x00005109   Thumb Code    82  icm20948mpufifocontrol.o(i.inv_icm20948_fifo_swmirror)
    inv_icm20948_firmware_load               0x00005161   Thumb Code   212  icm20948loadfirmware.o(i.inv_icm20948_firmware_load)
    inv_icm20948_get_accel_accuracy          0x00005235   Thumb Code     8  icm20948mpufifocontrol.o(i.inv_icm20948_get_accel_accuracy)
    inv_icm20948_get_accel_divider           0x00005241   Thumb Code     8  icm20948databasedriver.o(i.inv_icm20948_get_accel_divider)
    inv_icm20948_get_accel_fullscale         0x00005249   Thumb Code     8  icm20948databasedriver.o(i.inv_icm20948_get_accel_fullscale)
    inv_icm20948_get_bias                    0x00005251   Thumb Code   182  icm20948setup.o(i.inv_icm20948_get_bias)
    inv_icm20948_get_chip_power_state        0x00005307   Thumb Code     6  icm20948databasedriver.o(i.inv_icm20948_get_chip_power_state)
    inv_icm20948_get_compass_availability    0x0000530d   Thumb Code     8  icm20948databasedriver.o(i.inv_icm20948_get_compass_availability)
    inv_icm20948_get_dmp_start_address       0x00005315   Thumb Code     8  icm20948dmp3driver.o(i.inv_icm20948_get_dmp_start_address)
    inv_icm20948_get_fsr                     0x0000531d   Thumb Code   158  icm20948setup.o(i.inv_icm20948_get_fsr)
    inv_icm20948_get_gmrv_accuracy           0x000053bd   Thumb Code     6  icm20948mpufifocontrol.o(i.inv_icm20948_get_gmrv_accuracy)
    inv_icm20948_get_gyro_accuracy           0x000053c9   Thumb Code     8  icm20948mpufifocontrol.o(i.inv_icm20948_get_gyro_accuracy)
    inv_icm20948_get_gyro_divider            0x000053d5   Thumb Code     6  icm20948databasedriver.o(i.inv_icm20948_get_gyro_divider)
    inv_icm20948_get_gyro_fullscale          0x000053db   Thumb Code     8  icm20948databasedriver.o(i.inv_icm20948_get_gyro_fullscale)
    inv_icm20948_get_lowpower_or_highperformance 0x000053e3   Thumb Code    10  icm20948setup.o(i.inv_icm20948_get_lowpower_or_highperformance)
    inv_icm20948_get_mag_accuracy            0x000053f5   Thumb Code     8  icm20948mpufifocontrol.o(i.inv_icm20948_get_mag_accuracy)
    inv_icm20948_get_rv_accuracy             0x00005401   Thumb Code     6  icm20948mpufifocontrol.o(i.inv_icm20948_get_rv_accuracy)
    inv_icm20948_get_secondary_divider       0x0000540d   Thumb Code     6  icm20948databasedriver.o(i.inv_icm20948_get_secondary_divider)
    inv_icm20948_get_time_us                 0x00005413   Thumb Code     6  main.o(i.inv_icm20948_get_time_us)
    inv_icm20948_get_whoami                  0x00005419   Thumb Code    22  icm20948setup.o(i.inv_icm20948_get_whoami)
    inv_icm20948_identify_interrupt          0x0000542f   Thumb Code    70  icm20948mpufifocontrol.o(i.inv_icm20948_identify_interrupt)
    inv_icm20948_init_matrix                 0x00005475   Thumb Code    90  icm20948setup.o(i.inv_icm20948_init_matrix)
    inv_icm20948_init_scale                  0x000054d5   Thumb Code    24  icm20948setup.o(i.inv_icm20948_init_scale)
    inv_icm20948_init_secondary              0x000054ed   Thumb Code   116  icm20948auxtransport.o(i.inv_icm20948_init_secondary)
    inv_icm20948_init_structure              0x00005561   Thumb Code    66  icm20948setup.o(i.inv_icm20948_init_structure)
    inv_icm20948_initialize                  0x000055a3   Thumb Code    56  icm20948setup.o(i.inv_icm20948_initialize)
    inv_icm20948_initialize_auxiliary        0x000055db   Thumb Code    26  icm20948setup.o(i.inv_icm20948_initialize_auxiliary)
    inv_icm20948_initialize_lower_driver     0x000055f5   Thumb Code   440  icm20948databasedriver.o(i.inv_icm20948_initialize_lower_driver)
    inv_icm20948_inv_decode_one_ivory_fifo_packet 0x000057b1   Thumb Code   508  icm20948mpufifocontrol.o(i.inv_icm20948_inv_decode_one_ivory_fifo_packet)
    inv_icm20948_load                        0x000059e5   Thumb Code    22  icm20948setup.o(i.inv_icm20948_load)
    inv_icm20948_load_firmware               0x000059fb   Thumb Code    22  icm20948dmp3driver.o(i.inv_icm20948_load_firmware)
    inv_icm20948_math_atan2_q15_fxp          0x00005a11   Thumb Code   252  icm20948dataconverter.o(i.inv_icm20948_math_atan2_q15_fxp)
    inv_icm20948_mpu_set_FIFO_RST_Diamond    0x00005b15   Thumb Code    58  icm20948mpufifocontrol.o(i.inv_icm20948_mpu_set_FIFO_RST_Diamond)
    inv_icm20948_poll_sensor                 0x00005b51   Thumb Code  3328  icm20948setup.o(i.inv_icm20948_poll_sensor)
    inv_icm20948_prevent_lpen_control        0x00006851   Thumb Code     8  icm20948databasedriver.o(i.inv_icm20948_prevent_lpen_control)
    inv_icm20948_q_mult_q_qi                 0x00006859   Thumb Code   178  icm20948dataconverter.o(i.inv_icm20948_q_mult_q_qi)
    inv_icm20948_read_mems                   0x0000690b   Thumb Code   318  icm20948transport.o(i.inv_icm20948_read_mems)
    inv_icm20948_read_mems_reg               0x00006a49   Thumb Code   234  icm20948transport.o(i.inv_icm20948_read_mems_reg)
    inv_icm20948_read_reg                    0x00006b33   Thumb Code    56  icm20948transport.o(i.inv_icm20948_read_reg)
    inv_icm20948_read_secondary              0x00006b6b   Thumb Code   104  icm20948auxtransport.o(i.inv_icm20948_read_secondary)
    inv_icm20948_register_aux_compass        0x00006bd3   Thumb Code    62  icm20948auxcompassakm.o(i.inv_icm20948_register_aux_compass)
    inv_icm20948_resume_akm                  0x00006c11   Thumb Code   112  icm20948auxcompassakm.o(i.inv_icm20948_resume_akm)
    inv_icm20948_run_selftest                0x00006c81   Thumb Code   192  icm20948selftest.o(i.inv_icm20948_run_selftest)
    inv_icm20948_secondary_disable_i2c       0x00006d41   Thumb Code    24  icm20948auxtransport.o(i.inv_icm20948_secondary_disable_i2c)
    inv_icm20948_secondary_enable_i2c        0x00006d59   Thumb Code    24  icm20948auxtransport.o(i.inv_icm20948_secondary_enable_i2c)
    inv_icm20948_secondary_set_odr           0x00006d71   Thumb Code    48  icm20948auxtransport.o(i.inv_icm20948_secondary_set_odr)
    inv_icm20948_secondary_stop_channel      0x00006da1   Thumb Code    26  icm20948auxtransport.o(i.inv_icm20948_secondary_stop_channel)
    inv_icm20948_sensor_android_2_sensor_type 0x00006dbb   Thumb Code   160  icm20948setup.o(i.inv_icm20948_sensor_android_2_sensor_type)
    inv_icm20948_set_accel_divider           0x00006e5b   Thumb Code    40  icm20948databasedriver.o(i.inv_icm20948_set_accel_divider)
    inv_icm20948_set_accel_fullscale         0x00006e83   Thumb Code    52  icm20948databasedriver.o(i.inv_icm20948_set_accel_fullscale)
    inv_icm20948_set_bias                    0x00006eb7   Thumb Code   182  icm20948setup.o(i.inv_icm20948_set_bias)
    inv_icm20948_set_chip_power_state        0x00006f6d   Thumb Code   224  icm20948databasedriver.o(i.inv_icm20948_set_chip_power_state)
    inv_icm20948_set_chip_to_body            0x0000704d   Thumb Code    16  icm20948dataconverter.o(i.inv_icm20948_set_chip_to_body)
    inv_icm20948_set_chip_to_body_axis_quaternion 0x0000705d   Thumb Code   218  icm20948dataconverter.o(i.inv_icm20948_set_chip_to_body_axis_quaternion)
    inv_icm20948_set_dmp_address             0x00007145   Thumb Code    56  icm20948databasedriver.o(i.inv_icm20948_set_dmp_address)
    inv_icm20948_set_fsr                     0x0000717d   Thumb Code   160  icm20948setup.o(i.inv_icm20948_set_fsr)
    inv_icm20948_set_gyro_divider            0x0000721d   Thumb Code    24  icm20948databasedriver.o(i.inv_icm20948_set_gyro_divider)
    inv_icm20948_set_gyro_fullscale          0x00007235   Thumb Code    36  icm20948databasedriver.o(i.inv_icm20948_set_gyro_fullscale)
    inv_icm20948_set_gyro_sf                 0x00007259   Thumb Code   328  icm20948databasedriver.o(i.inv_icm20948_set_gyro_sf)
    inv_icm20948_set_icm20948_accel_fullscale 0x000073ad   Thumb Code   216  icm20948databasedriver.o(i.inv_icm20948_set_icm20948_accel_fullscale)
    inv_icm20948_set_icm20948_gyro_fullscale 0x00007485   Thumb Code   212  icm20948databasedriver.o(i.inv_icm20948_set_icm20948_gyro_fullscale)
    inv_icm20948_set_lowpower_or_highperformance 0x00007559   Thumb Code    30  icm20948setup.o(i.inv_icm20948_set_lowpower_or_highperformance)
    inv_icm20948_set_matrix                  0x00007579   Thumb Code   204  icm20948setup.o(i.inv_icm20948_set_matrix)
    inv_icm20948_set_odr                     0x0000764d   Thumb Code   732  icm20948databasecontrol.o(i.inv_icm20948_set_odr)
    inv_icm20948_set_secondary               0x00007929   Thumb Code    50  icm20948databasedriver.o(i.inv_icm20948_set_secondary)
    inv_icm20948_set_secondary_divider       0x00007961   Thumb Code    26  icm20948databasedriver.o(i.inv_icm20948_set_secondary_divider)
    inv_icm20948_set_sensor_period           0x0000797b   Thumb Code    78  icm20948setup.o(i.inv_icm20948_set_sensor_period)
    inv_icm20948_set_slave_compass_id        0x000079c9   Thumb Code    74  icm20948databasedriver.o(i.inv_icm20948_set_slave_compass_id)
    inv_icm20948_setup_compass_akm           0x00007a15   Thumb Code   158  icm20948auxcompassakm.o(i.inv_icm20948_setup_compass_akm)
    inv_icm20948_sleep_100us                 0x00007abd   Thumb Code    16  icm20948transport.o(i.inv_icm20948_sleep_100us)
    inv_icm20948_sleep_mems                  0x00007acd   Thumb Code    38  icm20948databasedriver.o(i.inv_icm20948_sleep_mems)
    inv_icm20948_sleep_us                    0x00007af3   Thumb Code    12  main.o(i.inv_icm20948_sleep_us)
    inv_icm20948_soft_reset                  0x00007b01   Thumb Code    26  icm20948setup.o(i.inv_icm20948_soft_reset)
    inv_icm20948_suspend_akm                 0x00007b21   Thumb Code    58  icm20948auxcompassakm.o(i.inv_icm20948_suspend_akm)
    inv_icm20948_transport_init              0x00007b5b   Thumb Code    14  icm20948transport.o(i.inv_icm20948_transport_init)
    inv_icm20948_wakeup_mems                 0x00007d55   Thumb Code   108  icm20948databasedriver.o(i.inv_icm20948_wakeup_mems)
    inv_icm20948_write_mems                  0x00007dc1   Thumb Code   210  icm20948transport.o(i.inv_icm20948_write_mems)
    inv_icm20948_write_mems_reg              0x00007e93   Thumb Code   158  icm20948transport.o(i.inv_icm20948_write_mems_reg)
    inv_icm20948_write_reg                   0x00007f31   Thumb Code    58  icm20948transport.o(i.inv_icm20948_write_reg)
    inv_icm20948_write_secondary             0x00007f6b   Thumb Code   124  icm20948auxtransport.o(i.inv_icm20948_write_secondary)
    inv_icm20948_write_single_mems_reg       0x00007fe7   Thumb Code   116  icm20948transport.o(i.inv_icm20948_write_single_mems_reg)
    inv_icm20948_write_single_mems_reg_core  0x0000805b   Thumb Code    42  icm20948transport.o(i.inv_icm20948_write_single_mems_reg_core)
    main                                     0x00008c29   Thumb Code   202  main.o(i.main)
    my_serif_open_read_reg                   0x00008e31   Thumb Code    44  imu.o(i.my_serif_open_read_reg)
    my_serif_open_write_reg                  0x00008e61   Thumb Code    44  imu.o(i.my_serif_open_write_reg)
    nrf_atomic_flag_clear_fetch              0x000091f9   Thumb Code    14  nrf_atomic.o(i.nrf_atomic_flag_clear_fetch)
    nrf_atomic_flag_set                      0x00009207   Thumb Code    14  nrf_atomic.o(i.nrf_atomic_flag_set)
    nrf_atomic_u32_add                       0x00009215   Thumb Code    22  nrf_atomic.o(i.nrf_atomic_u32_add)
    nrf_atomic_u32_fetch_and                 0x0000922b   Thumb Code    22  nrf_atomic.o(i.nrf_atomic_u32_fetch_and)
    nrf_atomic_u32_fetch_store               0x00009241   Thumb Code    22  nrf_atomic.o(i.nrf_atomic_u32_fetch_store)
    nrf_atomic_u32_or                        0x00009257   Thumb Code    22  nrf_atomic.o(i.nrf_atomic_u32_or)
    nrf_atomic_u32_sub                       0x0000926d   Thumb Code    22  nrf_atomic.o(i.nrf_atomic_u32_sub)
    nrf_balloc_alloc                         0x00009283   Thumb Code    76  nrf_balloc.o(i.nrf_balloc_alloc)
    nrf_balloc_free                          0x000092df   Thumb Code    42  nrf_balloc.o(i.nrf_balloc_free)
    nrf_balloc_init                          0x00009315   Thumb Code    60  nrf_balloc.o(i.nrf_balloc_init)
    nrf_drv_twi_init                         0x00009351   Thumb Code    68  nrf_drv_twi.o(i.nrf_drv_twi_init)
    nrf_drv_uart_init                        0x000093cd   Thumb Code   118  nrf_drv_uart.o(i.nrf_drv_uart_init)
    nrf_fprintf                              0x00009459   Thumb Code    42  nrf_fprintf.o(i.nrf_fprintf)
    nrf_fprintf_buffer_flush                 0x00009483   Thumb Code    28  nrf_fprintf.o(i.nrf_fprintf_buffer_flush)
    nrf_fprintf_fmt                          0x0000949f   Thumb Code   496  nrf_fprintf_format.o(i.nrf_fprintf_fmt)
    nrf_log_backend_add                      0x000097f5   Thumb Code    78  nrf_log_frontend.o(i.nrf_log_backend_add)
    nrf_log_backend_rtt_init                 0x00009853   Thumb Code     8  nrf_log_backend_rtt.o(i.nrf_log_backend_rtt_init)
    nrf_log_backend_serial_put               0x0000987d   Thumb Code   242  nrf_log_backend_serial.o(i.nrf_log_backend_serial_put)
    nrf_log_backend_uart_init                0x00009971   Thumb Code    12  nrf_log_backend_uart.o(i.nrf_log_backend_uart_init)
    nrf_log_color_id_get                     0x000099d5   Thumb Code    52  nrf_log_frontend.o(i.nrf_log_color_id_get)
    nrf_log_default_backends_init            0x00009a0d   Thumb Code    48  nrf_log_default_backends.o(i.nrf_log_default_backends_init)
    nrf_log_frontend_dequeue                 0x00009a45   Thumb Code   748  nrf_log_frontend.o(i.nrf_log_frontend_dequeue)
    nrf_log_frontend_std_0                   0x00009d59   Thumb Code    20  nrf_log_frontend.o(i.nrf_log_frontend_std_0)
    nrf_log_frontend_std_1                   0x00009d6d   Thumb Code    24  nrf_log_frontend.o(i.nrf_log_frontend_std_1)
    nrf_log_hexdump_entry_process            0x00009d85   Thumb Code   164  nrf_log_str_formatter.o(i.nrf_log_hexdump_entry_process)
    nrf_log_init                             0x00009e41   Thumb Code    50  nrf_log_frontend.o(i.nrf_log_init)
    nrf_log_module_cnt_get                   0x00009e89   Thumb Code    10  nrf_log_frontend.o(i.nrf_log_module_cnt_get)
    nrf_log_module_name_get                  0x00009e9d   Thumb Code    30  nrf_log_frontend.o(i.nrf_log_module_name_get)
    nrf_log_panic                            0x00009ec1   Thumb Code    48  nrf_log_frontend.o(i.nrf_log_panic)
    nrf_log_std_entry_process                0x00009ef5   Thumb Code   200  nrf_log_str_formatter.o(i.nrf_log_std_entry_process)
    nrf_memobj_alloc                         0x00009fbd   Thumb Code   122  nrf_memobj.o(i.nrf_memobj_alloc)
    nrf_memobj_free                          0x0000a037   Thumb Code    64  nrf_memobj.o(i.nrf_memobj_free)
    nrf_memobj_get                           0x0000a077   Thumb Code    16  nrf_memobj.o(i.nrf_memobj_get)
    nrf_memobj_pool_init                     0x0000a087   Thumb Code    12  nrf_memobj.o(i.nrf_memobj_pool_init)
    nrf_memobj_put                           0x0000a093   Thumb Code    30  nrf_memobj.o(i.nrf_memobj_put)
    nrf_memobj_read                          0x0000a0b1   Thumb Code    34  nrf_memobj.o(i.nrf_memobj_read)
    nrf_memobj_write                         0x0000a0d3   Thumb Code    34  nrf_memobj.o(i.nrf_memobj_write)
    nrf_ringbuf_init                         0x0000a0f5   Thumb Code    28  nrf_ringbuf.o(i.nrf_ringbuf_init)
    nrfx_prs_acquire                         0x0000a2c9   Thumb Code    72  nrfx_prs.o(i.nrfx_prs_acquire)
    nrfx_prs_release                         0x0000a311   Thumb Code    22  nrfx_prs.o(i.nrfx_prs_release)
    nrfx_twim_enable                         0x0000a329   Thumb Code    34  nrfx_twim.o(i.nrfx_twim_enable)
    nrfx_twim_init                           0x0000a351   Thumb Code   280  nrfx_twim.o(i.nrfx_twim_init)
    nrfx_twim_rx                             0x0000a479   Thumb Code    44  nrfx_twim.o(i.nrfx_twim_rx)
    nrfx_twim_tx                             0x0000a4a9   Thumb Code    62  nrfx_twim.o(i.nrfx_twim_tx)
    nrfx_twim_xfer                           0x0000a4e9   Thumb Code    48  nrfx_twim.o(i.nrfx_twim_xfer)
    nrfx_uart_0_irq_handler                  0x0000a51d   Thumb Code    12  nrfx_uart.o(i.nrfx_uart_0_irq_handler)
    nrfx_uart_init                           0x0000a531   Thumb Code   128  nrfx_uart.o(i.nrfx_uart_init)
    nrfx_uart_tx                             0x0000a5b9   Thumb Code   134  nrfx_uart.o(i.nrfx_uart_tx)
    nrfx_uart_tx_in_progress                 0x0000a645   Thumb Code    30  nrfx_uart.o(i.nrfx_uart_tx_in_progress)
    nrfx_uart_uninit                         0x0000a669   Thumb Code    62  nrfx_uart.o(i.nrfx_uart_uninit)
    nrfx_uarte_0_irq_handler                 0x0000a6ad   Thumb Code    12  nrfx_uarte.o(i.nrfx_uarte_0_irq_handler)
    nrfx_uarte_init                          0x0000a6c1   Thumb Code   120  nrfx_uarte.o(i.nrfx_uarte_init)
    nrfx_uarte_tx                            0x0000a741   Thumb Code   188  nrfx_uarte.o(i.nrfx_uarte_tx)
    nrfx_uarte_tx_in_progress                0x0000a801   Thumb Code    26  nrfx_uarte.o(i.nrfx_uarte_tx_in_progress)
    nrfx_uarte_uninit                        0x0000a821   Thumb Code   142  nrfx_uarte.o(i.nrfx_uarte_uninit)
    twi_handler                              0x0000af31   Thumb Code   114  main.o(i.twi_handler)
    twi_init                                 0x0000afdd   Thumb Code    54  main.o(i.twi_init)
    m_twi                                    0x0000bb00   Data          16  main.o(.constdata)
    serif_instance                           0x0000bb10   Data          24  main.o(.constdata)
    nrf_log_backend_rtt_api                  0x0000bc10   Data          12  nrf_log_backend_rtt.o(.constdata)
    nrf_log_backend_uart_api                 0x0000bc28   Data          12  nrf_log_backend_uart.o(.constdata)
    __ctype_table                            0x0000bff0   Data         129  ctype_o.o(.constdata)
    Region$$Table$$Base                      0x0000c144   Number         0  anon$$obj.o(Region$$Table)
    Region$$Table$$Limit                     0x0000c164   Number         0  anon$$obj.o(Region$$Table)
    log_const_data$$Base                     0x0000c184   Number         0  nrfx_prs.o(log_const_data)
    m_nrf_log_PRS_logs_data_const            0x0000c184   Data           8  nrfx_prs.o(log_const_data)
    m_nrf_log_TWIM_logs_data_const           0x0000c18c   Data           8  nrfx_twim.o(log_const_data)
    m_nrf_log_UART_logs_data_const           0x0000c194   Data           8  nrfx_uart.o(log_const_data)
    m_nrf_log_UARTE_logs_data_const          0x0000c19c   Data           8  nrfx_uarte.o(log_const_data)
    m_nrf_log_app_logs_data_const            0x0000c1a4   Data           8  nrf_log_frontend.o(log_const_data)
    log_const_data$$Limit                    0x0000c1ac   Number         0  nrf_log_frontend.o(log_const_data)
    log_mempool                              0x0000c1ac   Data          20  nrf_log_frontend.o(nrf_balloc)
    nrf_drv_uart_use_easy_dma                0x200037f8   Data           1  nrf_drv_uart.o(.data)
    m_uart                                   0x2000380c   Data          20  nrf_log_backend_uart.o(.data)
    icm20948_instance                        0x200038a8   Data           4  icm20948transport.o(.data)
    SystemCoreClock                          0x200038ac   Data           4  system_nrf52.o(.data)
    _SEGGER_RTT                              0x20004464   Data         120  segger_rtt.o(.bss)
    fd                                       0x200046ec   Data         164  icm20948mpufifocontrol.o(.bss)
    __initial_sp                             0x20006b90   Data           0  arm_startup_nrf52.o(STACK)



==============================================================================

Memory Map of the image

  Image Entry point : 0x00000201

  Load Region LR_IROM1 (Base: 0x00000000, Size: 0x0000fa74, Max: 0x00080000, ABSOLUTE, COMPRESSED[0x0000ea38])

    Execution Region ER_IROM1 (Exec base: 0x00000000, Load base: 0x00000000, Size: 0x0000c1c0, Max: 0x00080000, ABSOLUTE)

    Exec Addr    Load Addr    Size         Type   Attr      Idx    E Section Name        Object

    0x00000000   0x00000000   0x00000200   Data   RO         5813    RESET               arm_startup_nrf52.o
    0x00000200   0x00000200   0x00000000   Code   RO         7740  * .ARM.Collect$$$$00000000  mc_w.l(entry.o)
    0x00000200   0x00000200   0x00000004   Code   RO         8085    .ARM.Collect$$$$00000001  mc_w.l(entry2.o)
    0x00000204   0x00000204   0x00000004   Code   RO         8088    .ARM.Collect$$$$00000004  mc_w.l(entry5.o)
    0x00000208   0x00000208   0x00000000   Code   RO         8090    .ARM.Collect$$$$00000008  mc_w.l(entry7b.o)
    0x00000208   0x00000208   0x00000000   Code   RO         8092    .ARM.Collect$$$$0000000A  mc_w.l(entry8b.o)
    0x00000208   0x00000208   0x00000008   Code   RO         8093    .ARM.Collect$$$$0000000B  mc_w.l(entry9a.o)
    0x00000210   0x00000210   0x00000004   Code   RO         8100    .ARM.Collect$$$$0000000E  mc_w.l(entry12b.o)
    0x00000214   0x00000214   0x00000000   Code   RO         8095    .ARM.Collect$$$$0000000F  mc_w.l(entry10a.o)
    0x00000214   0x00000214   0x00000000   Code   RO         8097    .ARM.Collect$$$$00000011  mc_w.l(entry11a.o)
    0x00000214   0x00000214   0x00000004   Code   RO         8086    .ARM.Collect$$$$00002712  mc_w.l(entry2.o)
    0x00000218   0x00000218   0x000000e2   Code   RO         1716    .emb_text           nrf_atomic.o
    0x000002fa   0x000002fa   0x00000002   PAD
    0x000002fc   0x000002fc   0x00000024   Code   RO         5814    .text               arm_startup_nrf52.o
    0x00000320   0x00000320   0x00000062   Code   RO         7751    .text               mc_w.l(uldiv.o)
    0x00000382   0x00000382   0x0000001e   Code   RO         7753    .text               mc_w.l(llshl.o)
    0x000003a0   0x000003a0   0x00000024   Code   RO         7755    .text               mc_w.l(llsshr.o)
    0x000003c4   0x000003c4   0x00000008   Code   RO         7757    .text               mc_w.l(ctype_o.o)
    0x000003cc   0x000003cc   0x00000040   Code   RO         7787    .text               mc_w.l(memmovea.o)
    0x0000040c   0x0000040c   0x00000024   Code   RO         7791    .text               mc_w.l(memseta.o)
    0x00000430   0x00000430   0x0000000e   Code   RO         7793    .text               mc_w.l(strlen.o)
    0x0000043e   0x0000043e   0x0000001a   Code   RO         7797    .text               mc_w.l(memcmp.o)
    0x00000458   0x00000458   0x00000012   Code   RO         7799    .text               mc_w.l(strcpy.o)
    0x0000046a   0x0000046a   0x00000020   Code   RO         8104    .text               mc_w.l(llushr.o)
    0x0000048a   0x0000048a   0x00000000   Code   RO         8113    .text               mc_w.l(iusefp.o)
    0x0000048a   0x0000048a   0x00000002   PAD
    0x0000048c   0x0000048c   0x00000024   Code   RO         8125    .text               mc_w.l(init.o)
    0x000004b0   0x000004b0   0x00000056   Code   RO         8137    .text               mc_w.l(__dczerorl2.o)
    0x00000506   0x00000506   0x00000050   Code   RO         4442    i.DividerRateSet    icm20948databasecontrol.o
    0x00000556   0x00000556   0x00000018   Code   RO         5556    i.DmpDriver_convertion  icm20948setup.o
    0x0000056e   0x0000056e   0x00000038   Code   RO         4443    i.MinDelayGenActual  icm20948databasecontrol.o
    0x000005a6   0x000005a6   0x00000008   Code   RO         2653    i.SEGGER_RTT_Init   segger_rtt.o
    0x000005ae   0x000005ae   0x00000002   PAD
    0x000005b0   0x000005b0   0x00000084   Code   RO         2667    i.SEGGER_RTT_WriteNoLock  segger_rtt.o
    0x00000634   0x00000634   0x00000014   Code   RO          837    i.SPIM0_SPIS0_TWIM0_TWIS0_SPI0_TWI0_IRQHandler  nrfx_twim.o
    0x00000648   0x00000648   0x00000020   Code   RO         4444    i.SampleRateDividerGet  icm20948databasecontrol.o
    0x00000668   0x00000668   0x00000010   Code   RO         5821    i.SystemCoreClockUpdate  system_nrf52.o
    0x00000678   0x00000678   0x00000298   Code   RO         5822    i.SystemInit        system_nrf52.o
    0x00000910   0x00000910   0x00000010   Code   RO          756    i.UARTE0_UART0_IRQHandler  nrfx_prs.o
    0x00000920   0x00000920   0x00000070   Code   RO         2671    i._DoInit           segger_rtt.o
    0x00000990   0x00000990   0x0000001c   Code   RO         2672    i._GetAvailWriteSpace  segger_rtt.o
    0x000009ac   0x000009ac   0x00000024   Code   RO          838    i._NRFX_IRQ_PENDING_CLEAR  nrfx_twim.o
    0x000009d0   0x000009d0   0x00000072   Code   RO         2674    i._WriteBlocking    segger_rtt.o
    0x00000a42   0x00000a42   0x0000004c   Code   RO         2675    i._WriteNoCheck     segger_rtt.o
    0x00000a8e   0x00000a8e   0x00000026   Code   RO         8066    i.__ARM_fpclassifyf  m_wm.l(fpclassifyf.o)
    0x00000ab4   0x00000ab4   0x00000150   Code   RO         7704    i.__hardfp_cosf     m_wm.l(cosf.o)
    0x00000c04   0x00000c04   0x00000190   Code   RO         7716    i.__hardfp_sinf     m_wm.l(sinf.o)
    0x00000d94   0x00000d94   0x0000003a   Code   RO         7728    i.__hardfp_sqrtf    m_wm.l(sqrtf.o)
    0x00000dce   0x00000dce   0x00000006   Code   RO         8069    i.__mathlib_flt_infnan  m_wm.l(funder.o)
    0x00000dd4   0x00000dd4   0x00000010   Code   RO         8071    i.__mathlib_flt_invalid  m_wm.l(funder.o)
    0x00000de4   0x00000de4   0x00000010   Code   RO         8074    i.__mathlib_flt_underflow  m_wm.l(funder.o)
    0x00000df4   0x00000df4   0x00000154   Code   RO         8082    i.__mathlib_rredf2  m_wm.l(rredf.o)
    0x00000f48   0x00000f48   0x0000000e   Code   RO         8131    i.__scatterload_copy  mc_w.l(handlers.o)
    0x00000f56   0x00000f56   0x00000002   Code   RO         8132    i.__scatterload_null  mc_w.l(handlers.o)
    0x00000f58   0x00000f58   0x0000000e   Code   RO         8133    i.__scatterload_zeroinit  mc_w.l(handlers.o)
    0x00000f66   0x00000f66   0x00000002   PAD
    0x00000f68   0x00000f68   0x0000000c   Code   RO         8108    i.__set_errno       mc_w.l(errno.o)
    0x00000f74   0x00000f74   0x00000008   Code   RO         4652    i.activate_compass  icm20948databasedriver.o
    0x00000f7c   0x00000f7c   0x000000c0   Code   RO         1598    i.app_error_fault_handler  app_error_weak.o
    0x0000103c   0x0000103c   0x0000001c   Code   RO         1526    i.app_error_handler_bare  app_error.o
    0x00001058   0x00001058   0x0000000a   Code   RO         1626    i.app_util_critical_region_enter  app_util_platform.o
    0x00001062   0x00001062   0x0000000a   Code   RO         1627    i.app_util_critical_region_exit  app_util_platform.o
    0x0000106c   0x0000106c   0x00000014   Code   RO         1628    i.app_util_disable_irq  app_util_platform.o
    0x00001080   0x00001080   0x00000018   Code   RO         1629    i.app_util_enable_irq  app_util_platform.o
    0x00001098   0x00001098   0x0000007c   Code   RO         1058    i.apply_config      nrfx_uart.o
    0x00001114   0x00001114   0x0000007c   Code   RO         1307    i.apply_config      nrfx_uarte.o
    0x00001190   0x00001190   0x0000003c   Code   RO         2385    i.backend_id_assign  nrf_log_frontend.o
    0x000011cc   0x000011cc   0x000000e4   Code   RO         2386    i.buf_prealloc      nrf_log_frontend.o
    0x000012b0   0x000012b0   0x0000002c   Code   RO         1944    i.buffer_add        nrf_fprintf_format.o
    0x000012dc   0x000012dc   0x00000018   Code   RO         2387    i.buffer_is_empty   nrf_log_frontend.o
    0x000012f4   0x000012f4   0x0000003e   Code   RO         3965    i.build_sensor_event  deviceicm20948.o
    0x00001332   0x00001332   0x00000134   Code   RO         3966    i.build_sensor_event_data  deviceicm20948.o
    0x00001466   0x00001466   0x0000007e   Code   RO         5317    i.check_fifo_decoded_headers  icm20948mpufifocontrol.o
    0x000014e4   0x000014e4   0x00000072   Code   RO         5717    i.check_reg_access_lp_disable  icm20948transport.o
    0x00001556   0x00001556   0x00000050   Code   RO         3967    i.data_handler      deviceicm20948.o
    0x000015a6   0x000015a6   0x00000008   Code   RO         4653    i.desactivate_compass  icm20948databasedriver.o
    0x000015ae   0x000015ae   0x00000068   Code   RO         5318    i.dmp_get_fifo_all  icm20948mpufifocontrol.o
    0x00001616   0x00001616   0x00000044   Code   RO         5319    i.dmp_get_fifo_length  icm20948mpufifocontrol.o
    0x0000165a   0x0000165a   0x0000005c   Code   RO         5073    i.dmp_icm20948_get_bias_acc  icm20948dmp3driver.o
    0x000016b6   0x000016b6   0x0000005c   Code   RO         5074    i.dmp_icm20948_get_bias_cmp  icm20948dmp3driver.o
    0x00001712   0x00001712   0x0000005c   Code   RO         5075    i.dmp_icm20948_get_bias_gyr  icm20948dmp3driver.o
    0x0000176e   0x0000176e   0x00000042   Code   RO         5077    i.dmp_icm20948_get_pedometer_num_of_steps  icm20948dmp3driver.o
    0x000017b0   0x000017b0   0x00000058   Code   RO         5079    i.dmp_icm20948_reset_control_registers  icm20948dmp3driver.o
    0x00001808   0x00001808   0x000000fe   Code   RO         5080    i.dmp_icm20948_set_B2S_matrix  icm20948dmp3driver.o
    0x00001906   0x00001906   0x0000002e   Code   RO         5081    i.dmp_icm20948_set_FIFO_watermark  icm20948dmp3driver.o
    0x00001934   0x00001934   0x00000064   Code   RO         5082    i.dmp_icm20948_set_accel_cal_params  icm20948dmp3driver.o
    0x00001998   0x00001998   0x0000002e   Code   RO         5083    i.dmp_icm20948_set_accel_feedback_gain  icm20948dmp3driver.o
    0x000019c6   0x000019c6   0x0000006e   Code   RO         5084    i.dmp_icm20948_set_accel_fsr  icm20948dmp3driver.o
    0x00001a34   0x00001a34   0x0000006e   Code   RO         5085    i.dmp_icm20948_set_accel_scale2  icm20948dmp3driver.o
    0x00001aa2   0x00001aa2   0x0000006c   Code   RO         5086    i.dmp_icm20948_set_b2s_rate  icm20948dmp3driver.o
    0x00001b0e   0x00001b0e   0x0000006c   Code   RO         5087    i.dmp_icm20948_set_bac_rate  icm20948dmp3driver.o
    0x00001b7a   0x00001b7a   0x00000060   Code   RO         5088    i.dmp_icm20948_set_batchmode_params  icm20948dmp3driver.o
    0x00001bda   0x00001bda   0x00000062   Code   RO         5089    i.dmp_icm20948_set_bias_acc  icm20948dmp3driver.o
    0x00001c3c   0x00001c3c   0x00000062   Code   RO         5090    i.dmp_icm20948_set_bias_cmp  icm20948dmp3driver.o
    0x00001c9e   0x00001c9e   0x00000062   Code   RO         5091    i.dmp_icm20948_set_bias_gyr  icm20948dmp3driver.o
    0x00001d00   0x00001d00   0x000000fe   Code   RO         5093    i.dmp_icm20948_set_compass_matrix  icm20948dmp3driver.o
    0x00001dfe   0x00001dfe   0x0000002c   Code   RO         5094    i.dmp_icm20948_set_data_interrupt_control  icm20948dmp3driver.o
    0x00001e2a   0x00001e2a   0x00000024   Code   RO         5095    i.dmp_icm20948_set_data_output_control1  icm20948dmp3driver.o
    0x00001e4e   0x00001e4e   0x00000002   PAD
    0x00001e50   0x00001e50   0x00000024   Code   RO         5096    i.dmp_icm20948_set_data_output_control2  icm20948dmp3driver.o
    0x00001e74   0x00001e74   0x0000002c   Code   RO         5097    i.dmp_icm20948_set_data_rdy_status  icm20948dmp3driver.o
    0x00001ea0   0x00001ea0   0x00000024   Code   RO         5100    i.dmp_icm20948_set_gyro_sf  icm20948dmp3driver.o
    0x00001ec4   0x00001ec4   0x00000024   Code   RO         5101    i.dmp_icm20948_set_motion_event_control  icm20948dmp3driver.o
    0x00001ee8   0x00001ee8   0x00000028   Code   RO         5102    i.dmp_icm20948_set_ped_y_ratio  icm20948dmp3driver.o
    0x00001f10   0x00001f10   0x00000092   Code   RO         5104    i.dmp_icm20948_set_sensor_rate  icm20948dmp3driver.o
    0x00001fa2   0x00001fa2   0x0000004e   Code   RO         5320    i.dmp_read_fifo     icm20948mpufifocontrol.o
    0x00001ff0   0x00001ff0   0x00000082   Code   RO         5321    i.dmp_reset_fifo    icm20948mpufifocontrol.o
    0x00002072   0x00002072   0x00000002   PAD
    0x00002074   0x00002074   0x00000018   Code   RO         2388    i.dropped_sat16_get  nrf_log_frontend.o
    0x0000208c   0x0000208c   0x00000078   Code   RO         5322    i.extract_sample_cnt  icm20948mpufifocontrol.o
    0x00002104   0x00002104   0x00000108   Code   RO         4445    i.getMinDlyAccel    icm20948databasecontrol.o
    0x0000220c   0x0000220c   0x00000068   Code   RO         4446    i.getMinDlyCompass  icm20948databasecontrol.o
    0x00002274   0x00002274   0x00000098   Code   RO         4447    i.getMinDlyGyro     icm20948databasecontrol.o
    0x0000230c   0x0000230c   0x0000003c   Code   RO         4448    i.get_multiple_56_rate  icm20948databasecontrol.o
    0x00002348   0x00002348   0x00000146   Code   RO         5323    i.get_packet_size_and_samplecnt  icm20948mpufifocontrol.o
    0x0000248e   0x0000248e   0x0000001e   Code   RO         3968    i.host_serif_read_reg_legacy  deviceicm20948.o
    0x000024ac   0x000024ac   0x0000001e   Code   RO         3969    i.host_serif_write_reg_legacy  deviceicm20948.o
    0x000024ca   0x000024ca   0x00000002   PAD
    0x000024cc   0x000024cc   0x00000064   Code   RO            4    i.i2c_read_bytes    main.o
    0x00002530   0x00002530   0x00000058   Code   RO            5    i.i2c_write_byte    main.o
    0x00002588   0x00002588   0x00000048   Code   RO            6    i.i2c_write_forread_byte  main.o
    0x000025d0   0x000025d0   0x00000072   Code   RO         3970    i.idd_driver_2_sensortype  deviceicm20948.o
    0x00002642   0x00002642   0x00000080   Code   RO         3971    i.idd_sensortype_2_driver  deviceicm20948.o
    0x000026c2   0x000026c2   0x000000be   Code   RO         1945    i.int_print         nrf_fprintf_format.o
    0x00002780   0x00002780   0x00000058   Code   RO         1059    i.interrupts_disable  nrfx_uart.o
    0x000027d8   0x000027d8   0x00000058   Code   RO         1308    i.interrupts_disable  nrfx_uarte.o
    0x00002830   0x00002830   0x00000094   Code   RO         1060    i.interrupts_enable  nrfx_uart.o
    0x000028c4   0x000028c4   0x000000b4   Code   RO         1309    i.interrupts_enable  nrfx_uarte.o
    0x00002978   0x00002978   0x00000090   Code   RO         5512    i.inv_check_accelgyro_self_test  icm20948selftest.o
    0x00002a08   0x00002a08   0x000000be   Code   RO         4449    i.inv_convert_androidSensor_to_control  icm20948databasecontrol.o
    0x00002ac6   0x00002ac6   0x00000026   Code   RO         5324    i.inv_decode_3_16bit_elements  icm20948mpufifocontrol.o
    0x00002aec   0x00002aec   0x00000044   Code   RO         5325    i.inv_decode_3_32bit_elements  icm20948mpufifocontrol.o
    0x00002b30   0x00002b30   0x00000030   Code   RO         3972    i.inv_device_icm20948_cleanup  deviceicm20948.o
    0x00002b60   0x00002b60   0x00000024   Code   RO         3973    i.inv_device_icm20948_enable_sensor  deviceicm20948.o
    0x00002b84   0x00002b84   0x00000066   Code   RO         3974    i.inv_device_icm20948_get_sensor_config  deviceicm20948.o
    0x00002bea   0x00002bea   0x00000002   PAD
    0x00002bec   0x00002bec   0x0000009c   Code   RO         3976    i.inv_device_icm20948_init2  deviceicm20948.o
    0x00002c88   0x00002c88   0x00000016   Code   RO         3977    i.inv_device_icm20948_init_aux_compass  deviceicm20948.o
    0x00002c9e   0x00002c9e   0x00000022   Code   RO         3978    i.inv_device_icm20948_load  deviceicm20948.o
    0x00002cc0   0x00002cc0   0x00000070   Code   RO         3979    i.inv_device_icm20948_ping_sensor  deviceicm20948.o
    0x00002d30   0x00002d30   0x00000018   Code   RO         3980    i.inv_device_icm20948_poll  deviceicm20948.o
    0x00002d48   0x00002d48   0x00000022   Code   RO         3981    i.inv_device_icm20948_read_mems_register  deviceicm20948.o
    0x00002d6a   0x00002d6a   0x00000020   Code   RO         3982    i.inv_device_icm20948_reset  deviceicm20948.o
    0x00002d8a   0x00002d8a   0x0000006e   Code   RO         3983    i.inv_device_icm20948_self_test  deviceicm20948.o
    0x00002df8   0x00002df8   0x0000009a   Code   RO         3984    i.inv_device_icm20948_set_sensor_config  deviceicm20948.o
    0x00002e92   0x00002e92   0x00000024   Code   RO         3985    i.inv_device_icm20948_set_sensor_mounting_matrix  deviceicm20948.o
    0x00002eb6   0x00002eb6   0x0000002c   Code   RO         3986    i.inv_device_icm20948_set_sensor_period_us  deviceicm20948.o
    0x00002ee2   0x00002ee2   0x0000001a   Code   RO         3987    i.inv_device_icm20948_set_sensor_timeout  deviceicm20948.o
    0x00002efc   0x00002efc   0x00000068   Code   RO         3988    i.inv_device_icm20948_setup  deviceicm20948.o
    0x00002f64   0x00002f64   0x00000014   Code   RO         3989    i.inv_device_icm20948_whoami  deviceicm20948.o
    0x00002f78   0x00002f78   0x00000022   Code   RO         3990    i.inv_device_icm20948_write_mems_register  deviceicm20948.o
    0x00002f9a   0x00002f9a   0x000000bc   Code   RO         5513    i.inv_do_test_accelgyro  icm20948selftest.o
    0x00003056   0x00003056   0x00000002   PAD
    0x00003058   0x00003058   0x000004a0   Code   RO         4450    i.inv_enable_sensor_internal  icm20948databasecontrol.o
    0x000034f8   0x000034f8   0x00000016   Code   RO         4655    i.inv_icm20948_allow_lpen_control  icm20948databasedriver.o
    0x0000350e   0x0000350e   0x00000054   Code   RO         4293    i.inv_icm20948_apply_raw_compass_matrix  icm20948auxcompassakm.o
    0x00003562   0x00003562   0x00000026   Code   RO         4208    i.inv_icm20948_augmented_init  icm20948augmented.o
    0x00003588   0x00003588   0x00000098   Code   RO         4209    i.inv_icm20948_augmented_sensors_get_gravity  icm20948augmented.o
    0x00003620   0x00003620   0x00000038   Code   RO         4210    i.inv_icm20948_augmented_sensors_get_linearacceleration  icm20948augmented.o
    0x00003658   0x00003658   0x000000b0   Code   RO         4211    i.inv_icm20948_augmented_sensors_get_orientation  icm20948augmented.o
    0x00003708   0x00003708   0x00000366   Code   RO         4212    i.inv_icm20948_augmented_sensors_set_odr  icm20948augmented.o
    0x00003a6e   0x00003a6e   0x00000186   Code   RO         4213    i.inv_icm20948_augmented_sensors_update_odr  icm20948augmented.o
    0x00003bf4   0x00003bf4   0x00000104   Code   RO         4451    i.inv_icm20948_base_control_init  icm20948databasecontrol.o
    0x00003cf8   0x00003cf8   0x0000024e   Code   RO         4294    i.inv_icm20948_check_akm_self_test  icm20948auxcompassakm.o
    0x00003f46   0x00003f46   0x00000002   PAD
    0x00003f48   0x00003f48   0x0000017c   Code   RO         4295    i.inv_icm20948_compass_dmp_cal  icm20948auxcompassakm.o
    0x000040c4   0x000040c4   0x00000012   Code   RO         4297    i.inv_icm20948_compass_isconnected  icm20948auxcompassakm.o
    0x000040d6   0x000040d6   0x0000001a   Code   RO         4871    i.inv_icm20948_convert_big8_to_int32  icm20948dataconverter.o
    0x000040f0   0x000040f0   0x0000004a   Code   RO         4872    i.inv_icm20948_convert_compute_scalar_part_fxp  icm20948dataconverter.o
    0x0000413a   0x0000413a   0x00000056   Code   RO         4874    i.inv_icm20948_convert_dmp3_to_body  icm20948dataconverter.o
    0x00004190   0x00004190   0x000000dc   Code   RO         4875    i.inv_icm20948_convert_fast_sqrt_fxp  icm20948dataconverter.o
    0x0000426c   0x0000426c   0x0000006e   Code   RO         4876    i.inv_icm20948_convert_get_highest_bit_position  icm20948dataconverter.o
    0x000042da   0x000042da   0x0000000c   Code   RO         4877    i.inv_icm20948_convert_int16_to_big8  icm20948dataconverter.o
    0x000042e6   0x000042e6   0x00000014   Code   RO         4878    i.inv_icm20948_convert_int32_to_big8  icm20948dataconverter.o
    0x000042fa   0x000042fa   0x00000002   PAD
    0x000042fc   0x000042fc   0x00000364   Code   RO         4881    i.inv_icm20948_convert_matrix_to_quat_flt  icm20948dataconverter.o
    0x00004660   0x00004660   0x00000012   Code   RO         4883    i.inv_icm20948_convert_mult_q30_fxp  icm20948dataconverter.o
    0x00004672   0x00004672   0x00000026   Code   RO         4884    i.inv_icm20948_convert_mult_qfix_fxp  icm20948dataconverter.o
    0x00004698   0x00004698   0x00000042   Code   RO         4885    i.inv_icm20948_convert_quat_rotate_fxp  icm20948dataconverter.o
    0x000046da   0x000046da   0x000000da   Code   RO         4886    i.inv_icm20948_convert_quat_to_col_major_matrix_fxp  icm20948dataconverter.o
    0x000047b4   0x000047b4   0x000000e0   Code   RO         4887    i.inv_icm20948_convert_rotation_vector  icm20948dataconverter.o
    0x00004894   0x00004894   0x000000a4   Code   RO         4891    i.inv_icm20948_convert_test_limits_and_scale_fxp  icm20948dataconverter.o
    0x00004938   0x00004938   0x0000001a   Code   RO         4452    i.inv_icm20948_ctrl_androidSensor_enabled  icm20948databasecontrol.o
    0x00004952   0x00004952   0x00000052   Code   RO         4453    i.inv_icm20948_ctrl_enable_activity_classifier  icm20948databasecontrol.o
    0x000049a4   0x000049a4   0x0000003c   Code   RO         4454    i.inv_icm20948_ctrl_enable_batch  icm20948databasecontrol.o
    0x000049e0   0x000049e0   0x00000056   Code   RO         4456    i.inv_icm20948_ctrl_enable_sensor  icm20948databasecontrol.o
    0x00004a36   0x00004a36   0x00000044   Code   RO         4457    i.inv_icm20948_ctrl_enable_tilt  icm20948databasecontrol.o
    0x00004a7a   0x00004a7a   0x00000010   Code   RO         4458    i.inv_icm20948_ctrl_get_acc_bias  icm20948databasecontrol.o
    0x00004a8a   0x00004a8a   0x00000008   Code   RO         4459    i.inv_icm20948_ctrl_get_activitiy_classifier_on_flag  icm20948databasecontrol.o
    0x00004a92   0x00004a92   0x00000008   Code   RO         4461    i.inv_icm20948_ctrl_get_batch_mode_status  icm20948databasecontrol.o
    0x00004a9a   0x00004a9a   0x00000010   Code   RO         4462    i.inv_icm20948_ctrl_get_gyr_bias  icm20948databasecontrol.o
    0x00004aaa   0x00004aaa   0x00000010   Code   RO         4463    i.inv_icm20948_ctrl_get_mag_bias  icm20948databasecontrol.o
    0x00004aba   0x00004aba   0x0000002c   Code   RO         4465    i.inv_icm20948_ctrl_set_acc_bias  icm20948databasecontrol.o
    0x00004ae6   0x00004ae6   0x00000002   PAD
    0x00004ae8   0x00004ae8   0x000000ac   Code   RO         4466    i.inv_icm20948_ctrl_set_accel_cal_params  icm20948databasecontrol.o
    0x00004b94   0x00004b94   0x00000048   Code   RO         4467    i.inv_icm20948_ctrl_set_accel_quaternion_gain  icm20948databasecontrol.o
    0x00004bdc   0x00004bdc   0x00000012   Code   RO         4468    i.inv_icm20948_ctrl_set_batch_mode_status  icm20948databasecontrol.o
    0x00004bee   0x00004bee   0x000000fe   Code   RO         4470    i.inv_icm20948_ctrl_set_batch_timeout_ms  icm20948databasecontrol.o
    0x00004cec   0x00004cec   0x0000002c   Code   RO         4471    i.inv_icm20948_ctrl_set_gyr_bias  icm20948databasecontrol.o
    0x00004d18   0x00004d18   0x0000002c   Code   RO         4472    i.inv_icm20948_ctrl_set_mag_bias  icm20948databasecontrol.o
    0x00004d44   0x00004d44   0x0000001c   Code   RO         5326    i.inv_icm20948_dmp_get_6quaternion  icm20948mpufifocontrol.o
    0x00004d60   0x00004d60   0x0000001c   Code   RO         5327    i.inv_icm20948_dmp_get_9quaternion  icm20948mpufifocontrol.o
    0x00004d7c   0x00004d7c   0x0000001c   Code   RO         5328    i.inv_icm20948_dmp_get_accel  icm20948mpufifocontrol.o
    0x00004d98   0x00004d98   0x0000001c   Code   RO         5329    i.inv_icm20948_dmp_get_bac_state  icm20948mpufifocontrol.o
    0x00004db4   0x00004db4   0x0000001c   Code   RO         5330    i.inv_icm20948_dmp_get_bac_ts  icm20948mpufifocontrol.o
    0x00004dd0   0x00004dd0   0x0000001c   Code   RO         5331    i.inv_icm20948_dmp_get_calibrated_compass  icm20948mpufifocontrol.o
    0x00004dec   0x00004dec   0x00000038   Code   RO         5332    i.inv_icm20948_dmp_get_calibrated_gyro  icm20948mpufifocontrol.o
    0x00004e24   0x00004e24   0x0000001c   Code   RO         5333    i.inv_icm20948_dmp_get_flip_pickup_state  icm20948mpufifocontrol.o
    0x00004e40   0x00004e40   0x0000001c   Code   RO         5334    i.inv_icm20948_dmp_get_gmrvquaternion  icm20948mpufifocontrol.o
    0x00004e5c   0x00004e5c   0x0000001c   Code   RO         5335    i.inv_icm20948_dmp_get_gyro_bias  icm20948mpufifocontrol.o
    0x00004e78   0x00004e78   0x0000001c   Code   RO         5336    i.inv_icm20948_dmp_get_raw_compass  icm20948mpufifocontrol.o
    0x00004e94   0x00004e94   0x0000002c   Code   RO         5337    i.inv_icm20948_dmp_get_raw_gyro  icm20948mpufifocontrol.o
    0x00004ec0   0x00004ec0   0x00000034   Code   RO         5557    i.inv_icm20948_enable_batch_timeout  icm20948setup.o
    0x00004ef4   0x00004ef4   0x00000072   Code   RO         4656    i.inv_icm20948_enable_hw_sensors  icm20948databasedriver.o
    0x00004f66   0x00004f66   0x0000003a   Code   RO         5558    i.inv_icm20948_enable_sensor  icm20948setup.o
    0x00004fa0   0x00004fa0   0x0000001a   Code   RO         4657    i.inv_icm20948_enter_duty_cycle_mode  icm20948databasedriver.o
    0x00004fba   0x00004fba   0x0000001a   Code   RO         4658    i.inv_icm20948_enter_low_noise_mode  icm20948databasedriver.o
    0x00004fd4   0x00004fd4   0x0000005a   Code   RO         4370    i.inv_icm20948_execute_read_secondary  icm20948auxtransport.o
    0x0000502e   0x0000502e   0x0000004c   Code   RO         4371    i.inv_icm20948_execute_write_secondary  icm20948auxtransport.o
    0x0000507a   0x0000507a   0x00000002   PAD
    0x0000507c   0x0000507c   0x0000008c   Code   RO         5339    i.inv_icm20948_fifo_pop  icm20948mpufifocontrol.o
    0x00005108   0x00005108   0x00000058   Code   RO         5340    i.inv_icm20948_fifo_swmirror  icm20948mpufifocontrol.o
    0x00005160   0x00005160   0x000000d4   Code   RO         5305    i.inv_icm20948_firmware_load  icm20948loadfirmware.o
    0x00005234   0x00005234   0x0000000c   Code   RO         5341    i.inv_icm20948_get_accel_accuracy  icm20948mpufifocontrol.o
    0x00005240   0x00005240   0x00000008   Code   RO         4659    i.inv_icm20948_get_accel_divider  icm20948databasedriver.o
    0x00005248   0x00005248   0x00000008   Code   RO         4660    i.inv_icm20948_get_accel_fullscale  icm20948databasedriver.o
    0x00005250   0x00005250   0x000000b6   Code   RO         5559    i.inv_icm20948_get_bias  icm20948setup.o
    0x00005306   0x00005306   0x00000006   Code   RO         4661    i.inv_icm20948_get_chip_power_state  icm20948databasedriver.o
    0x0000530c   0x0000530c   0x00000008   Code   RO         4662    i.inv_icm20948_get_compass_availability  icm20948databasedriver.o
    0x00005314   0x00005314   0x00000008   Code   RO         5108    i.inv_icm20948_get_dmp_start_address  icm20948dmp3driver.o
    0x0000531c   0x0000531c   0x0000009e   Code   RO         5560    i.inv_icm20948_get_fsr  icm20948setup.o
    0x000053ba   0x000053ba   0x00000002   PAD
    0x000053bc   0x000053bc   0x0000000c   Code   RO         5342    i.inv_icm20948_get_gmrv_accuracy  icm20948mpufifocontrol.o
    0x000053c8   0x000053c8   0x0000000c   Code   RO         5343    i.inv_icm20948_get_gyro_accuracy  icm20948mpufifocontrol.o
    0x000053d4   0x000053d4   0x00000006   Code   RO         4663    i.inv_icm20948_get_gyro_divider  icm20948databasedriver.o
    0x000053da   0x000053da   0x00000008   Code   RO         4664    i.inv_icm20948_get_gyro_fullscale  icm20948databasedriver.o
    0x000053e2   0x000053e2   0x0000000a   Code   RO         5561    i.inv_icm20948_get_lowpower_or_highperformance  icm20948setup.o
    0x000053ec   0x000053ec   0x00000008   Code   RO         4665    i.inv_icm20948_get_lpen_control  icm20948databasedriver.o
    0x000053f4   0x000053f4   0x0000000c   Code   RO         5344    i.inv_icm20948_get_mag_accuracy  icm20948mpufifocontrol.o
    0x00005400   0x00005400   0x0000000c   Code   RO         5345    i.inv_icm20948_get_rv_accuracy  icm20948mpufifocontrol.o
    0x0000540c   0x0000540c   0x00000006   Code   RO         4668    i.inv_icm20948_get_secondary_divider  icm20948databasedriver.o
    0x00005412   0x00005412   0x00000006   Code   RO            7    i.inv_icm20948_get_time_us  main.o
    0x00005418   0x00005418   0x00000016   Code   RO         5562    i.inv_icm20948_get_whoami  icm20948setup.o
    0x0000542e   0x0000542e   0x00000046   Code   RO         5346    i.inv_icm20948_identify_interrupt  icm20948mpufifocontrol.o
    0x00005474   0x00005474   0x00000060   Code   RO         5563    i.inv_icm20948_init_matrix  icm20948setup.o
    0x000054d4   0x000054d4   0x00000018   Code   RO         5564    i.inv_icm20948_init_scale  icm20948setup.o
    0x000054ec   0x000054ec   0x00000074   Code   RO         4372    i.inv_icm20948_init_secondary  icm20948auxtransport.o
    0x00005560   0x00005560   0x00000042   Code   RO         5565    i.inv_icm20948_init_structure  icm20948setup.o
    0x000055a2   0x000055a2   0x00000038   Code   RO         5566    i.inv_icm20948_initialize  icm20948setup.o
    0x000055da   0x000055da   0x0000001a   Code   RO         5567    i.inv_icm20948_initialize_auxiliary  icm20948setup.o
    0x000055f4   0x000055f4   0x000001bc   Code   RO         4669    i.inv_icm20948_initialize_lower_driver  icm20948databasedriver.o
    0x000057b0   0x000057b0   0x000001fc   Code   RO         5347    i.inv_icm20948_inv_decode_one_ivory_fifo_packet  icm20948mpufifocontrol.o
    0x000059ac   0x000059ac   0x00000038   Code   RO         5568    i.inv_icm20948_is_streamed_sensor  icm20948setup.o
    0x000059e4   0x000059e4   0x00000016   Code   RO         5569    i.inv_icm20948_load  icm20948setup.o
    0x000059fa   0x000059fa   0x00000016   Code   RO         5109    i.inv_icm20948_load_firmware  icm20948dmp3driver.o
    0x00005a10   0x00005a10   0x00000104   Code   RO         4893    i.inv_icm20948_math_atan2_q15_fxp  icm20948dataconverter.o
    0x00005b14   0x00005b14   0x0000003a   Code   RO         5348    i.inv_icm20948_mpu_set_FIFO_RST_Diamond  icm20948mpufifocontrol.o
    0x00005b4e   0x00005b4e   0x00000002   PAD
    0x00005b50   0x00005b50   0x00000d00   Code   RO         5570    i.inv_icm20948_poll_sensor  icm20948setup.o
    0x00006850   0x00006850   0x00000008   Code   RO         4670    i.inv_icm20948_prevent_lpen_control  icm20948databasedriver.o
    0x00006858   0x00006858   0x000000b2   Code   RO         4894    i.inv_icm20948_q_mult_q_qi  icm20948dataconverter.o
    0x0000690a   0x0000690a   0x0000013e   Code   RO         5719    i.inv_icm20948_read_mems  icm20948transport.o
    0x00006a48   0x00006a48   0x000000ea   Code   RO         5720    i.inv_icm20948_read_mems_reg  icm20948transport.o
    0x00006b32   0x00006b32   0x00000038   Code   RO         5721    i.inv_icm20948_read_reg  icm20948transport.o
    0x00006b6a   0x00006b6a   0x00000068   Code   RO         4373    i.inv_icm20948_read_secondary  icm20948auxtransport.o
    0x00006bd2   0x00006bd2   0x0000003e   Code   RO         4299    i.inv_icm20948_register_aux_compass  icm20948auxcompassakm.o
    0x00006c10   0x00006c10   0x00000070   Code   RO         4300    i.inv_icm20948_resume_akm  icm20948auxcompassakm.o
    0x00006c80   0x00006c80   0x000000c0   Code   RO         5514    i.inv_icm20948_run_selftest  icm20948selftest.o
    0x00006d40   0x00006d40   0x00000018   Code   RO         4374    i.inv_icm20948_secondary_disable_i2c  icm20948auxtransport.o
    0x00006d58   0x00006d58   0x00000018   Code   RO         4375    i.inv_icm20948_secondary_enable_i2c  icm20948auxtransport.o
    0x00006d70   0x00006d70   0x00000030   Code   RO         4378    i.inv_icm20948_secondary_set_odr  icm20948auxtransport.o
    0x00006da0   0x00006da0   0x0000001a   Code   RO         4379    i.inv_icm20948_secondary_stop_channel  icm20948auxtransport.o
    0x00006dba   0x00006dba   0x000000a0   Code   RO         5571    i.inv_icm20948_sensor_android_2_sensor_type  icm20948setup.o
    0x00006e5a   0x00006e5a   0x00000028   Code   RO         4671    i.inv_icm20948_set_accel_divider  icm20948databasedriver.o
    0x00006e82   0x00006e82   0x00000034   Code   RO         4672    i.inv_icm20948_set_accel_fullscale  icm20948databasedriver.o
    0x00006eb6   0x00006eb6   0x000000b6   Code   RO         5572    i.inv_icm20948_set_bias  icm20948setup.o
    0x00006f6c   0x00006f6c   0x000000e0   Code   RO         4673    i.inv_icm20948_set_chip_power_state  icm20948databasedriver.o
    0x0000704c   0x0000704c   0x00000010   Code   RO         4895    i.inv_icm20948_set_chip_to_body  icm20948dataconverter.o
    0x0000705c   0x0000705c   0x000000e8   Code   RO         4896    i.inv_icm20948_set_chip_to_body_axis_quaternion  icm20948dataconverter.o
    0x00007144   0x00007144   0x00000038   Code   RO         4674    i.inv_icm20948_set_dmp_address  icm20948databasedriver.o
    0x0000717c   0x0000717c   0x000000a0   Code   RO         5573    i.inv_icm20948_set_fsr  icm20948setup.o
    0x0000721c   0x0000721c   0x00000018   Code   RO         4675    i.inv_icm20948_set_gyro_divider  icm20948databasedriver.o
    0x00007234   0x00007234   0x00000024   Code   RO         4676    i.inv_icm20948_set_gyro_fullscale  icm20948databasedriver.o
    0x00007258   0x00007258   0x00000154   Code   RO         4677    i.inv_icm20948_set_gyro_sf  icm20948databasedriver.o
    0x000073ac   0x000073ac   0x000000d8   Code   RO         4678    i.inv_icm20948_set_icm20948_accel_fullscale  icm20948databasedriver.o
    0x00007484   0x00007484   0x000000d4   Code   RO         4679    i.inv_icm20948_set_icm20948_gyro_fullscale  icm20948databasedriver.o
    0x00007558   0x00007558   0x0000001e   Code   RO         5574    i.inv_icm20948_set_lowpower_or_highperformance  icm20948setup.o
    0x00007576   0x00007576   0x00000002   PAD
    0x00007578   0x00007578   0x000000d4   Code   RO         5575    i.inv_icm20948_set_matrix  icm20948setup.o
    0x0000764c   0x0000764c   0x000002dc   Code   RO         4473    i.inv_icm20948_set_odr  icm20948databasecontrol.o
    0x00007928   0x00007928   0x00000038   Code   RO         4681    i.inv_icm20948_set_secondary  icm20948databasedriver.o
    0x00007960   0x00007960   0x0000001a   Code   RO         4682    i.inv_icm20948_set_secondary_divider  icm20948databasedriver.o
    0x0000797a   0x0000797a   0x0000004e   Code   RO         5576    i.inv_icm20948_set_sensor_period  icm20948setup.o
    0x000079c8   0x000079c8   0x0000004a   Code   RO         4684    i.inv_icm20948_set_slave_compass_id  icm20948databasedriver.o
    0x00007a12   0x00007a12   0x00000002   PAD
    0x00007a14   0x00007a14   0x000000a8   Code   RO         4301    i.inv_icm20948_setup_compass_akm  icm20948auxcompassakm.o
    0x00007abc   0x00007abc   0x00000010   Code   RO         5722    i.inv_icm20948_sleep_100us  icm20948transport.o
    0x00007acc   0x00007acc   0x00000026   Code   RO         4685    i.inv_icm20948_sleep_mems  icm20948databasedriver.o
    0x00007af2   0x00007af2   0x0000000c   Code   RO            8    i.inv_icm20948_sleep_us  main.o
    0x00007afe   0x00007afe   0x00000002   PAD
    0x00007b00   0x00007b00   0x00000020   Code   RO         5577    i.inv_icm20948_soft_reset  icm20948setup.o
    0x00007b20   0x00007b20   0x0000003a   Code   RO         4302    i.inv_icm20948_suspend_akm  icm20948auxcompassakm.o
    0x00007b5a   0x00007b5a   0x0000000e   Code   RO         5723    i.inv_icm20948_transport_init  icm20948transport.o
    0x00007b68   0x00007b68   0x000001ec   Code   RO         5578    i.inv_icm20948_updateTs  icm20948setup.o
    0x00007d54   0x00007d54   0x0000006c   Code   RO         4686    i.inv_icm20948_wakeup_mems  icm20948databasedriver.o
    0x00007dc0   0x00007dc0   0x000000d2   Code   RO         5724    i.inv_icm20948_write_mems  icm20948transport.o
    0x00007e92   0x00007e92   0x0000009e   Code   RO         5725    i.inv_icm20948_write_mems_reg  icm20948transport.o
    0x00007f30   0x00007f30   0x0000003a   Code   RO         5726    i.inv_icm20948_write_reg  icm20948transport.o
    0x00007f6a   0x00007f6a   0x0000007c   Code   RO         4380    i.inv_icm20948_write_secondary  icm20948auxtransport.o
    0x00007fe6   0x00007fe6   0x00000074   Code   RO         5727    i.inv_icm20948_write_single_mems_reg  icm20948transport.o
    0x0000805a   0x0000805a   0x0000002a   Code   RO         5728    i.inv_icm20948_write_single_mems_reg_core  icm20948transport.o
    0x00008084   0x00008084   0x00000060   Code   RO         4474    i.inv_reGenerate_sensorControl  icm20948databasecontrol.o
    0x000080e4   0x000080e4   0x00000116   Code   RO         5515    i.inv_recover_setting  icm20948selftest.o
    0x000081fa   0x000081fa   0x00000002   PAD
    0x000081fc   0x000081fc   0x00000068   Code   RO         4897    i.inv_rotation_to_quaternion  icm20948dataconverter.o
    0x00008264   0x00008264   0x00000108   Code   RO         5516    i.inv_save_setting  icm20948selftest.o
    0x0000836c   0x0000836c   0x0000007a   Code   RO         5517    i.inv_selftest_read_samples  icm20948selftest.o
    0x000083e6   0x000083e6   0x00000058   Code   RO         5729    i.inv_set_bank      icm20948transport.o
    0x0000843e   0x0000843e   0x00000002   PAD
    0x00008440   0x00008440   0x00000390   Code   RO         4475    i.inv_set_hw_smplrt_dmp_odrs  icm20948databasecontrol.o
    0x000087d0   0x000087d0   0x00000140   Code   RO         5518    i.inv_setup_selftest  icm20948selftest.o
    0x00008910   0x00008910   0x00000046   Code   RO         2390    i.invalid_packets_omit  nrf_log_frontend.o
    0x00008956   0x00008956   0x000000d4   Code   RO         4898    i.invn_convert_inv_sqrt_q15_fxp  icm20948dataconverter.o
    0x00008a2a   0x00008a2a   0x00000044   Code   RO         4899    i.invn_convert_inverse_q15_fxp  icm20948dataconverter.o
    0x00008a6e   0x00008a6e   0x00000010   Code   RO         4900    i.invn_convert_mult_q15_fxp  icm20948dataconverter.o
    0x00008a7e   0x00008a7e   0x00000012   Code   RO         4901    i.invn_convert_mult_q29_fxp  icm20948dataconverter.o
    0x00008a90   0x00008a90   0x00000018   Code   RO         4902    i.invn_convert_quat_invert_fxp  icm20948dataconverter.o
    0x00008aa8   0x00008aa8   0x000000b2   Code   RO         4903    i.invn_convert_quat_mult_fxp  icm20948dataconverter.o
    0x00008b5a   0x00008b5a   0x00000002   PAD
    0x00008b5c   0x00008b5c   0x000000cc   Code   RO         2391    i.log_skip          nrf_log_frontend.o
    0x00008c28   0x00008c28   0x00000104   Code   RO            9    i.main              main.o
    0x00008d2c   0x00008d2c   0x000000ca   Code   RO         1989    i.memobj_op         nrf_memobj.o
    0x00008df6   0x00008df6   0x00000002   PAD
    0x00008df8   0x00008df8   0x00000038   Code   RO         2392    i.module_idx_get    nrf_log_frontend.o
    0x00008e30   0x00008e30   0x00000030   Code   RO         3002    i.my_serif_open_read_reg  imu.o
    0x00008e60   0x00008e60   0x00000030   Code   RO         3003    i.my_serif_open_write_reg  imu.o
    0x00008e90   0x00008e90   0x0000005c   Code   RO         5909    i.nrf52_errata_108  system_nrf52.o
    0x00008eec   0x00008eec   0x0000005c   Code   RO         5921    i.nrf52_errata_12   system_nrf52.o
    0x00008f48   0x00008f48   0x0000005c   Code   RO         5932    i.nrf52_errata_136  system_nrf52.o
    0x00008fa4   0x00008fa4   0x00000040   Code   RO         5951    i.nrf52_errata_16   system_nrf52.o
    0x00008fe4   0x00008fe4   0x00000040   Code   RO         5968    i.nrf52_errata_182  system_nrf52.o
    0x00009024   0x00009024   0x0000005c   Code   RO         6022    i.nrf52_errata_31   system_nrf52.o
    0x00009080   0x00009080   0x00000040   Code   RO         6023    i.nrf52_errata_32   system_nrf52.o
    0x000090c0   0x000090c0   0x0000005c   Code   RO         6027    i.nrf52_errata_36   system_nrf52.o
    0x0000911c   0x0000911c   0x00000040   Code   RO         6028    i.nrf52_errata_37   system_nrf52.o
    0x0000915c   0x0000915c   0x00000040   Code   RO         6044    i.nrf52_errata_57   system_nrf52.o
    0x0000919c   0x0000919c   0x0000005c   Code   RO         6050    i.nrf52_errata_66   system_nrf52.o
    0x000091f8   0x000091f8   0x0000000e   Code   RO         1718    i.nrf_atomic_flag_clear_fetch  nrf_atomic.o
    0x00009206   0x00009206   0x0000000e   Code   RO         1719    i.nrf_atomic_flag_set  nrf_atomic.o
    0x00009214   0x00009214   0x00000016   Code   RO         1721    i.nrf_atomic_u32_add  nrf_atomic.o
    0x0000922a   0x0000922a   0x00000016   Code   RO         1725    i.nrf_atomic_u32_fetch_and  nrf_atomic.o
    0x00009240   0x00009240   0x00000016   Code   RO         1727    i.nrf_atomic_u32_fetch_store  nrf_atomic.o
    0x00009256   0x00009256   0x00000016   Code   RO         1731    i.nrf_atomic_u32_or  nrf_atomic.o
    0x0000926c   0x0000926c   0x00000016   Code   RO         1733    i.nrf_atomic_u32_sub  nrf_atomic.o
    0x00009282   0x00009282   0x0000004c   Code   RO         1858    i.nrf_balloc_alloc  nrf_balloc.o
    0x000092ce   0x000092ce   0x00000010   Code   RO         1859    i.nrf_balloc_block2idx  nrf_balloc.o
    0x000092de   0x000092de   0x0000002a   Code   RO         1860    i.nrf_balloc_free   nrf_balloc.o
    0x00009308   0x00009308   0x0000000c   Code   RO         1861    i.nrf_balloc_idx2block  nrf_balloc.o
    0x00009314   0x00009314   0x0000003c   Code   RO         1862    i.nrf_balloc_init   nrf_balloc.o
    0x00009350   0x00009350   0x00000050   Code   RO          487    i.nrf_drv_twi_init  nrf_drv_twi.o
    0x000093a0   0x000093a0   0x0000002c   Code   RO           10    i.nrf_drv_twi_tx    main.o
    0x000093cc   0x000093cc   0x0000008c   Code   RO          562    i.nrf_drv_uart_init  nrf_drv_uart.o
    0x00009458   0x00009458   0x0000002a   Code   RO         1905    i.nrf_fprintf       nrf_fprintf.o
    0x00009482   0x00009482   0x0000001c   Code   RO         1906    i.nrf_fprintf_buffer_flush  nrf_fprintf.o
    0x0000949e   0x0000949e   0x000001f0   Code   RO         1946    i.nrf_fprintf_fmt   nrf_fprintf_format.o
    0x0000968e   0x0000968e   0x00000028   Code   RO          839    i.nrf_gpio_cfg      nrfx_twim.o
    0x000096b6   0x000096b6   0x00000028   Code   RO         1061    i.nrf_gpio_cfg      nrfx_uart.o
    0x000096de   0x000096de   0x00000028   Code   RO         1310    i.nrf_gpio_cfg      nrfx_uarte.o
    0x00009706   0x00009706   0x00000018   Code   RO         1062    i.nrf_gpio_cfg_default  nrfx_uart.o
    0x0000971e   0x0000971e   0x00000018   Code   RO         1311    i.nrf_gpio_cfg_default  nrfx_uarte.o
    0x00009736   0x00009736   0x0000001a   Code   RO         1063    i.nrf_gpio_cfg_input  nrfx_uart.o
    0x00009750   0x00009750   0x0000001a   Code   RO         1312    i.nrf_gpio_cfg_input  nrfx_uarte.o
    0x0000976a   0x0000976a   0x00000018   Code   RO         1064    i.nrf_gpio_cfg_output  nrfx_uart.o
    0x00009782   0x00009782   0x00000018   Code   RO         1313    i.nrf_gpio_cfg_output  nrfx_uarte.o
    0x0000979a   0x0000979a   0x00000016   Code   RO          488    i.nrf_gpio_pin_clear  nrf_drv_twi.o
    0x000097b0   0x000097b0   0x00000016   Code   RO          489    i.nrf_gpio_pin_set  nrf_drv_twi.o
    0x000097c6   0x000097c6   0x00000016   Code   RO         1065    i.nrf_gpio_pin_set  nrfx_uart.o
    0x000097dc   0x000097dc   0x00000016   Code   RO         1314    i.nrf_gpio_pin_set  nrfx_uarte.o
    0x000097f2   0x000097f2   0x00000002   PAD
    0x000097f4   0x000097f4   0x00000054   Code   RO         2393    i.nrf_log_backend_add  nrf_log_frontend.o
    0x00009848   0x00009848   0x00000008   Code   RO         2340    i.nrf_log_backend_enable  nrf_log_default_backends.o
    0x00009850   0x00009850   0x00000002   Code   RO         2163    i.nrf_log_backend_rtt_flush  nrf_log_backend_rtt.o
    0x00009852   0x00009852   0x00000008   Code   RO         2164    i.nrf_log_backend_rtt_init  nrf_log_backend_rtt.o
    0x0000985a   0x0000985a   0x00000002   Code   RO         2165    i.nrf_log_backend_rtt_panic_set  nrf_log_backend_rtt.o
    0x0000985c   0x0000985c   0x00000020   Code   RO         2166    i.nrf_log_backend_rtt_put  nrf_log_backend_rtt.o
    0x0000987c   0x0000987c   0x000000f2   Code   RO         2234    i.nrf_log_backend_serial_put  nrf_log_backend_serial.o
    0x0000996e   0x0000996e   0x00000002   Code   RO         2268    i.nrf_log_backend_uart_flush  nrf_log_backend_uart.o
    0x00009970   0x00009970   0x0000000c   Code   RO         2269    i.nrf_log_backend_uart_init  nrf_log_backend_uart.o
    0x0000997c   0x0000997c   0x00000038   Code   RO         2270    i.nrf_log_backend_uart_panic_set  nrf_log_backend_uart.o
    0x000099b4   0x000099b4   0x00000020   Code   RO         2271    i.nrf_log_backend_uart_put  nrf_log_backend_uart.o
    0x000099d4   0x000099d4   0x00000038   Code   RO         2395    i.nrf_log_color_id_get  nrf_log_frontend.o
    0x00009a0c   0x00009a0c   0x00000038   Code   RO         2341    i.nrf_log_default_backends_init  nrf_log_default_backends.o
    0x00009a44   0x00009a44   0x00000314   Code   RO         2396    i.nrf_log_frontend_dequeue  nrf_log_frontend.o
    0x00009d58   0x00009d58   0x00000014   Code   RO         2398    i.nrf_log_frontend_std_0  nrf_log_frontend.o
    0x00009d6c   0x00009d6c   0x00000018   Code   RO         2399    i.nrf_log_frontend_std_1  nrf_log_frontend.o
    0x00009d84   0x00009d84   0x000000bc   Code   RO         2589    i.nrf_log_hexdump_entry_process  nrf_log_str_formatter.o
    0x00009e40   0x00009e40   0x00000048   Code   RO         2405    i.nrf_log_init      nrf_log_frontend.o
    0x00009e88   0x00009e88   0x00000014   Code   RO         2406    i.nrf_log_module_cnt_get  nrf_log_frontend.o
    0x00009e9c   0x00009e9c   0x00000024   Code   RO         2410    i.nrf_log_module_name_get  nrf_log_frontend.o
    0x00009ec0   0x00009ec0   0x00000034   Code   RO         2411    i.nrf_log_panic     nrf_log_frontend.o
    0x00009ef4   0x00009ef4   0x000000c8   Code   RO         2590    i.nrf_log_std_entry_process  nrf_log_str_formatter.o
    0x00009fbc   0x00009fbc   0x0000007a   Code   RO         1990    i.nrf_memobj_alloc  nrf_memobj.o
    0x0000a036   0x0000a036   0x00000040   Code   RO         1991    i.nrf_memobj_free   nrf_memobj.o
    0x0000a076   0x0000a076   0x00000010   Code   RO         1992    i.nrf_memobj_get    nrf_memobj.o
    0x0000a086   0x0000a086   0x0000000c   Code   RO         1993    i.nrf_memobj_pool_init  nrf_memobj.o
    0x0000a092   0x0000a092   0x0000001e   Code   RO         1994    i.nrf_memobj_put    nrf_memobj.o
    0x0000a0b0   0x0000a0b0   0x00000022   Code   RO         1995    i.nrf_memobj_read   nrf_memobj.o
    0x0000a0d2   0x0000a0d2   0x00000022   Code   RO         1996    i.nrf_memobj_write  nrf_memobj.o
    0x0000a0f4   0x0000a0f4   0x0000001c   Code   RO         2072    i.nrf_ringbuf_init  nrf_ringbuf.o
    0x0000a110   0x0000a110   0x00000008   Code   RO          841    i.nrf_twim_enable   nrfx_twim.o
    0x0000a118   0x0000a118   0x0000000c   Code   RO          842    i.nrf_twim_errorsrc_get_and_clear  nrfx_twim.o
    0x0000a124   0x0000a124   0x0000000e   Code   RO          843    i.nrf_twim_event_check  nrfx_twim.o
    0x0000a132   0x0000a132   0x0000000e   Code   RO          844    i.nrf_twim_event_clear  nrfx_twim.o
    0x0000a140   0x0000a140   0x00000006   Code   RO          845    i.nrf_twim_int_disable  nrfx_twim.o
    0x0000a146   0x0000a146   0x00000006   Code   RO          846    i.nrf_twim_int_enable  nrfx_twim.o
    0x0000a14c   0x0000a14c   0x0000000c   Code   RO          847    i.nrf_twim_rx_buffer_set  nrfx_twim.o
    0x0000a158   0x0000a158   0x0000000a   Code   RO          848    i.nrf_twim_rxd_amount_get  nrfx_twim.o
    0x0000a162   0x0000a162   0x00000006   Code   RO          849    i.nrf_twim_shorts_set  nrfx_twim.o
    0x0000a168   0x0000a168   0x00000006   Code   RO          850    i.nrf_twim_task_trigger  nrfx_twim.o
    0x0000a16e   0x0000a16e   0x0000000c   Code   RO          851    i.nrf_twim_tx_buffer_set  nrfx_twim.o
    0x0000a17a   0x0000a17a   0x0000000a   Code   RO          852    i.nrf_twim_txd_amount_get  nrfx_twim.o
    0x0000a184   0x0000a184   0x0000000c   Code   RO         1066    i.nrf_uart_errorsrc_get_and_clear  nrfx_uart.o
    0x0000a190   0x0000a190   0x0000000e   Code   RO         1067    i.nrf_uart_event_check  nrfx_uart.o
    0x0000a19e   0x0000a19e   0x0000000e   Code   RO         1068    i.nrf_uart_event_clear  nrfx_uart.o
    0x0000a1ac   0x0000a1ac   0x0000000a   Code   RO         1069    i.nrf_uart_hwfc_pins_set  nrfx_uart.o
    0x0000a1b6   0x0000a1b6   0x00000006   Code   RO         1070    i.nrf_uart_int_disable  nrfx_uart.o
    0x0000a1bc   0x0000a1bc   0x00000006   Code   RO         1071    i.nrf_uart_int_enable  nrfx_uart.o
    0x0000a1c2   0x0000a1c2   0x00000012   Code   RO         1072    i.nrf_uart_int_enable_check  nrfx_uart.o
    0x0000a1d4   0x0000a1d4   0x00000006   Code   RO         1073    i.nrf_uart_task_trigger  nrfx_uart.o
    0x0000a1da   0x0000a1da   0x0000000a   Code   RO         1074    i.nrf_uart_txrx_pins_set  nrfx_uart.o
    0x0000a1e4   0x0000a1e4   0x0000000c   Code   RO         1315    i.nrf_uarte_errorsrc_get_and_clear  nrfx_uarte.o
    0x0000a1f0   0x0000a1f0   0x0000000e   Code   RO         1316    i.nrf_uarte_event_check  nrfx_uarte.o
    0x0000a1fe   0x0000a1fe   0x0000000e   Code   RO         1317    i.nrf_uarte_event_clear  nrfx_uarte.o
    0x0000a20c   0x0000a20c   0x0000000c   Code   RO         1318    i.nrf_uarte_hwfc_pins_set  nrfx_uarte.o
    0x0000a218   0x0000a218   0x00000006   Code   RO         1319    i.nrf_uarte_int_disable  nrfx_uarte.o
    0x0000a21e   0x0000a21e   0x00000006   Code   RO         1320    i.nrf_uarte_int_enable  nrfx_uarte.o
    0x0000a224   0x0000a224   0x0000000a   Code   RO         1321    i.nrf_uarte_rx_amount_get  nrfx_uarte.o
    0x0000a22e   0x0000a22e   0x0000000c   Code   RO         1322    i.nrf_uarte_shorts_disable  nrfx_uarte.o
    0x0000a23a   0x0000a23a   0x00000006   Code   RO         1323    i.nrf_uarte_task_trigger  nrfx_uarte.o
    0x0000a240   0x0000a240   0x0000000a   Code   RO         1324    i.nrf_uarte_tx_amount_get  nrfx_uarte.o
    0x0000a24a   0x0000a24a   0x0000000e   Code   RO         1325    i.nrf_uarte_txrx_pins_set  nrfx_uarte.o
    0x0000a258   0x0000a258   0x00000018   Code   RO           11    i.nrfx_coredep_delay_us  main.o
    0x0000a270   0x0000a270   0x00000018   Code   RO          490    i.nrfx_coredep_delay_us  nrf_drv_twi.o
    0x0000a288   0x0000a288   0x00000008   Code   RO          853    i.nrfx_get_irq_number  nrfx_twim.o
    0x0000a290   0x0000a290   0x00000008   Code   RO         1075    i.nrfx_get_irq_number  nrfx_uart.o
    0x0000a298   0x0000a298   0x00000008   Code   RO         1326    i.nrfx_get_irq_number  nrfx_uarte.o
    0x0000a2a0   0x0000a2a0   0x00000014   Code   RO          854    i.nrfx_is_in_ram    nrfx_twim.o
    0x0000a2b4   0x0000a2b4   0x00000014   Code   RO         1327    i.nrfx_is_in_ram    nrfx_uarte.o
    0x0000a2c8   0x0000a2c8   0x00000048   Code   RO          757    i.nrfx_prs_acquire  nrfx_prs.o
    0x0000a310   0x0000a310   0x00000016   Code   RO          758    i.nrfx_prs_release  nrfx_prs.o
    0x0000a326   0x0000a326   0x00000002   PAD
    0x0000a328   0x0000a328   0x00000028   Code   RO          856    i.nrfx_twim_enable  nrfx_twim.o
    0x0000a350   0x0000a350   0x00000128   Code   RO          857    i.nrfx_twim_init    nrfx_twim.o
    0x0000a478   0x0000a478   0x00000030   Code   RO          859    i.nrfx_twim_rx      nrfx_twim.o
    0x0000a4a8   0x0000a4a8   0x0000003e   Code   RO          862    i.nrfx_twim_tx      nrfx_twim.o
    0x0000a4e6   0x0000a4e6   0x00000002   PAD
    0x0000a4e8   0x0000a4e8   0x00000034   Code   RO          864    i.nrfx_twim_xfer    nrfx_twim.o
    0x0000a51c   0x0000a51c   0x00000014   Code   RO         1076    i.nrfx_uart_0_irq_handler  nrfx_uart.o
    0x0000a530   0x0000a530   0x00000088   Code   RO         1078    i.nrfx_uart_init    nrfx_uart.o
    0x0000a5b8   0x0000a5b8   0x0000008c   Code   RO         1084    i.nrfx_uart_tx      nrfx_uart.o
    0x0000a644   0x0000a644   0x00000024   Code   RO         1086    i.nrfx_uart_tx_in_progress  nrfx_uart.o
    0x0000a668   0x0000a668   0x00000044   Code   RO         1087    i.nrfx_uart_uninit  nrfx_uart.o
    0x0000a6ac   0x0000a6ac   0x00000014   Code   RO         1328    i.nrfx_uarte_0_irq_handler  nrfx_uarte.o
    0x0000a6c0   0x0000a6c0   0x00000080   Code   RO         1330    i.nrfx_uarte_init   nrfx_uarte.o
    0x0000a740   0x0000a740   0x000000c0   Code   RO         1334    i.nrfx_uarte_tx     nrfx_uarte.o
    0x0000a800   0x0000a800   0x00000020   Code   RO         1336    i.nrfx_uarte_tx_in_progress  nrfx_uarte.o
    0x0000a820   0x0000a820   0x00000094   Code   RO         1337    i.nrfx_uarte_uninit  nrfx_uarte.o
    0x0000a8b4   0x0000a8b4   0x00000078   Code   RO         1088    i.pins_to_default   nrfx_uart.o
    0x0000a92c   0x0000a92c   0x0000007e   Code   RO         1338    i.pins_to_default   nrfx_uarte.o
    0x0000a9aa   0x0000a9aa   0x00000002   PAD
    0x0000a9ac   0x0000a9ac   0x00000048   Code   RO         2592    i.postfix_process   nrf_log_str_formatter.o
    0x0000a9f4   0x0000a9f4   0x000000a4   Code   RO         2593    i.prefix_process    nrf_log_str_formatter.o
    0x0000aa98   0x0000aa98   0x00000018   Code   RO          759    i.prs_box_get       nrfx_prs.o
    0x0000aab0   0x0000aab0   0x0000003e   Code   RO         1089    i.rx_byte           nrfx_uart.o
    0x0000aaee   0x0000aaee   0x0000001c   Code   RO         1090    i.rx_done_event     nrfx_uart.o
    0x0000ab0a   0x0000ab0a   0x0000001c   Code   RO         1339    i.rx_done_event     nrfx_uarte.o
    0x0000ab26   0x0000ab26   0x00000002   Code   RO           12    i.sensor_event_cb   main.o
    0x0000ab28   0x0000ab28   0x00000044   Code   RO         4476    i.sensor_needs_bac_algo  icm20948databasecontrol.o
    0x0000ab6c   0x0000ab6c   0x0000003e   Code   RO         4477    i.sensor_needs_compass  icm20948databasecontrol.o
    0x0000abaa   0x0000abaa   0x00000072   Code   RO         5579    i.sensor_type_2_android_sensor  icm20948setup.o
    0x0000ac1c   0x0000ac1c   0x00000084   Code   RO         2167    i.serial_tx         nrf_log_backend_rtt.o
    0x0000aca0   0x0000aca0   0x00000080   Code   RO         2272    i.serial_tx         nrf_log_backend_uart.o
    0x0000ad20   0x0000ad20   0x0000002c   Code   RO         5580    i.skip_sensor       icm20948setup.o
    0x0000ad4c   0x0000ad4c   0x00000064   Code   RO         2413    i.std_header_set    nrf_log_frontend.o
    0x0000adb0   0x0000adb0   0x00000070   Code   RO         2414    i.std_n             nrf_log_frontend.o
    0x0000ae20   0x0000ae20   0x00000074   Code   RO         1947    i.string_print      nrf_fprintf_format.o
    0x0000ae94   0x0000ae94   0x00000002   Code   RO         2594    i.timestamp_print   nrf_log_str_formatter.o
    0x0000ae96   0x0000ae96   0x00000002   PAD
    0x0000ae98   0x0000ae98   0x00000098   Code   RO          491    i.twi_clear_bus     nrf_drv_twi.o
    0x0000af30   0x0000af30   0x000000ac   Code   RO           13    i.twi_handler       main.o
    0x0000afdc   0x0000afdc   0x00000044   Code   RO           14    i.twi_init          main.o
    0x0000b020   0x0000b020   0x00000024   Code   RO          865    i.twi_process_error  nrfx_twim.o
    0x0000b044   0x0000b044   0x00000048   Code   RO          493    i.twim_evt_handler  nrf_drv_twi.o
    0x0000b08c   0x0000b08c   0x000001e8   Code   RO          866    i.twim_irq_handler  nrfx_twim.o
    0x0000b274   0x0000b274   0x00000330   Code   RO          867    i.twim_xfer         nrfx_twim.o
    0x0000b5a4   0x0000b5a4   0x00000036   Code   RO         1092    i.tx_blocking       nrfx_uart.o
    0x0000b5da   0x0000b5da   0x00000026   Code   RO         1093    i.tx_byte           nrfx_uart.o
    0x0000b600   0x0000b600   0x00000020   Code   RO         1094    i.tx_done_event     nrfx_uart.o
    0x0000b620   0x0000b620   0x00000020   Code   RO         1340    i.tx_done_event     nrfx_uarte.o
    0x0000b640   0x0000b640   0x00000038   Code   RO          563    i.uart_evt_handler  nrf_drv_uart.o
    0x0000b678   0x0000b678   0x0000000c   Code   RO         2273    i.uart_evt_handler  nrf_log_backend_uart.o
    0x0000b684   0x0000b684   0x00000060   Code   RO         2274    i.uart_init         nrf_log_backend_uart.o
    0x0000b6e4   0x0000b6e4   0x0000014e   Code   RO         1095    i.uart_irq_handler  nrfx_uart.o
    0x0000b832   0x0000b832   0x00000002   PAD
    0x0000b834   0x0000b834   0x00000038   Code   RO          564    i.uarte_evt_handler  nrf_drv_uart.o
    0x0000b86c   0x0000b86c   0x00000134   Code   RO         1341    i.uarte_irq_handler  nrfx_uarte.o
    0x0000b9a0   0x0000b9a0   0x000000b8   Code   RO         1948    i.unsigned_print    nrf_fprintf_format.o
    0x0000ba58   0x0000ba58   0x000000a0   Code   RO          868    i.xfer_completeness_check  nrfx_twim.o
    0x0000baf8   0x0000baf8   0x00000008   PAD
    0x0000bb00   0x0000bb00   0x00000048   Data   RO           16    .constdata          main.o
    0x0000bb48   0x0000bb48   0x00000008   PAD
    0x0000bb50   0x0000bb50   0x00000006   Data   RO          494    .constdata          nrf_drv_twi.o
    0x0000bb56   0x0000bb56   0x00000002   PAD
    0x0000bb58   0x0000bb58   0x00000044   Data   RO          870    .constdata          nrfx_twim.o
    0x0000bb9c   0x0000bb9c   0x0000002e   Data   RO         1097    .constdata          nrfx_uart.o
    0x0000bbca   0x0000bbca   0x00000002   PAD
    0x0000bbcc   0x0000bbcc   0x00000030   Data   RO         1343    .constdata          nrfx_uarte.o
    0x0000bbfc   0x0000bbfc   0x00000010   Data   RO         1949    .constdata          nrf_fprintf_format.o
    0x0000bc0c   0x0000bc0c   0x00000004   PAD
    0x0000bc10   0x0000bc10   0x00000016   Data   RO         2169    .constdata          nrf_log_backend_rtt.o
    0x0000bc26   0x0000bc26   0x00000002   PAD
    0x0000bc28   0x0000bc28   0x0000002c   Data   RO         2276    .constdata          nrf_log_backend_uart.o
    0x0000bc54   0x0000bc54   0x0000000c   Data   RO         2416    .constdata          nrf_log_frontend.o
    0x0000bc60   0x0000bc60   0x00000070   Data   RO         3991    .constdata          deviceicm20948.o
    0x0000bcd0   0x0000bcd0   0x0000000c   Data   RO         4304    .constdata          icm20948auxcompassakm.o
    0x0000bcdc   0x0000bcdc   0x00000108   Data   RO         4478    .constdata          icm20948databasecontrol.o
    0x0000bde4   0x0000bde4   0x00000200   Data   RO         5519    .constdata          icm20948selftest.o
    0x0000bfe4   0x0000bfe4   0x0000000c   Data   RO         5581    .constdata          icm20948setup.o
    0x0000bff0   0x0000bff0   0x00000081   Data   RO         7758    .constdata          mc_w.l(ctype_o.o)
    0x0000c071   0x0000c071   0x00000003   PAD
    0x0000c074   0x0000c074   0x00000004   Data   RO         7759    .constdata          mc_w.l(ctype_o.o)
    0x0000c078   0x0000c078   0x00000020   Data   RO         8083    .constdata          m_wm.l(rredf.o)
    0x0000c098   0x0000c098   0x00000066   Data   RO         2595    .conststring        nrf_log_str_formatter.o
    0x0000c0fe   0x0000c0fe   0x00000002   PAD
    0x0000c100   0x0000c100   0x00000004   Data   RO          761    .conststrlit        nrfx_prs.o
    0x0000c104   0x0000c104   0x00000005   Data   RO          871    .conststrlit        nrfx_twim.o
    0x0000c109   0x0000c109   0x00000003   PAD
    0x0000c10c   0x0000c10c   0x00000005   Data   RO         1098    .conststrlit        nrfx_uart.o
    0x0000c111   0x0000c111   0x00000003   PAD
    0x0000c114   0x0000c114   0x00000006   Data   RO         1344    .conststrlit        nrfx_uarte.o
    0x0000c11a   0x0000c11a   0x00000002   PAD
    0x0000c11c   0x0000c11c   0x00000021   Data   RO         2342    .conststrlit        nrf_log_default_backends.o
    0x0000c13d   0x0000c13d   0x00000003   PAD
    0x0000c140   0x0000c140   0x00000004   Data   RO         2417    .conststrlit        nrf_log_frontend.o
    0x0000c144   0x0000c144   0x00000020   Data   RO         8129    Region$$Table       anon$$obj.o
    0x0000c164   0x0000c164   0x00000020   Data   RO         2344    log_backends        nrf_log_default_backends.o
    0x0000c184   0x0000c184   0x00000008   Data   RO          763    log_const_data      nrfx_prs.o
    0x0000c18c   0x0000c18c   0x00000008   Data   RO          872    log_const_data      nrfx_twim.o
    0x0000c194   0x0000c194   0x00000008   Data   RO         1099    log_const_data      nrfx_uart.o
    0x0000c19c   0x0000c19c   0x00000008   Data   RO         1345    log_const_data      nrfx_uarte.o
    0x0000c1a4   0x0000c1a4   0x00000008   Data   RO         2419    log_const_data      nrf_log_frontend.o
    0x0000c1ac   0x0000c1ac   0x00000014   Data   RO         2420    nrf_balloc          nrf_log_frontend.o


    Execution Region RW_IRAM1 (Exec base: 0x20000000, Load base: 0x0000c1c0, Size: 0x00006b90, Max: 0x00010000, ABSOLUTE, COMPRESSED[0x00002878])

    Exec Addr    Load Addr    Size         Type   Attr      Idx    E Section Name        Object

    0x20000000   COMPRESSED   0x000037de   Data   RW           17    .data               main.o
    0x200037de   COMPRESSED   0x00000002   PAD
    0x200037e0   COMPRESSED   0x00000010   Data   RW          495    .data               nrf_drv_twi.o
    0x200037f0   COMPRESSED   0x00000009   Data   RW          565    .data               nrf_drv_uart.o
    0x200037f9   COMPRESSED   0x00000003   PAD
    0x200037fc   COMPRESSED   0x00000008   Data   RW          762    .data               nrfx_prs.o
    0x20003804   COMPRESSED   0x00000004   Data   RW         1632    .data               app_util_platform.o
    0x20003808   COMPRESSED   0x00000001   Data   RW         2170    .data               nrf_log_backend_rtt.o
    0x20003809   COMPRESSED   0x00000003   PAD
    0x2000380c   COMPRESSED   0x00000016   Data   RW         2277    .data               nrf_log_backend_uart.o
    0x20003822   COMPRESSED   0x00000002   PAD
    0x20003824   COMPRESSED   0x00000010   Data   RW         2343    .data               nrf_log_default_backends.o
    0x20003834   COMPRESSED   0x00000014   Data   RW         2418    .data               nrf_log_frontend.o
    0x20003848   COMPRESSED   0x00000040   Data   RW         2596    .data               nrf_log_str_formatter.o
    0x20003888   COMPRESSED   0x00000008   Data   RW         4688    .data               icm20948databasedriver.o
    0x20003890   COMPRESSED   0x00000014   Data   RW         4904    .data               icm20948dataconverter.o
    0x200038a4   COMPRESSED   0x00000002   Data   RW         5110    .data               icm20948dmp3driver.o
    0x200038a6   COMPRESSED   0x00000002   PAD
    0x200038a8   COMPRESSED   0x00000004   Data   RW         5730    .data               icm20948transport.o
    0x200038ac   COMPRESSED   0x00000004   Data   RW         6190    .data               system_nrf52.o
    0x200038b0   COMPRESSED   0x00000004   Data   RW         8109    .data               mc_w.l(errno.o)
    0x200038b4   COMPRESSED   0x00000004   PAD
    0x200038b8        -       0x00000530   Zero   RW           15    .bss                main.o
    0x20003de8        -       0x00000034   Zero   RW          869    .bss                nrfx_twim.o
    0x20003e1c        -       0x0000002c   Zero   RW         1096    .bss                nrfx_uart.o
    0x20003e48        -       0x00000024   Zero   RW         1342    .bss                nrfx_uarte.o
    0x20003e6c        -       0x00000040   Zero   RW         2168    .bss                nrf_log_backend_rtt.o
    0x20003eac        -       0x00000040   Zero   RW         2275    .bss                nrf_log_backend_uart.o
    0x20003eec        -       0x00000578   Zero   RW         2415    .bss                nrf_log_frontend.o
    0x20004464        -       0x00000288   Zero   RW         2676    .bss                segger_rtt.o
    0x200046ec        -       0x000004a4   Zero   RW         5349    .bss                icm20948mpufifocontrol.o
    0x20004b90        -       0x00002000   Zero   RW         5811    STACK               arm_startup_nrf52.o


==============================================================================

Image component sizes


      Code (inc. data)   RO Data    RW Data    ZI Data      Debug   Object Name

        28          0          0          0          0       2553   app_error.o
         0          0          0          0          0        392   app_error_handler_keil.o
       192         46          0          0          0      31009   app_error_weak.o
        64         10          0          4          0       3490   app_util_platform.o
        36          8        512          0       8192        932   arm_startup_nrf52.o
         0          0          0          0          0        524   boards.o
      1880        102        112          0          0      41870   deviceicm20948.o
      1682          4          0          0          0      25341   icm20948augmented.o
      1472         14         12          0          0      10355   icm20948auxcompassakm.o
       632          0          0          0          0       8464   icm20948auxtransport.o
      5286        144        264          0          0      30787   icm20948databasecontrol.o
      2216         22          0          8          0      24928   icm20948databasedriver.o
      3450         66          0         20          0      23462   icm20948dataconverter.o
      2404         18          0          2          0      25443   icm20948dmp3driver.o
       212          0          0          0          0       1413   icm20948loadfirmware.o
      2362        100          0          0       1188      28225   icm20948mpufifocontrol.o
      1508         10        512          0          0       8468   icm20948selftest.o
      5684         94         12          0          0      34772   icm20948setup.o
      1424          0          0          4          0      17935   icm20948transport.o
        96          8          0          0          0       6171   imu.o
       848        148         72      14302       1328     102438   main.o
       364          0          0          0          0       7858   nrf_atomic.o
       206          0          0          0          0       3803   nrf_balloc.o
       372         30          6         16          0      23675   nrf_drv_twi.o
       252         42          0          9          0      17900   nrf_drv_uart.o
        70          0          0          0          0       3625   nrf_fprintf.o
      1030          6         16          0          0       7258   nrf_fprintf_format.o
       176         16         22          1         64       6645   nrf_log_backend_rtt.o
       242          0          0          0          0      11057   nrf_log_backend_serial.o
       338         52         44         22         64      16254   nrf_log_backend_uart.o
        64          8         65         16          0       3953   nrf_log_default_backends.o
      2030        150         44         20       1400      30577   nrf_log_frontend.o
       626        112        102         64          0       6104   nrf_log_str_formatter.o
       514          0          0          0          0       9811   nrf_memobj.o
        28          0          0          0          0       2391   nrf_ringbuf.o
       134         14         12          8          0       5860   nrfx_prs.o
      2238         54         81          0         52      70062   nrfx_twim.o
      1668         54         59          0         44      70815   nrfx_uart.o
      1686         54         62          0         36      32715   nrfx_uarte.o
       470         44          0          0        648       8593   segger_rtt.o
      1552        158          0          4          0      10695   system_nrf52.o
         0          0          0          0          0        372   vsensor.o

    ----------------------------------------------------------------------
     45596       1588       2072      14512      13016     778995   Object Totals
         0          0         32          0          0          0   (incl. Generated)
        60          0         31         12          0          0   (incl. Padding)

    ----------------------------------------------------------------------

      Code (inc. data)   RO Data    RW Data    ZI Data      Debug   Library Member Name

       336         56          0          0          0        136   cosf.o
        38          0          0          0          0        116   fpclassifyf.o
        38         12          0          0          0        348   funder.o
       340         24         32          0          0        160   rredf.o
       400         56          0          0          0        212   sinf.o
        58          0          0          0          0        136   sqrtf.o
        86          0          0          0          0          0   __dczerorl2.o
         8          4        133          0          0         68   ctype_o.o
         0          0          0          0          0          0   entry.o
         0          0          0          0          0          0   entry10a.o
         0          0          0          0          0          0   entry11a.o
         4          0          0          0          0          0   entry12b.o
         8          4          0          0          0          0   entry2.o
         4          0          0          0          0          0   entry5.o
         0          0          0          0          0          0   entry7b.o
         0          0          0          0          0          0   entry8b.o
         8          4          0          0          0          0   entry9a.o
        12          6          0          4          0         68   errno.o
        30          0          0          0          0          0   handlers.o
        36          8          0          0          0         68   init.o
         0          0          0          0          0          0   iusefp.o
        30          0          0          0          0         68   llshl.o
        36          0          0          0          0         68   llsshr.o
        32          0          0          0          0         68   llushr.o
        26          0          0          0          0         80   memcmp.o
        64          0          0          0          0         76   memmovea.o
        36          0          0          0          0        108   memseta.o
        18          0          0          0          0         68   strcpy.o
        14          0          0          0          0         68   strlen.o
        98          0          0          0          0         92   uldiv.o

    ----------------------------------------------------------------------
      1764        174        168          4          4       2008   Library Totals
         4          0          3          0          4          0   (incl. Padding)

    ----------------------------------------------------------------------

      Code (inc. data)   RO Data    RW Data    ZI Data      Debug   Library Name

      1210        148         32          0          0       1108   m_wm.l
       550         26        133          4          0        900   mc_w.l

    ----------------------------------------------------------------------
      1764        174        168          4          4       2008   Library Totals

    ----------------------------------------------------------------------

==============================================================================


      Code (inc. data)   RO Data    RW Data    ZI Data      Debug   

     47360       1762       2240      14516      13020     736475   Grand Totals
     47360       1762       2240      10360      13020     736475   ELF Image Totals (compressed)
     47360       1762       2240      10360          0          0   ROM Totals

==============================================================================

    Total RO  Size (Code + RO Data)                49600 (  48.44kB)
    Total RW  Size (RW Data + ZI Data)             27536 (  26.89kB)
    Total ROM Size (Code + RO Data + RW Data)      59960 (  58.55kB)

==============================================================================

